 MQ2Bandolier

 Timestamp is 5c70fad5 (Sat Feb 23 00:48:37 2019)

 Preferred load address is 04000000

 Start         Length     Name                   Class
 0001:00000000 0003ef02H .text$mn                CODE
 0001:0003ef02 0000003eH .text$x                 CODE
 0002:00000000 00000188H .idata$5                DATA
 0002:00000188 00000004H .00cfg                  DATA
 0002:0000018c 00000004H .CRT$XCA                DATA
 0002:00000190 00000004H .CRT$XCZ                DATA
 0002:00000194 00000004H .CRT$XIA                DATA
 0002:00000198 0000000cH .CRT$XIC                DATA
 0002:000001a4 00000004H .CRT$XIZ                DATA
 0002:000001a8 00000004H .CRT$XPA                DATA
 0002:000001ac 00000008H .CRT$XPX                DATA
 0002:000001b4 00000004H .CRT$XPXA               DATA
 0002:000001b8 00000004H .CRT$XPZ                DATA
 0002:000001bc 00000004H .CRT$XTA                DATA
 0002:000001c0 00000010H .CRT$XTZ                DATA
 0002:000001c4 00000000H .gfids$y                DATA
 0002:000001d0 00007468H .rdata                  DATA
 0002:00007638 000002a0H .rdata$r                DATA
 0002:000078d8 000002d8H .rdata$zzzdbg           DATA
 0002:00007bb0 00000004H .rtc$IAA                DATA
 0002:00007bb4 00000004H .rtc$IZZ                DATA
 0002:00007bb8 00000004H .rtc$TAA                DATA
 0002:00007bbc 00000004H .rtc$TZZ                DATA
 0002:00007bc0 000008b0H .xdata$x                DATA
 0002:00008470 000000b8H .edata                  DATA
 0002:00008528 00000028H .idata$2                DATA
 0002:00008550 00000014H .idata$3                DATA
 0002:00008564 00000188H .idata$4                DATA
 0002:000086ec 00000734H .idata$6                DATA
 0003:00000000 000008b0H .data                   DATA
 0003:000008b0 00000110H .data$r                 DATA
 0003:000009c0 00003aa4H .bss                    DATA
 0004:00000000 00000060H .rsrc$01                DATA
 0004:00000060 00000180H .rsrc$02                DATA

  Address         Publics by Value              Rva+Base       Lib:Object

 0000:00000000       ___dynamic_value_reloc_table 00000000     <absolute>
 0000:00000000       ___safe_se_handler_table   00000000     <absolute>
 0000:00000000       ___hybrid_auxiliary_iat    00000000     <absolute>
 0000:00000000       __except_list              00000000     <absolute>
 0000:00000000       ___hybrid_code_map_count   00000000     <absolute>
 0000:00000000       ___hybrid_code_map         00000000     <absolute>
 0000:00000000       ___volatile_metadata       00000000     <absolute>
 0000:00000000       ___guard_iat_count         00000000     <absolute>
 0000:00000000       ___guard_longjmp_table     00000000     <absolute>
 0000:00000000       ___guard_iat_table         00000000     <absolute>
 0000:00000000       ___guard_fids_table        00000000     <absolute>
 0000:00000000       ___guard_fids_count        00000000     <absolute>
 0000:00000000       ___guard_longjmp_count     00000000     <absolute>
 0000:00000000       ___safe_se_handler_count   00000000     <absolute>
 0000:00000000       ___enclave_config          00000000     <absolute>
 0000:00000100       ___guard_flags             00000100     <absolute>
 0000:00000000       ___ImageBase               04000000     <linker-defined>
 0001:00000000       ?NonBardCasting@@YA_NXZ    04001000 f   MQ2Bandolier.obj
 0001:00000070       ?ItemFind@@YAPAVCItemLocation@@PAV1@PADGG@Z 04001070 f   MQ2Bandolier.obj
 0001:00000240       ?SlotFind@@YAJPAD@Z        04001240 f   MQ2Bandolier.obj
 0001:000002d0       ?CountItemByID@@YAKKGG@Z   040012d0 f   MQ2Bandolier.obj
 0001:00000430       ?PackFind@@YAPAVCItemLocation@@PAV1@PAU_CONTENTS@EQData@@@Z 04001430 f   MQ2Bandolier.obj
 0001:00000550       ?FindSlotForPack@@YAJXZ    04001550 f   MQ2Bandolier.obj
 0001:000005a0       ?FreeSlotForItem@@YAJPAU_CONTENTS@EQData@@@Z 040015a0 f   MQ2Bandolier.obj
 0001:00000720       _DllMain@12                04001720 f   MQ2Bandolier.obj
 0001:00000790       ?CheckForExchange@@YAPAU_MQPlugin@MQ2Internal@@XZ 04001790 f   MQ2Bandolier.obj
 0001:000007d0       ?GetExchangeEntry@@YAP6AXPAD@ZXZ 040017d0 f   MQ2Bandolier.obj
 0001:000007f0       ?GetUnequipEntry@@YAP6AXPAD@ZXZ 040017f0 f   MQ2Bandolier.obj
 0001:00000810       ?FindSlotID@@YAJPAD@Z      04001810 f   MQ2Bandolier.obj
 0001:00000890       ?FindStorage@@YA_NJ@Z      04001890 f   MQ2Bandolier.obj
 0001:00000950       ?CreateSet@@YAXPAU_SPAWNINFO@EQData@@PAD@Z 04001950 f   MQ2Bandolier.obj
 0001:00000a90       ?DeleteSet@@YAXPAU_SPAWNINFO@EQData@@PAD@Z 04001a90 f   MQ2Bandolier.obj
 0001:00000b00       ?EquipSet@@YAXPAU_SPAWNINFO@EQData@@PAD@Z 04001b00 f   MQ2Bandolier.obj
 0001:00000dc0       _doBandolier               04001dc0 f   MQ2Bandolier.obj
 0001:00000de0       _InitializePlugin          04001de0 f   MQ2Bandolier.obj
 0001:00000e30       _ShutdownPlugin            04001e30 f   MQ2Bandolier.obj
 0001:00000e60       _SetGameState              04001e60 f   MQ2Bandolier.obj
 0001:00000ea0       ??$sprintf_s@$0BJ@@@YAHAAY0BJ@DPBDZZ 04001ea0 f i MQ2Bandolier.obj
 0001:00000ed0       ??$sprintf_s@$0IAA@@@YAHAAY0IAA@DPBDZZ 04001ed0 f i MQ2Bandolier.obj
 0001:00000f40       ?StackHasRoom@@YAJPAU_CONTENTS@EQData@@@Z 04001f40 f i MQ2Bandolier.obj
 0001:00000f90       ___local_stdio_printf_options 04001f90 f i MQ2Bandolier.obj
 0001:00000f96       _GetProcAddress@8          04001f96 f   kernel32:KERNEL32.dll
 0001:00000f9c       _GetPrivateProfileStringA@24 04001f9c f   kernel32:KERNEL32.dll
 0001:00000fa2       _WritePrivateProfileStringA@16 04001fa2 f   kernel32:KERNEL32.dll
 0001:00000fa8       ?GetContent@_CONTENTS@EQData@@QAEPAU12@I@Z 04001fa8 f   MQ2Main:MQ2Main.dll
 0001:00000fae       ?IsStackable@EQ_Item@EQClasses@@QAE_NXZ 04001fae f   MQ2Main:MQ2Main.dll
 0001:00000fb4       _WriteChatf                04001fb4 f   MQ2Main:MQ2Main.dll
 0001:00000fba       _AddCommand                04001fba f   MQ2Main:MQ2Main.dll
 0001:00000fc0       _RemoveCommand             04001fc0 f   MQ2Main:MQ2Main.dll
 0001:00000fc6       _DebugSpewAlways           04001fc6 f   MQ2Main:MQ2Main.dll
 0001:00000fcc       _GetArg                    04001fcc f   MQ2Main:MQ2Main.dll
 0001:00000fd2       _GetItemFromContents       04001fd2 f   MQ2Main:MQ2Main.dll
 0001:00000fd8       _MacroError                04001fd8 f   MQ2Main:MQ2Main.dll
 0001:000012fe       __CRT_INIT@12              040022fe f   LIBCMT:dll_dllmain.obj
 0001:00001307       __DllMainCRTStartup@12     04002307 f   LIBCMT:dll_dllmain.obj
 0001:00001377       ___security_init_cookie    04002377 f   LIBCMT:gs_support.obj
 0001:000013c2       ?__scrt_initialize_type_info@@YAXXZ 040023c2 f   LIBCMT:tncleanup.obj
 0001:000013ce       ?__scrt_uninitialize_type_info@@YAXXZ 040023ce f   LIBCMT:tncleanup.obj
 0001:000013da       ___local_stdio_scanf_options 040023da f i LIBCMT:default_local_stdio_options.obj
 0001:000013e0       ___scrt_initialize_default_local_stdio_options 040023e0 f   LIBCMT:default_local_stdio_options.obj
 0001:000013fd       ??$__crt_fast_decode_pointer@PAP6AXXZ@@YAPAP6AXXZQAP6AXXZ@Z 040023fd f i LIBCMT:utility.obj
 0001:00001411       ??$__crt_fast_encode_pointer@PAP6AXXZ@@YAPAP6AXXZQAP6AXXZ@Z 04002411 f i LIBCMT:utility.obj
 0001:0000142e       ?__crt_rotate_pointer_value@@YAIIH@Z 0400242e f i LIBCMT:utility.obj
 0001:0000143b       ?configure_argv@__scrt_narrow_argv_policy@@SAHXZ 0400243b f i LIBCMT:utility.obj
 0001:0000148c       ?initialize_environment@__scrt_narrow_environment_policy@@SAHXZ 0400248c f i LIBCMT:utility.obj
 0001:000014c5       _NtCurrentTeb              040024c5 f i LIBCMT:utility.obj
 0001:000014cc       ___scrt_acquire_startup_lock 040024cc f   LIBCMT:utility.obj
 0001:000014fe       ___scrt_dllmain_after_initialize_c 040024fe f   LIBCMT:utility.obj
 0001:00001529       ___scrt_dllmain_before_initialize_c 04002529 f   LIBCMT:utility.obj
 0001:00001537       ___scrt_dllmain_crt_thread_attach 04002537 f   LIBCMT:utility.obj
 0001:00001556       ___scrt_dllmain_crt_thread_detach 04002556 f   LIBCMT:utility.obj
 0001:00001563       ___scrt_dllmain_exception_filter 04002563 f   LIBCMT:utility.obj
 0001:00001597       ___scrt_dllmain_uninitialize_c 04002597 f   LIBCMT:utility.obj
 0001:000015ba       ___scrt_dllmain_uninitialize_critical 040025ba f   LIBCMT:utility.obj
 0001:000015c7       ___scrt_initialize_crt     040025c7 f   LIBCMT:utility.obj
 0001:00001600       ___scrt_initialize_onexit_tables 04002600 f   LIBCMT:utility.obj
 0001:000016a5       ___scrt_is_nonwritable_in_current_image 040026a5 f   LIBCMT:utility.obj
 0001:00001739       ___scrt_release_startup_lock 04002739 f   LIBCMT:utility.obj
 0001:00001756       ___scrt_uninitialize_crt   04002756 f   LIBCMT:utility.obj
 0001:0000177e       __onexit                   0400277e f   LIBCMT:utility.obj
 0001:000017b9       _at_quick_exit             040027b9 f   LIBCMT:utility.obj
 0001:000017ea       _atexit                    040027ea f   LIBCMT:utility.obj
 0001:000017ff       ___scrt_get_dyn_tls_init_callback 040027ff f   LIBCMT:dyn_tls_init.obj
 0001:00001805       ___scrt_fastfail           04002805 f   LIBCMT:utility_desktop.obj
 0001:0000191f       ___scrt_get_show_window_mode 0400291f f   LIBCMT:utility_desktop.obj
 0001:00001950       ___scrt_initialize_mta     04002950 f   LIBCMT:utility_desktop.obj
 0001:00001955       ___scrt_initialize_winrt   04002955 f   LIBCMT:utility_desktop.obj
 0001:00001958       ___scrt_is_managed_app     04002958 f   LIBCMT:utility_desktop.obj
 0001:0000199b       ___scrt_set_unhandled_exception_filter 0400299b f   LIBCMT:utility_desktop.obj
 0001:000019a7       ___scrt_exe_initialize_mta 040029a7 f   LIBCMT:utility_desktop.obj
 0001:000019a7       ___scrt_stub_for_initialize_mta 040029a7 f   LIBCMT:utility_desktop.obj
 0001:000019aa       ___scrt_unhandled_exception_filter@4 040029aa f   LIBCMT:utility_desktop.obj
 0001:000019eb       __crt_debugger_hook        040029eb f   LIBCMT:utility_desktop.obj
 0001:000019f3       __RTC_Initialize           040029f3 f   LIBCMT:initsect.obj
 0001:00001a1f       __RTC_Terminate            04002a1f f   LIBCMT:initsect.obj
 0001:00001a50       __SEH_prolog4              04002a50 f   LIBCMT:sehprolg4.obj
 0001:00001a96       __SEH_epilog4              04002a96 f   LIBCMT:sehprolg4.obj
 0001:00001aab       @_guard_check_icall_nop@4  04002aab f i LIBCMT:guard_support.obj
 0001:00001aac       _ReadNoFence               04002aac f i LIBCMT:guard_support.obj
 0001:00001ab6       _ReadPointerNoFence        04002ab6 f i LIBCMT:guard_support.obj
 0001:00001ac0       __guard_icall_checks_enforced 04002ac0 f i LIBCMT:guard_support.obj
 0001:00001ad2       ___isa_available_init      04002ad2 f   LIBCMT:cpu_disp.obj
 0001:00001c69       __get_startup_argv_mode    04002c69 f   LIBCMT:argv_mode.obj
 0001:00001c6d       ___scrt_is_ucrt_dll_in_use 04002c6d f   LIBCMT:ucrt_detection.obj
 0001:00001c79       @__security_check_cookie@4 04002c79 f   LIBCMT:secchk.obj
 0001:00001c8a       ___raise_securityfailure   04002c8a f   LIBCMT:gs_report.obj
 0001:00001cb2       ___report_gsfailure        04002cb2 f   LIBCMT:gs_report.obj
 0001:00001dab       ___report_rangecheckfailure 04002dab f   LIBCMT:gs_report.obj
 0001:00001db7       ___report_securityfailure  04002db7 f   LIBCMT:gs_report.obj
 0001:00001e85       ___report_securityfailureEx 04002e85 f   LIBCMT:gs_report.obj
 0001:00001fa0       _memset                    04002fa0 f   libvcruntime:memset.obj
 0001:00002140       __except_handler4          04003140 f   libvcruntime:chandler4.obj
 0001:000022a5       ??$?RD@__crt_internal_free_policy@@QBEXQBD@Z 040032a5 f i libvcruntime:std_type_info.obj
 0001:000022b5       ??$?RX@__crt_internal_free_policy@@QBEXQBX@Z 040032b5 f i libvcruntime:std_type_info.obj
 0001:000022c5       ??$__crt_interlocked_compare_exchange_pointer@$$CBDPAD$$T@@YAPBDPDSBDQAD$$T@Z 040032c5 f i libvcruntime:std_type_info.obj
 0001:000022d7       ??$__crt_interlocked_read_pointer@$$CBD@@YAPBDPDSBD@Z 040032d7 f i libvcruntime:std_type_info.obj
 0001:000022e1       ??0?$__crt_unique_heap_ptr@DU__crt_internal_free_policy@@@@QAE@QAD@Z 040032e1 f i libvcruntime:std_type_info.obj
 0001:000022ef       ??0?$__crt_unique_heap_ptr@XU__crt_internal_free_policy@@@@QAE@QAX@Z 040032ef f i libvcruntime:std_type_info.obj
 0001:000022fd       ??1?$__crt_unique_heap_ptr@DU__crt_internal_free_policy@@@@QAE@XZ 040032fd f i libvcruntime:std_type_info.obj
 0001:0000230d       ??1?$__crt_unique_heap_ptr@XU__crt_internal_free_policy@@@@QAE@XZ 0400330d f i libvcruntime:std_type_info.obj
 0001:00002329       ??B?$__crt_unique_heap_ptr@DU__crt_internal_free_policy@@@@QBE_NXZ 04003329 f i libvcruntime:std_type_info.obj
 0001:00002330       ??B?$__crt_unique_heap_ptr@XU__crt_internal_free_policy@@@@QBE_NXZ 04003330 f i libvcruntime:std_type_info.obj
 0001:00002357       ?__crt_interlocked_read_32@@YAHPDH@Z 04003357 f i libvcruntime:std_type_info.obj
 0001:00002361       ?detach@?$__crt_unique_heap_ptr@XU__crt_internal_free_policy@@@@QAEPAXXZ 04003361 f i libvcruntime:std_type_info.obj
 0001:00002367       ?get@?$__crt_unique_heap_ptr@DU__crt_internal_free_policy@@@@QBEPADXZ 04003367 f i libvcruntime:std_type_info.obj
 0001:0000236a       ?get@?$__crt_unique_heap_ptr@XU__crt_internal_free_policy@@@@QBEPAXXZ 0400336a f i libvcruntime:std_type_info.obj
 0001:0000236d       ?is_valid@?$__crt_unique_heap_ptr@DU__crt_internal_free_policy@@@@QBE_NXZ 0400336d f i libvcruntime:std_type_info.obj
 0001:00002374       ?is_valid@?$__crt_unique_heap_ptr@XU__crt_internal_free_policy@@@@QBE_NXZ 04003374 f i libvcruntime:std_type_info.obj
 0001:0000237b       ?release@?$__crt_unique_heap_ptr@DU__crt_internal_free_policy@@@@QAEXXZ 0400337b f i libvcruntime:std_type_info.obj
 0001:0000238b       ?release@?$__crt_unique_heap_ptr@XU__crt_internal_free_policy@@@@QAEXXZ 0400338b f i libvcruntime:std_type_info.obj
 0001:0000239b       ___std_type_info_compare   0400339b f   libvcruntime:std_type_info.obj
 0001:000023d7       ___std_type_info_destroy_list 040033d7 f   libvcruntime:std_type_info.obj
 0001:000023fa       ___std_type_info_hash      040033fa f   libvcruntime:std_type_info.obj
 0001:00002420       ___std_type_info_name      04003420 f   libvcruntime:std_type_info.obj
 0001:000024e3       ___vcrt_initialize         040034e3 f   libvcruntime:initialization.obj
 0001:0000250c       ___vcrt_thread_attach      0400350c f   libvcruntime:initialization.obj
 0001:00002517       ___vcrt_thread_detach      04003517 f   libvcruntime:initialization.obj
 0001:00002522       ___vcrt_uninitialize       04003522 f   libvcruntime:initialization.obj
 0001:00002541       ___vcrt_uninitialize_critical 04003541 f   libvcruntime:initialization.obj
 0001:00002550       __local_unwind4            04003550 f   libvcruntime:exsup4.obj
 0001:00002628       __seh_longjmp_unwind4@4    04003628 f   libvcruntime:exsup4.obj
 0001:00002650       @_EH4_CallFilterFunc@8     04003650 f   libvcruntime:exsup4.obj
 0001:00002668       @_EH4_TransferToHandler@8  04003668 f   libvcruntime:exsup4.obj
 0001:00002684       @_EH4_GlobalUnwind2@8      04003684 f   libvcruntime:exsup4.obj
 0001:000026a0       @_EH4_LocalUnwind@16       040036a0 f   libvcruntime:exsup4.obj
 0001:000026c2       ___except_validate_context_record 040036c2 f   libvcruntime:jbcxrval.obj
 0001:000026f2       ___except_validate_jump_buffer 040036f2 f   libvcruntime:jbcxrval.obj
 0001:0000271f       ___except_validate_jump_buffer_common 0400371f f i libvcruntime:jbcxrval.obj
 0001:00002758       ??0Block@_HeapManager@@QAE@XZ 04003758 f i libvcruntime:undname.obj
 0001:0000275e       ??0DName@@QAE@AAPBDD@Z     0400375e f   libvcruntime:undname.obj
 0001:00002810       ??0DName@@QAE@ABV0@@Z      04003810 f i libvcruntime:undname.obj
 0001:00002826       ??0DName@@QAE@D@Z          04003826 f   libvcruntime:undname.obj
 0001:0000284b       ??0DName@@QAE@PAV0@@Z      0400384b f   libvcruntime:undname.obj
 0001:00002893       ??0DName@@QAE@PBD@Z        04003893 f   libvcruntime:undname.obj
 0001:000028c6       ??0DName@@QAE@W4DNameStatus@@@Z 040038c6 f   libvcruntime:undname.obj
 0001:00002906       ??0DName@@QAE@XZ           04003906 f i libvcruntime:undname.obj
 0001:00002910       ??0DName@@QAE@_J@Z         04003910 f   libvcruntime:undname.obj
 0001:0000299c       ??0DName@@QAE@_K@Z         0400399c f   libvcruntime:undname.obj
 0001:00002a02       ??0DNameNode@@IAE@XZ       04003a02 f i libvcruntime:undname.obj
 0001:00002a0b       ??0Replicator@@QAE@XZ      04003a0b f i libvcruntime:undname.obj
 0001:00002a1a       ??0UnDecorator@@QAE@PBDP6APADJ@ZK@Z 04003a1a f i libvcruntime:undname.obj
 0001:00002a66       ??0charNode@@QAE@D@Z       04003a66 f i libvcruntime:undname.obj
 0001:00002a7b       ??0pDNameNode@@QAE@PAVDName@@@Z 04003a7b f   libvcruntime:undname.obj
 0001:00002aa3       ??0pairNode@@QAE@PBVDNameNode@@0@Z 04003aa3 f i libvcruntime:undname.obj
 0001:00002ac2       ??0pcharNode@@QAE@PBDH@Z   04003ac2 f   libvcruntime:undname.obj
 0001:00002b22       ??2@YAPAXIAAV_HeapManager@@H@Z 04003b22 f i libvcruntime:undname.obj
 0001:00002b37       ??4DName@@QAEAAV0@ABV0@@Z  04003b37 f   libvcruntime:undname.obj
 0001:00002b4d       ??4DName@@QAEAAV0@D@Z      04003b4d f i libvcruntime:undname.obj
 0001:00002b72       ??4DName@@QAEAAV0@PAV0@@Z  04003b72 f   libvcruntime:undname.obj
 0001:00002bb4       ??4DName@@QAEAAV0@PBD@Z    04003bb4 f   libvcruntime:undname.obj
 0001:00002bdf       ??4DName@@QAEAAV0@W4DNameStatus@@@Z 04003bdf f   libvcruntime:undname.obj
 0001:00002c11       ??AReplicator@@QBE?AVDName@@H@Z 04003c11 f   libvcruntime:undname.obj
 0001:00002c57       ??H@YA?AVDName@@DABV0@@Z   04003c57 f i libvcruntime:undname.obj
 0001:00002c79       ??H@YA?AVDName@@PBDABV0@@Z 04003c79 f i libvcruntime:undname.obj
 0001:00002c9b       ??H@YA?AVDName@@W4DNameStatus@@ABV0@@Z 04003c9b f i libvcruntime:undname.obj
 0001:00002cbd       ??HDName@@QBE?AV0@ABV0@@Z  04003cbd f   libvcruntime:undname.obj
 0001:00002cdf       ??HDName@@QBE?AV0@D@Z      04003cdf f   libvcruntime:undname.obj
 0001:00002d01       ??HDName@@QBE?AV0@PAV0@@Z  04003d01 f   libvcruntime:undname.obj
 0001:00002d23       ??HDName@@QBE?AV0@PBD@Z    04003d23 f   libvcruntime:undname.obj
 0001:00002d45       ??HDName@@QBE?AV0@W4DNameStatus@@@Z 04003d45 f   libvcruntime:undname.obj
 0001:00002d67       ??YDName@@QAEAAV0@ABV0@@Z  04003d67 f   libvcruntime:undname.obj
 0001:00002da8       ??YDName@@QAEAAV0@D@Z      04003da8 f   libvcruntime:undname.obj
 0001:00002df8       ??YDName@@QAEAAV0@PAV0@@Z  04003df8 f   libvcruntime:undname.obj
 0001:00002e5d       ??YDName@@QAEAAV0@PBD@Z    04003e5d f   libvcruntime:undname.obj
 0001:00002ebe       ??YDName@@QAEAAV0@W4DNameStatus@@@Z 04003ebe f   libvcruntime:undname.obj
 0001:00002efe       ??YReplicator@@QAEAAV0@ABVDName@@@Z 04003efe f   libvcruntime:undname.obj
 0001:00002f48       ??_5DName@@QAEAAV0@ABV0@@Z 04003f48 f   libvcruntime:undname.obj
 0001:00002f64       ?Constructor@_HeapManager@@QAEXP6APAXI@ZP6AXPAX@Z@Z 04003f64 f i libvcruntime:undname.obj
 0001:00002f81       ?Destructor@_HeapManager@@QAEXXZ 04003f81 f i libvcruntime:undname.obj
 0001:00002fb9       ?UScore@UnDecorator@@SAPBDW4Tokens@@@Z 04003fb9 f   libvcruntime:undname.obj
 0001:00002fd8       ?append@DName@@AAEXPBVDNameNode@@@Z 04003fd8 f   libvcruntime:undname.obj
 0001:0000301e       ?composeDeclaration@UnDecorator@@CA?AVDName@@ABV2@@Z 0400401e f i libvcruntime:undname.obj
 0001:00003cfb       ?doAccessSpecifiers@UnDecorator@@SAHXZ 04004cfb f i libvcruntime:undname.obj
 0001:00003d09       ?doAllocationLanguage@UnDecorator@@SAHXZ 04004d09 f i libvcruntime:undname.obj
 0001:00003d17       ?doAllocationModel@UnDecorator@@SAHXZ 04004d17 f i libvcruntime:undname.obj
 0001:00003d25       ?doEcsu@UnDecorator@@SAHXZ 04004d25 f i libvcruntime:undname.obj
 0001:00003d33       ?doEllipsis@UnDecorator@@SAHXZ 04004d33 f i libvcruntime:undname.obj
 0001:00003d41       ?doFunctionReturns@UnDecorator@@SAHXZ 04004d41 f i libvcruntime:undname.obj
 0001:00003d4f       ?doMSKeywords@UnDecorator@@SAHXZ 04004d4f f i libvcruntime:undname.obj
 0001:00003d5c       ?doMemberTypes@UnDecorator@@SAHXZ 04004d5c f i libvcruntime:undname.obj
 0001:00003d6a       ?doNameOnly@UnDecorator@@SAHXZ 04004d6a f i libvcruntime:undname.obj
 0001:00003d75       ?doNoIdentCharCheck@UnDecorator@@SAHXZ 04004d75 f i libvcruntime:undname.obj
 0001:00003d80       ?doPchar@DName@@AAEXPBDH@Z 04004d80 f   libvcruntime:undname.obj
 0001:00003e06       ?doPtr64@UnDecorator@@SAHXZ 04004e06 f i libvcruntime:undname.obj
 0001:00003e14       ?doRestrictionSpec@UnDecorator@@SAHXZ 04004e14 f i libvcruntime:undname.obj
 0001:00003e22       ?doThisTypes@UnDecorator@@SAHXZ 04004e22 f i libvcruntime:undname.obj
 0001:00003e34       ?doThrowTypes@UnDecorator@@SAHXZ 04004e34 f i libvcruntime:undname.obj
 0001:00003e42       ?doTypeOnly@UnDecorator@@SAHXZ 04004e42 f i libvcruntime:undname.obj
 0001:00003e4d       ?doUnderScore@UnDecorator@@SAHXZ 04004e4d f i libvcruntime:undname.obj
 0001:00003e58       ?getArgumentList@UnDecorator@@CA?AVDName@@XZ 04004e58 f   libvcruntime:undname.obj
 0001:00003f4e       ?getArgumentTypes@UnDecorator@@CA?AVDName@@XZ 04004f4e f   libvcruntime:undname.obj
 0001:00004018       ?getArrayType@UnDecorator@@CA?AVDName@@ABV2@@Z 04005018 f i libvcruntime:undname.obj
 0001:000041c9       ?getBasedType@UnDecorator@@CA?AVDName@@XZ 040051c9 f   libvcruntime:undname.obj
 0001:00004261       ?getBasicDataType@UnDecorator@@CA?AVDName@@ABV2@@Z 04005261 f   libvcruntime:undname.obj
 0001:00004640       ?getCHPEName@UnDecorator@@QAEPADPADH@Z 04005640 f i libvcruntime:undname.obj
 0001:0000471f       ?getCallIndex@UnDecorator@@CA?AVDName@@XZ 0400571f f i libvcruntime:undname.obj
 0001:00004733       ?getCallingConvention@UnDecorator@@CA?AVDName@@XZ 04005733 f   libvcruntime:undname.obj
 0001:00004806       ?getDataIndirectType@UnDecorator@@CA?AVDName@@ABV2@PBD0H@Z 04005806 f   libvcruntime:undname.obj
 0001:00004df0       ?getDataIndirectType@UnDecorator@@CA?AVDName@@XZ 04005df0 f i libvcruntime:undname.obj
 0001:00004e22       ?getDataType@UnDecorator@@CA?AVDName@@PAV2@@Z 04005e22 f   libvcruntime:undname.obj
 0001:00004ee7       ?getDecoratedName@UnDecorator@@CA?AVDName@@XZ 04005ee7 f   libvcruntime:undname.obj
 0001:00005129       ?getDimension@UnDecorator@@CA?AVDName@@_N@Z 04006129 f   libvcruntime:undname.obj
 0001:00005248       ?getDispatchTarget@UnDecorator@@CA?AVDName@@XZ 04006248 f   libvcruntime:undname.obj
 0001:0000529c       ?getDisplacement@UnDecorator@@CA?AVDName@@XZ 0400629c f i libvcruntime:undname.obj
 0001:000052b0       ?getECSUDataType@UnDecorator@@CA?AVDName@@XZ 040062b0 f   libvcruntime:undname.obj
 0001:000053c8       ?getECSUName@UnDecorator@@CA?AVDName@@XZ 040063c8 f i libvcruntime:undname.obj
 0001:000053d9       ?getEnumType@UnDecorator@@CA?AVDName@@XZ 040063d9 f i libvcruntime:undname.obj
 0001:000054c9       ?getExtendedDataIndirectType@UnDecorator@@CA?AVDName@@AAPBDAA_NH@Z 040064c9 f   libvcruntime:undname.obj
 0001:00005680       ?getExternalDataType@UnDecorator@@CA?AVDName@@ABV2@@Z 04006680 f i libvcruntime:undname.obj
 0001:000056e7       ?getFunctionIndirectType@UnDecorator@@CA?AVDName@@ABV2@@Z 040066e7 f   libvcruntime:undname.obj
 0001:00005abf       ?getGuardNumber@UnDecorator@@CA?AVDName@@XZ 04006abf f i libvcruntime:undname.obj
 0001:00005ad3       ?getLastChar@DName@@QBEDXZ 04006ad3 f i libvcruntime:undname.obj
 0001:00005af3       ?getLastChar@DNameStatusNode@@UBEDXZ 04006af3 f i libvcruntime:undname.obj
 0001:00005aff       ?getLastChar@charNode@@UBEDXZ 04006aff f i libvcruntime:undname.obj
 0001:00005b03       ?getLastChar@pDNameNode@@UBEDXZ 04006b03 f i libvcruntime:undname.obj
 0001:00005b11       ?getLastChar@pairNode@@UBEDXZ 04006b11 f i libvcruntime:undname.obj
 0001:00005b46       ?getLastChar@pcharNode@@UBEDXZ 04006b46 f i libvcruntime:undname.obj
 0001:00005b58       ?getLexicalFrame@UnDecorator@@CA?AVDName@@XZ 04006b58 f i libvcruntime:undname.obj
 0001:00005b97       ?getMemory@_HeapManager@@QAEPAXIH@Z 04006b97 f   libvcruntime:undname.obj
 0001:00005c1e       ?getNoexcept@UnDecorator@@CA?AVDName@@XZ 04006c1e f   libvcruntime:undname.obj
 0001:00005c63       ?getNumberOfDimensions@UnDecorator@@CAHXZ 04006c63 f   libvcruntime:undname.obj
 0001:00005cc4       ?getOperatorName@UnDecorator@@CA?AVDName@@_NPA_N@Z 04006cc4 f i libvcruntime:undname.obj
 0001:0000631c       ?getPointerType@UnDecorator@@CA?AVDName@@ABV2@0@Z 0400731c f i libvcruntime:undname.obj
 0001:0000633a       ?getPointerTypeArray@UnDecorator@@CA?AVDName@@ABV2@0@Z 0400733a f i libvcruntime:undname.obj
 0001:00006358       ?getPrimaryDataType@UnDecorator@@CA?AVDName@@ABV2@@Z 04007358 f   libvcruntime:undname.obj
 0001:0000653c       ?getPtrRefDataType@UnDecorator@@CA?AVDName@@ABV2@H@Z 0400753c f   libvcruntime:undname.obj
 0001:00006665       ?getPtrRefType@UnDecorator@@CA?AVDName@@ABV2@0PBD@Z 04007665 f   libvcruntime:undname.obj
 0001:0000675f       ?getReferenceType@UnDecorator@@CA?AVDName@@ABV2@0PBD@Z 0400775f f i libvcruntime:undname.obj
 0001:0000677b       ?getRestrictionSpec@UnDecorator@@CA?AVDName@@XZ 0400777b f   libvcruntime:undname.obj
 0001:00006874       ?getReturnType@UnDecorator@@CA?AVDName@@PAV2@@Z 04007874 f   libvcruntime:undname.obj
 0001:000068a3       ?getScope@UnDecorator@@CA?AVDName@@XZ 040078a3 f   libvcruntime:undname.obj
 0001:00006c37       ?getScopedName@UnDecorator@@CA?AVDName@@XZ 04007c37 f   libvcruntime:undname.obj
 0001:00006d0b       ?getSignedDimension@UnDecorator@@CA?AVDName@@XZ 04007d0b f   libvcruntime:undname.obj
 0001:00006d5c       ?getStorageConvention@UnDecorator@@CA?AVDName@@XZ 04007d5c f i libvcruntime:undname.obj
 0001:00006d6d       ?getString@DName@@QBEPADPAD0@Z 04007d6d f i libvcruntime:undname.obj
 0001:00006d9a       ?getString@DName@@QBEPADPADH@Z 04007d9a f i libvcruntime:undname.obj
 0001:00006df0       ?getString@DNameStatusNode@@UBEPADPAD0@Z 04007df0 f i libvcruntime:undname.obj
 0001:00006e17       ?getString@charNode@@UBEPADPAD0@Z 04007e17 f i libvcruntime:undname.obj
 0001:00006e2c       ?getString@pDNameNode@@UBEPADPAD0@Z 04007e2c f i libvcruntime:undname.obj
 0001:00006e43       ?getString@pairNode@@UBEPADPAD0@Z 04007e43 f i libvcruntime:undname.obj
 0001:00006e89       ?getString@pcharNode@@UBEPADPAD0@Z 04007e89 f i libvcruntime:undname.obj
 0001:00006ea4       ?getStringEncoding@UnDecorator@@CA?AVDName@@PBDH@Z 04007ea4 f   libvcruntime:undname.obj
 0001:00006f54       ?getStringHelper@@YAPADPADPBD1H@Z 04007f54 f i libvcruntime:undname.obj
 0001:00006f8b       ?getSymbolName@UnDecorator@@CA?AVDName@@XZ 04007f8b f i libvcruntime:undname.obj
 0001:00006fd3       ?getTemplateArgumentList@UnDecorator@@CA?AVDName@@XZ 04007fd3 f   libvcruntime:undname.obj
 0001:00007270       ?getTemplateConstant@UnDecorator@@CA?AVDName@@XZ 04008270 f   libvcruntime:undname.obj
 0001:000075a2       ?getTemplateName@UnDecorator@@CA?AVDName@@_N@Z 040085a2 f   libvcruntime:undname.obj
 0001:00007704       ?getThisType@UnDecorator@@CA?AVDName@@XZ 04008704 f i libvcruntime:undname.obj
 0001:00007737       ?getThrowTypes@UnDecorator@@CA?AVDName@@XZ 04008737 f   libvcruntime:undname.obj
 0001:0000775a       ?getTypeEncoding@UnDecorator@@CAHXZ 0400875a f i libvcruntime:undname.obj
 0001:00007a82       ?getUndecoratedName@UnDecorator@@QAEPADPADH@Z 04008a82 f i libvcruntime:undname.obj
 0001:00007b46       ?getVCallThunkType@UnDecorator@@CA?AVDName@@XZ 04008b46 f i libvcruntime:undname.obj
 0001:00007b8d       ?getVbTableType@UnDecorator@@CA?AVDName@@ABV2@@Z 04008b8d f i libvcruntime:undname.obj
 0001:00007ba2       ?getVdispMapType@UnDecorator@@CA?AVDName@@ABV2@@Z 04008ba2 f i libvcruntime:undname.obj
 0001:00007bf6       ?getVfTableType@UnDecorator@@CA?AVDName@@ABV2@@Z 04008bf6 f i libvcruntime:undname.obj
 0001:00007d59       ?getZName@UnDecorator@@CA?AVDName@@_N0@Z 04008d59 f   libvcruntime:undname.obj
 0001:00007f58       ?haveTemplateParameters@UnDecorator@@SAHXZ 04008f58 f i libvcruntime:undname.obj
 0001:00007f63       ?isArray@DName@@QBEHXZ     04008f63 f i libvcruntime:undname.obj
 0001:00007f6d       ?isComArray@DName@@QBEHXZ  04008f6d f i libvcruntime:undname.obj
 0001:00007f77       ?isEmpty@DName@@QBEHXZ     04008f77 f i libvcruntime:undname.obj
 0001:00007f7f       ?isFull@Replicator@@QBEHXZ 04008f7f f i libvcruntime:undname.obj
 0001:00007f88       ?isNoTE@DName@@QBEHXZ      04008f88 f i libvcruntime:undname.obj
 0001:00007f92       ?isPinPtr@DName@@QBEHXZ    04008f92 f i libvcruntime:undname.obj
 0001:00007f9c       ?isPtrRef@DName@@QBEHXZ    04008f9c f i libvcruntime:undname.obj
 0001:00007fa6       ?isUDC@DName@@QBEHXZ       04008fa6 f i libvcruntime:undname.obj
 0001:00007fb7       ?isUDTThunk@DName@@QBEHXZ  04008fb7 f i libvcruntime:undname.obj
 0001:00007fc8       ?isVCallThunk@DName@@QBEHXZ 04008fc8 f i libvcruntime:undname.obj
 0001:00007fd2       ?isValid@DName@@QBEHXZ     04008fd2 f i libvcruntime:undname.obj
 0001:00007fdc       ?length@DName@@QBEHXZ      04008fdc f i libvcruntime:undname.obj
 0001:00007ffb       ?length@DNameStatusNode@@UBEHXZ 04008ffb f i libvcruntime:undname.obj
 0001:00007fff       ?length@charNode@@UBEHXZ   04008fff f i libvcruntime:undname.obj
 0001:00008003       ?length@pDNameNode@@UBEHXZ 04009003 f i libvcruntime:undname.obj
 0001:00008011       ?length@pairNode@@UBEHXZ   04009011 f i libvcruntime:undname.obj
 0001:00008057       ?length@pcharNode@@UBEHXZ  04009057 f i libvcruntime:undname.obj
 0001:0000805b       ?make@DNameStatusNode@@SAPBV1@W4DNameStatus@@@Z 0400905b f i libvcruntime:undname.obj
 0001:00008077       ?parseDecoratedName@UnDecorator@@CA?AVDName@@XZ 04009077 f   libvcruntime:undname.obj
 0001:00008165       ?setIsArray@DName@@QAEXXZ  04009165 f i libvcruntime:undname.obj
 0001:0000816d       ?setIsComArray@DName@@QAEXXZ 0400916d f i libvcruntime:undname.obj
 0001:00008175       ?setIsNoTE@DName@@QAEXXZ   04009175 f i libvcruntime:undname.obj
 0001:0000817d       ?setIsPinPtr@DName@@QAEXXZ 0400917d f i libvcruntime:undname.obj
 0001:00008185       ?setIsUDC@DName@@QAEXXZ    04009185 f i libvcruntime:undname.obj
 0001:00008192       ?setIsVCallThunk@DName@@QAEXXZ 04009192 f i libvcruntime:undname.obj
 0001:0000819a       ?setPtrRef@DName@@QAEAAV1@XZ 0400919a f i libvcruntime:undname.obj
 0001:000081a4       ?status@DName@@QBE?AW4DNameStatus@@XZ 040091a4 f i libvcruntime:undname.obj
 0001:00008210       ___unDName                 04009210 f   libvcruntime:undname.obj
 0001:00008233       ___unDNameEx               04009233 f   libvcruntime:undname.obj
 0001:000082d2       __vsprintf_s_l             040092d2 f i libvcruntime:undname.obj
 0001:000082ff       _sprintf_s                 040092ff f i libvcruntime:undname.obj
 0001:0000831b       _unDNameGenerateCHPE       0400931b f   libvcruntime:undname.obj
 0001:00008377       ??$?RU__vcrt_ptd@@@__crt_internal_free_policy@@QBEXQBU__vcrt_ptd@@@Z 04009377 f i libvcruntime:per_thread_data.obj
 0001:00008387       ??0?$__crt_unique_heap_ptr@U__vcrt_ptd@@U__crt_internal_free_policy@@@@QAE@QAU__vcrt_ptd@@@Z 04009387 f i libvcruntime:per_thread_data.obj
 0001:000083a4       ??1?$__crt_unique_heap_ptr@U__vcrt_ptd@@U__crt_internal_free_policy@@@@QAE@XZ 040093a4 f i libvcruntime:per_thread_data.obj
 0001:000083bd       ??B?$__crt_unique_heap_ptr@U__vcrt_ptd@@U__crt_internal_free_policy@@@@QBE_NXZ 040093bd f i libvcruntime:per_thread_data.obj
 0001:000083c4       ?detach@?$__crt_unique_heap_ptr@U__vcrt_ptd@@U__crt_internal_free_policy@@@@QAEPAU__vcrt_ptd@@XZ 040093c4 f i libvcruntime:per_thread_data.obj
 0001:000083ca       ?get@?$__crt_unique_heap_ptr@U__vcrt_ptd@@U__crt_internal_free_policy@@@@QBEPAU__vcrt_ptd@@XZ 040093ca f i libvcruntime:per_thread_data.obj
 0001:000083cd       ?is_valid@?$__crt_unique_heap_ptr@U__vcrt_ptd@@U__crt_internal_free_policy@@@@QBE_NXZ 040093cd f i libvcruntime:per_thread_data.obj
 0001:000083d4       ?release@?$__crt_unique_heap_ptr@U__vcrt_ptd@@U__crt_internal_free_policy@@@@QAEXXZ 040093d4 f i libvcruntime:per_thread_data.obj
 0001:000083fe       ___vcrt_freefls@4          040093fe f   libvcruntime:per_thread_data.obj
 0001:0000841a       ___vcrt_freeptd            0400941a f   libvcruntime:per_thread_data.obj
 0001:00008450       ___vcrt_getptd             04009450 f   libvcruntime:per_thread_data.obj
 0001:0000845e       ___vcrt_getptd_noexit      0400945e f   libvcruntime:per_thread_data.obj
 0001:000084f0       ___vcrt_getptd_noinit      040094f0 f   libvcruntime:per_thread_data.obj
 0001:00008527       ___vcrt_initialize_ptd     04009527 f   libvcruntime:per_thread_data.obj
 0001:0000855a       ___vcrt_uninitialize_ptd   0400955a f   libvcruntime:per_thread_data.obj
 0001:00008575       ___vcrt_initialize_locks   04009575 f   libvcruntime:locks.obj
 0001:000085b1       ___vcrt_lock               040095b1 f   libvcruntime:locks.obj
 0001:000085c6       ___vcrt_uninitialize_locks 040095c6 f   libvcruntime:locks.obj
 0001:000085f5       ___vcrt_unlock             040095f5 f   libvcruntime:locks.obj
 0001:0000860a       ??$?BX@__crt_fast_encoded_nullptr_t@@QBEPAXXZ 0400960a f i libvcruntime:winapi_downlevel.obj
 0001:00008610       ??$__crt_fast_decode_pointer@PAX@@YAPAXQAX@Z 04009610 f i libvcruntime:winapi_downlevel.obj
 0001:00008624       ??$__crt_fast_encode_pointer@PAX@@YAPAXQAX@Z 04009624 f i libvcruntime:winapi_downlevel.obj
 0001:00008641       ??$__crt_interlocked_exchange_pointer@UHINSTANCE__@@PAU1@@@YAPAUHINSTANCE__@@PDSAU0@QAU0@@Z 04009641 f i libvcruntime:winapi_downlevel.obj
 0001:0000864e       ??$__crt_interlocked_exchange_pointer@UHINSTANCE__@@PAX@@YAPAUHINSTANCE__@@PDSAU0@QAX@Z 0400964e f i libvcruntime:winapi_downlevel.obj
 0001:0000865b       ??$__crt_interlocked_exchange_pointer@XPAX@@YAPAXPDSAXQAX@Z 0400965b f i libvcruntime:winapi_downlevel.obj
 0001:00008668       ??$__crt_interlocked_read_pointer@UHINSTANCE__@@@@YAPAUHINSTANCE__@@PDSAU0@@Z 04009668 f i libvcruntime:winapi_downlevel.obj
 0001:00008672       ??$__crt_interlocked_read_pointer@X@@YAPAXPDSAX@Z 04009672 f i libvcruntime:winapi_downlevel.obj
 0001:0000867c       ?__crt_fast_encode_pointer@@YA?AU__crt_fast_encoded_nullptr_t@@$$T@Z 0400967c f i libvcruntime:winapi_downlevel.obj
 0001:00008910       ___vcrt_FlsAlloc           04009910 f   libvcruntime:winapi_downlevel.obj
 0001:0000894b       ___vcrt_FlsFree            0400994b f   libvcruntime:winapi_downlevel.obj
 0001:00008986       ___vcrt_FlsGetValue        04009986 f   libvcruntime:winapi_downlevel.obj
 0001:000089c1       ___vcrt_FlsSetValue        040099c1 f   libvcruntime:winapi_downlevel.obj
 0001:000089ff       ___vcrt_InitializeCriticalSectionEx 040099ff f   libvcruntime:winapi_downlevel.obj
 0001:00008a46       ___vcrt_initialize_winapi_thunks 04009a46 f   libvcruntime:winapi_downlevel.obj
 0001:00008a6f       ___vcrt_uninitialize_winapi_thunks 04009a6f f   libvcruntime:winapi_downlevel.obj
 0001:00008aa1       ??$?B$$A6AXXZ@__crt_fast_encoded_nullptr_t@@QBEP6AXXZXZ 04009aa1 f i libvcruntime:purevirt_data.obj
 0001:00008aa7       ??$__crt_fast_encode_pointer@P6AXXZ@@YAP6AXXZQ6AXXZ@Z 04009aa7 f i libvcruntime:purevirt_data.obj
 0001:00008ac4       ___vcrt_initialize_pure_virtual_call_handler 04009ac4 f   libvcruntime:purevirt_data.obj
 0001:00008ad0       __global_unwind2           04009ad0 f   libvcruntime:exsup.obj
 0001:00008b36       __local_unwind2            04009b36 f   libvcruntime:exsup.obj
 0001:00008bba       __abnormal_termination     04009bba f   libvcruntime:exsup.obj
 0001:00008be0       __NLG_Notify1              04009be0 f   libvcruntime:exsup.obj
 0001:00008bec       __NLG_Notify               04009bec f   libvcruntime:exsup.obj
 0001:00008c03       __NLG_Dispatch             04009c03     libvcruntime:exsup.obj
 0001:00008c03       __NLG_Dispatch2            04009c03     libvcruntime:exsup.obj
 0001:00008c0b       __NLG_Call                 04009c0b f   libvcruntime:exsup.obj
 0001:00008c0d       __NLG_Return2              04009c0d     libvcruntime:exsup.obj
 0001:00008c0e       ??$__crt_fast_decode_pointer@P6AXXZ@@YAP6AXXZQ6AXXZ@Z 04009c0e f i libvcruntime:purevirt.obj
 0001:00008c22       ??$__crt_interlocked_exchange_pointer@$$A6AXXZP6AXXZ@@YAP6AXXZPDS6AXXZQ6AXXZ@Z 04009c22 f i libvcruntime:purevirt.obj
 0001:00008c2f       ??$__crt_interlocked_read_pointer@$$A6AXXZ@@YAP6AXXZPDS6AXXZ@Z 04009c2f f i libvcruntime:purevirt.obj
 0001:00008c39       __get_purecall_handler     04009c39 f   libvcruntime:purevirt.obj
 0001:00008c4e       __purecall                 04009c4e f   libvcruntime:purevirt.obj
 0001:00008c6a       __set_purecall_handler     04009c6a f   libvcruntime:purevirt.obj
 0001:00008c8f       ??$?0AAViterator@TryBlockMap@__FrameHandler3@@AAV012@$0A@@?$pair@Viterator@TryBlockMap@__FrameHandler3@@V123@@std@@QAE@AAViterator@TryBlockMap@__FrameHandler3@@0@Z 04009c8f f i libvcruntime:trnsctrl.obj
 0001:00008cb3       ??$forward@AAViterator@TryBlockMap@__FrameHandler3@@@std@@YAAAViterator@TryBlockMap@__FrameHandler3@@AAV123@@Z 04009cb3 f i libvcruntime:trnsctrl.obj
 0001:00008cbb       ??0iterator@TryBlockMap@__FrameHandler3@@QAE@AAV12@I@Z 04009cbb f i libvcruntime:trnsctrl.obj
 0001:00008ccf       ?GetRangeOfTrysToCheck@__FrameHandler3@@SA?AU?$pair@Viterator@TryBlockMap@__FrameHandler3@@V123@@std@@AAVTryBlockMap@1@HH@Z 04009ccf f   libvcruntime:trnsctrl.obj
 0001:00008d51       ?_CallCatchBlock2@@YAPAXPAUEHRegistrationNode@@PBU_s_FuncInfo@@PAXHK@Z 04009d51 f   libvcruntime:trnsctrl.obj
 0001:00008daf       ?_CallSETranslator@@YAHPAUEHExceptionRecord@@PAUEHRegistrationNode@@PAX2PBU_s_FuncInfo@@H1@Z 04009daf f   libvcruntime:trnsctrl.obj
 0001:00008e8a       ?_JumpToContinuation@@YGXPAXPAUEHRegistrationNode@@@Z 04009e8a f   libvcruntime:trnsctrl.obj
 0001:00008eba       ?_UnwindNestedFrames@@YGXPAUEHRegistrationNode@@PAUEHExceptionRecord@@@Z 04009eba f   libvcruntime:trnsctrl.obj
 0001:00008f0d       ?getFuncInfo@TryBlockMap@__FrameHandler3@@QAEPBU_s_FuncInfo@@XZ 04009f0d f i libvcruntime:trnsctrl.obj
 0001:00008f10       __CatchGuardHandler        04009f10 f   libvcruntime:trnsctrl.obj
 0001:00008f41       __CreateFrameInfo          04009f41 f   libvcruntime:trnsctrl.obj
 0001:00008f65       __FindAndUnlinkFrame       04009f65 f   libvcruntime:trnsctrl.obj
 0001:00008faa       __TranslatorGuardHandler   04009faa f   libvcruntime:trnsctrl.obj
 0001:00009047       ___CxxFrameHandler         0400a047 f   libvcruntime:trnsctrl.obj
 0001:0000907d       ___CxxFrameHandler2        0400a07d f   libvcruntime:trnsctrl.obj
 0001:000090b3       ___CxxFrameHandler3        0400a0b3 f   libvcruntime:trnsctrl.obj
 0001:000090e9       ___CxxLongjmpUnwind@4      0400a0e9 f   libvcruntime:trnsctrl.obj
 0001:00009110       _memcpy                    0400a110 f   libvcruntime:memcpy.obj
 0001:00009d7b       ??$TypeMatchHelper@V__FrameHandler3@@@@YAHPBU_s_HandlerType@@PBU_s_CatchableType@@PBU_s_ThrowInfo@@@Z 0400ad7b f i libvcruntime:frame.obj
 0001:00009e09       ??$__InternalCxxFrameHandler@V__FrameHandler3@@@@YA?AW4_EXCEPTION_DISPOSITION@@PAUEHExceptionRecord@@PAUEHRegistrationNode@@PAU_CONTEXT@@PAXPBU_s_FuncInfo@@H1E@Z 0400ae09 f i libvcruntime:frame.obj
 0001:00009f0b       ??0HandlerMap@__FrameHandler3@@QAE@PBU_s_TryBlockMapEntry@@PAX@Z 0400af0b f i libvcruntime:frame.obj
 0001:00009f22       ??0TryBlockMap@__FrameHandler3@@QAE@PBU_s_FuncInfo@@PAX@Z 0400af22 f i libvcruntime:frame.obj
 0001:00009f36       ??0bad_exception@std@@QAE@ABV01@@Z 0400af36 f i libvcruntime:frame.obj
 0001:00009f51       ??0bad_exception@std@@QAE@XZ 0400af51 f i libvcruntime:frame.obj
 0001:00009f69       ??0exception@std@@QAE@ABV01@@Z 0400af69 f i libvcruntime:frame.obj
 0001:00009f95       ??0exception@std@@QAE@QBDH@Z 0400af95 f i libvcruntime:frame.obj
 0001:00009fb2       ??0iterator@HandlerMap@__FrameHandler3@@QAE@AAV12@I@Z 0400afb2 f i libvcruntime:frame.obj
 0001:00009fc6       ??1bad_exception@std@@UAE@XZ 0400afc6 f i libvcruntime:frame.obj
 0001:00009fd7       ??1exception@std@@UAE@XZ   0400afd7 f i libvcruntime:frame.obj
 0001:00009fe8       ??8iterator@HandlerMap@__FrameHandler3@@QBE_NABV012@@Z 0400afe8 f i libvcruntime:frame.obj
 0001:00009ffb       ??8type_info@@QBE_NABV0@@Z 0400affb f i libvcruntime:frame.obj
 0001:0000a01a       ??9iterator@HandlerMap@__FrameHandler3@@QBE_NABV012@@Z 0400b01a f i libvcruntime:frame.obj
 0001:0000a02d       ??Diterator@HandlerMap@__FrameHandler3@@QAEPBU_s_HandlerType@@XZ 0400b02d f i libvcruntime:frame.obj
 0001:0000a039       ??Diterator@TryBlockMap@__FrameHandler3@@QAEPBU_s_TryBlockMapEntry@@XZ 0400b039 f i libvcruntime:frame.obj
 0001:0000a045       ??Eiterator@HandlerMap@__FrameHandler3@@QAEAAV012@XZ 0400b045 f i libvcruntime:frame.obj
 0001:0000a04b       ??Eiterator@TryBlockMap@__FrameHandler3@@QAEAAV012@XZ 0400b04b f i libvcruntime:frame.obj
 0001:0000a051       ??Miterator@TryBlockMap@__FrameHandler3@@QBE_NABV012@@Z 0400b051 f i libvcruntime:frame.obj
 0001:0000a064       ??_Ebad_exception@std@@UAEPAXI@Z 0400b064 f i libvcruntime:frame.obj
 0001:0000a064       ??_Gbad_exception@std@@UAEPAXI@Z 0400b064 f i libvcruntime:frame.obj
 0001:0000a091       ??_Eexception@std@@UAEPAXI@Z 0400b091 f i libvcruntime:frame.obj
 0001:0000a091       ??_Gexception@std@@UAEPAXI@Z 0400b091 f i libvcruntime:frame.obj
 0001:0000a0be       ?BuildCatchObject@__FrameHandler3@@SAXPAUEHExceptionRecord@@PAXPBU_s_HandlerType@@PBU_s_CatchableType@@@Z 0400b0be f   libvcruntime:frame.obj
 0001:0000a0c3       ?BuildCatchObjectHelper@__FrameHandler3@@SAHPAUEHExceptionRecord@@PAXPBU_s_HandlerType@@PBU_s_CatchableType@@@Z 0400b0c3 f   libvcruntime:frame.obj
 0001:0000a314       ?FrameUnwindToEmptyState@__FrameHandler3@@SAXPAUEHRegistrationNode@@PAXPBU_s_FuncInfo@@@Z 0400b314 f   libvcruntime:frame.obj
 0001:0000a32c       ?FrameUnwindToState@__FrameHandler3@@SAXPAUEHRegistrationNode@@PAXPBU_s_FuncInfo@@H@Z 0400b32c f   libvcruntime:frame.obj
 0001:0000a414       ?GetMaxState@__FrameHandler3@@SAHPAXPBU_s_FuncInfo@@@Z 0400b414 f i libvcruntime:frame.obj
 0001:0000a4f2       ?TypeMatch@__FrameHandler3@@SAHPBU_s_HandlerType@@PBU_s_CatchableType@@PBU_s_ThrowInfo@@@Z 0400b4f2 f   libvcruntime:frame.obj
 0001:0000a4fb       ?_CallMemberFunction1@@YGXQAX00@Z 0400b4fb f i libvcruntime:frame.obj
 0001:0000a50b       ?_CallMemberFunction2@@YGXQAX00H@Z 0400b50b f i libvcruntime:frame.obj
 0001:0000a51e       ?_ValidateExecute@@YA_NP6GHXZ@Z 0400b51e f i libvcruntime:frame.obj
 0001:0000a52a       ?_ValidateRead@@YA_NPBXI@Z 0400b52a f i libvcruntime:frame.obj
 0001:0000a536       ?_ValidateWrite@@YA_NPAXI@Z 0400b536 f i libvcruntime:frame.obj
 0001:0000a542       ?begin@HandlerMap@__FrameHandler3@@QAE?AViterator@12@XZ 0400b542 f i libvcruntime:frame.obj
 0001:0000a552       ?end@HandlerMap@__FrameHandler3@@QAE?AViterator@12@XZ 0400b552 f i libvcruntime:frame.obj
 0001:0000a563       ?getESTypes@__FrameHandler3@@SAPBU_s_ESTypeList@@PBU_s_FuncInfo@@@Z 0400b563 f i libvcruntime:frame.obj
 0001:0000a56e       ?getLastEntry@HandlerMap@__FrameHandler3@@QAEPBU_s_HandlerType@@XZ 0400b56e f i libvcruntime:frame.obj
 0001:0000a57c       ?getMagicNum@__FrameHandler3@@SAIPBU_s_FuncInfo@@@Z 0400b57c f i libvcruntime:frame.obj
 0001:0000a58b       ?getNumTryBlocks@TryBlockMap@__FrameHandler3@@QAEIXZ 0400b58b f i libvcruntime:frame.obj
 0001:0000a591       ?isEHs@__FrameHandler3@@SA_NPBU_s_FuncInfo@@@Z 0400b591 f i libvcruntime:frame.obj
 0001:0000a59e       ?isNoExcept@__FrameHandler3@@SA_NPBU_s_FuncInfo@@@Z 0400b59e f i libvcruntime:frame.obj
 0001:0000a5ae       ?what@exception@std@@UBEPBDXZ 0400b5ae f i libvcruntime:frame.obj
 0001:0000a5bb       ___BuildCatchObject        0400b5bb f   libvcruntime:frame.obj
 0001:0000a5c0       ___BuildCatchObjectHelper  0400b5c0 f   libvcruntime:frame.obj
 0001:0000a5c9       ___TypeMatch               0400b5c9 f   libvcruntime:frame.obj
 0001:0000a5d2       ___vcrt_EncodePointer      0400b5d2 f i libvcruntime:frame.obj
 0001:0000a5e0       __CallSettingFrame@12      0400b5e0 f   libvcruntime:lowhelpr.obj
 0001:0000a607       __NLG_Return               0400b607     libvcruntime:lowhelpr.obj
 0001:0000a640       __get_unexpected           0400b640 f   libvcruntime:unexpected.obj
 0001:0000a652       _set_unexpected            0400b652 f   libvcruntime:unexpected.obj
 0001:0000a670       _unexpected                0400b670 f   libvcruntime:unexpected.obj
 0001:0000a68d       ?GetCurrentState@__FrameHandler3@@SAHPAUEHRegistrationNode@@PAXPBU_s_FuncInfo@@@Z 0400b68d f   libvcruntime:ehstate.obj
 0001:0000a6aa       ?SetState@__FrameHandler3@@SAXPAUEHRegistrationNode@@PBU_s_FuncInfo@@H@Z 0400b6aa f   libvcruntime:ehstate.obj
 0001:0000a6b8       ___DestructExceptionObject 0400b6b8 f   libvcruntime:ehhelpers.obj
 0001:0000a758       ?_CallMemberFunction0@@YGXQAX0@Z 0400b758 f i libvcruntime:ehhelpers.obj
 0001:0000a765       ?raw_name@type_info@@QBEPBDXZ 0400b765 f i libvcruntime:ehhelpers.obj
 0001:0000a769       __IsExceptionObjectToBeDestroyed 0400b769 f   libvcruntime:ehhelpers.obj
 0001:0000a78f       __SetWinRTOutOfMemoryExceptionCallback 0400b78f f   libvcruntime:ehhelpers.obj
 0001:0000a79c       ___AdjustPointer           0400b79c f   libvcruntime:ehhelpers.obj
 0001:0000a7c1       ___FrameUnwindFilter       0400b7c1 f   libvcruntime:ehhelpers.obj
 0001:0000a806       ___GetPlatformExceptionInfo 0400b806 f   libvcruntime:ehhelpers.obj
 0001:0000a852       ___current_exception       0400b852 f   libvcruntime:ehhelpers.obj
 0001:0000a85b       ___current_exception_context 0400b85b f   libvcruntime:ehhelpers.obj
 0001:0000a864       ___processing_throw        0400b864 f   libvcruntime:ehhelpers.obj
 0001:0000a86d       ___std_terminate           0400b86d f   libvcruntime:ehhelpers.obj
 0001:0000a872       __is_exception_typeof      0400b872 f   libvcruntime:ehhelpers.obj
 0001:0000a916       ??$?RD@__crt_public_free_policy@@QBEXQBD@Z 0400b916 f i libvcruntime:std_exception.obj
 0001:0000a926       ??0?$__crt_unique_heap_ptr@DU__crt_public_free_policy@@@@QAE@QAD@Z 0400b926 f i libvcruntime:std_exception.obj
 0001:0000a934       ??1?$__crt_unique_heap_ptr@DU__crt_public_free_policy@@@@QAE@XZ 0400b934 f i libvcruntime:std_exception.obj
 0001:0000a944       ??B?$__crt_unique_heap_ptr@DU__crt_public_free_policy@@@@QBE_NXZ 0400b944 f i libvcruntime:std_exception.obj
 0001:0000a94b       ?detach@?$__crt_unique_heap_ptr@DU__crt_public_free_policy@@@@QAEPADXZ 0400b94b f i libvcruntime:std_exception.obj
 0001:0000a951       ?get@?$__crt_unique_heap_ptr@DU__crt_public_free_policy@@@@QBEPADXZ 0400b951 f i libvcruntime:std_exception.obj
 0001:0000a954       ?is_valid@?$__crt_unique_heap_ptr@DU__crt_public_free_policy@@@@QBE_NXZ 0400b954 f i libvcruntime:std_exception.obj
 0001:0000a95b       ?release@?$__crt_unique_heap_ptr@DU__crt_public_free_policy@@@@QAEXXZ 0400b95b f i libvcruntime:std_exception.obj
 0001:0000a96b       ___std_exception_copy      0400b96b f   libvcruntime:std_exception.obj
 0001:0000a9ce       ___std_exception_destroy   0400b9ce f   libvcruntime:std_exception.obj
 0001:0000a9ed       __CxxThrowException@8      0400b9ed f   libvcruntime:throw.obj
 0001:0000aa60       _memmove                   0400ba60 f   libvcruntime:memmove.obj
 0001:0000afd6       ??0_LocaleUpdate@@QAE@QAU__crt_locale_pointers@@@Z 0400bfd6 f i libucrt:stricmp.obj
 0001:0000b059       ??1_LocaleUpdate@@QAE@XZ   0400c059 f i libucrt:stricmp.obj
 0001:0000b069       ?GetLocaleT@_LocaleUpdate@@QAEPAU__crt_locale_pointers@@XZ 0400c069 f i libucrt:stricmp.obj
 0001:0000b06d       ___acrt_locale_changed     0400c06d f i libucrt:stricmp.obj
 0001:0000b078       ___ascii_stricmp           0400c078 f   libucrt:stricmp.obj
 0001:0000b0b3       __stricmp                  0400c0b3 f   libucrt:stricmp.obj
 0001:0000b0fc       __stricmp_l                0400c0fc f   libucrt:stricmp.obj
 0001:0000b196       __strnicmp                 0400c196 f   libucrt:strnicmp.obj
 0001:0000b203       __strnicmp_l               0400c203 f   libucrt:strnicmp.obj
 0001:0000b2ba       ??$?0ABV?$stream_output_adapter@D@__crt_stdio_output@@AB_KABQBDABQAU__crt_locale_pointers@@ABQAD@?$format_validation_base@DV?$stream_output_adapter@D@__crt_stdio_output@@@__crt_stdio_output@@IAE@ABV?$stream_output_adapter@D@1@AB_KABQBDABQAU__crt_locale_pointers@@ABQAD@Z 0400c2ba f i libucrt:output.obj
 0001:0000b2dd       ??$?0ABV?$stream_output_adapter@D@__crt_stdio_output@@AB_KABQBDABQAU__crt_locale_pointers@@ABQAD@?$positional_parameter_base@DV?$stream_output_adapter@D@__crt_stdio_output@@@__crt_stdio_output@@IAE@ABV?$stream_output_adapter@D@1@AB_KABQBDABQAU__crt_locale_pointers@@ABQAD@Z 0400c2dd f i libucrt:output.obj
 0001:0000b325       ??$?0ABV?$stream_output_adapter@D@__crt_stdio_output@@AB_KABQBDABQAU__crt_locale_pointers@@ABQAD@?$standard_base@DV?$stream_output_adapter@D@__crt_stdio_output@@@__crt_stdio_output@@IAE@ABV?$stream_output_adapter@D@1@AB_KABQBDABQAU__crt_locale_pointers@@ABQAD@Z 0400c325 f i libucrt:output.obj
 0001:0000b35a       ??$?0ABV?$stream_output_adapter@_W@__crt_stdio_output@@AB_KABQB_WABQAU__crt_locale_pointers@@ABQAD@?$format_validation_base@_WV?$stream_output_adapter@_W@__crt_stdio_output@@@__crt_stdio_output@@IAE@ABV?$stream_output_adapter@_W@1@AB_KABQB_WABQAU__crt_locale_pointers@@ABQAD@Z 0400c35a f i libucrt:output.obj
 0001:0000b37d       ??$?0ABV?$stream_output_adapter@_W@__crt_stdio_output@@AB_KABQB_WABQAU__crt_locale_pointers@@ABQAD@?$positional_parameter_base@_WV?$stream_output_adapter@_W@__crt_stdio_output@@@__crt_stdio_output@@IAE@ABV?$stream_output_adapter@_W@1@AB_KABQB_WABQAU__crt_locale_pointers@@ABQAD@Z 0400c37d f i libucrt:output.obj
 0001:0000b3c5       ??$?0ABV?$stream_output_adapter@_W@__crt_stdio_output@@AB_KABQB_WABQAU__crt_locale_pointers@@ABQAD@?$standard_base@_WV?$stream_output_adapter@_W@__crt_stdio_output@@@__crt_stdio_output@@IAE@ABV?$stream_output_adapter@_W@1@AB_KABQB_WABQAU__crt_locale_pointers@@ABQAD@Z 0400c3c5 f i libucrt:output.obj
 0001:0000b3fa       ??$?0ABV?$string_output_adapter@D@__crt_stdio_output@@AB_KABQBDABQAU__crt_locale_pointers@@ABQAD@?$format_validation_base@DV?$string_output_adapter@D@__crt_stdio_output@@@__crt_stdio_output@@IAE@ABV?$string_output_adapter@D@1@AB_KABQBDABQAU__crt_locale_pointers@@ABQAD@Z 0400c3fa f i libucrt:output.obj
 0001:0000b41d       ??$?0ABV?$string_output_adapter@D@__crt_stdio_output@@AB_KABQBDABQAU__crt_locale_pointers@@ABQAD@?$positional_parameter_base@DV?$string_output_adapter@D@__crt_stdio_output@@@__crt_stdio_output@@IAE@ABV?$string_output_adapter@D@1@AB_KABQBDABQAU__crt_locale_pointers@@ABQAD@Z 0400c41d f i libucrt:output.obj
 0001:0000b465       ??$?0ABV?$string_output_adapter@D@__crt_stdio_output@@AB_KABQBDABQAU__crt_locale_pointers@@ABQAD@?$standard_base@DV?$string_output_adapter@D@__crt_stdio_output@@@__crt_stdio_output@@IAE@ABV?$string_output_adapter@D@1@AB_KABQBDABQAU__crt_locale_pointers@@ABQAD@Z 0400c465 f i libucrt:output.obj
 0001:0000b49a       ??$?0ABV?$string_output_adapter@_W@__crt_stdio_output@@AB_KABQB_WABQAU__crt_locale_pointers@@ABQAD@?$format_validation_base@_WV?$string_output_adapter@_W@__crt_stdio_output@@@__crt_stdio_output@@IAE@ABV?$string_output_adapter@_W@1@AB_KABQB_WABQAU__crt_locale_pointers@@ABQAD@Z 0400c49a f i libucrt:output.obj
 0001:0000b4bd       ??$?0ABV?$string_output_adapter@_W@__crt_stdio_output@@AB_KABQB_WABQAU__crt_locale_pointers@@ABQAD@?$positional_parameter_base@_WV?$string_output_adapter@_W@__crt_stdio_output@@@__crt_stdio_output@@IAE@ABV?$string_output_adapter@_W@1@AB_KABQB_WABQAU__crt_locale_pointers@@ABQAD@Z 0400c4bd f i libucrt:output.obj
 0001:0000b505       ??$?0ABV?$string_output_adapter@_W@__crt_stdio_output@@AB_KABQB_WABQAU__crt_locale_pointers@@ABQAD@?$standard_base@_WV?$string_output_adapter@_W@__crt_stdio_output@@@__crt_stdio_output@@IAE@ABV?$string_output_adapter@_W@1@AB_KABQB_WABQAU__crt_locale_pointers@@ABQAD@Z 0400c505 f i libucrt:output.obj
 0001:0000b810       ??$__crt_interlocked_read@J@@YAJPDJ@Z 0400c810 f i libucrt:output.obj
 0001:0000c6d0       ??$count@D@formatting_buffer@__crt_stdio_output@@QBEIXZ 0400d6d0 f i libucrt:output.obj
 0001:0000c6e8       ??$count@_W@formatting_buffer@__crt_stdio_output@@QBEIXZ 0400d6e8 f i libucrt:output.obj
 0001:0000c701       ??$data@D@formatting_buffer@__crt_stdio_output@@QAEPADXZ 0400d701 f i libucrt:output.obj
 0001:0000c70e       ??$data@_W@formatting_buffer@__crt_stdio_output@@QAEPA_WXZ 0400d70e f i libucrt:output.obj
 0001:0000c71b       ??$ensure_buffer_is_big_enough@D@formatting_buffer@__crt_stdio_output@@QAE_NI@Z 0400d71b f i libucrt:output.obj
 0001:0000c79a       ??$ensure_buffer_is_big_enough@_W@formatting_buffer@__crt_stdio_output@@QAE_NI@Z 0400d79a f i libucrt:output.obj
 0001:0000c81a       ??$extract_argument_from_va_list@C_J@?$positional_parameter_base@DV?$stream_output_adapter@D@__crt_stdio_output@@@__crt_stdio_output@@IAE_NAA_J@Z 0400d81a f i libucrt:output.obj
 0001:0000c893       ??$extract_argument_from_va_list@C_J@?$positional_parameter_base@DV?$string_output_adapter@D@__crt_stdio_output@@@__crt_stdio_output@@IAE_NAA_J@Z 0400d893 f i libucrt:output.obj
 0001:0000c90c       ??$extract_argument_from_va_list@C_J@?$positional_parameter_base@_WV?$stream_output_adapter@_W@__crt_stdio_output@@@__crt_stdio_output@@IAE_NAA_J@Z 0400d90c f i libucrt:output.obj
 0001:0000c985       ??$extract_argument_from_va_list@C_J@?$positional_parameter_base@_WV?$string_output_adapter@_W@__crt_stdio_output@@@__crt_stdio_output@@IAE_NAA_J@Z 0400d985 f i libucrt:output.obj
 0001:0000c9fe       ??$extract_argument_from_va_list@C_J@?$standard_base@DV?$stream_output_adapter@D@__crt_stdio_output@@@__crt_stdio_output@@IAE_NAA_J@Z 0400d9fe f i libucrt:output.obj
 0001:0000ca1d       ??$extract_argument_from_va_list@C_J@?$standard_base@DV?$string_output_adapter@D@__crt_stdio_output@@@__crt_stdio_output@@IAE_NAA_J@Z 0400da1d f i libucrt:output.obj
 0001:0000ca3c       ??$extract_argument_from_va_list@C_J@?$standard_base@_WV?$stream_output_adapter@_W@__crt_stdio_output@@@__crt_stdio_output@@IAE_NAA_J@Z 0400da3c f i libucrt:output.obj
 0001:0000ca5b       ??$extract_argument_from_va_list@C_J@?$standard_base@_WV?$string_output_adapter@_W@__crt_stdio_output@@@__crt_stdio_output@@IAE_NAA_J@Z 0400da5b f i libucrt:output.obj
 0001:0000ca7a       ??$extract_argument_from_va_list@E_J@?$positional_parameter_base@DV?$stream_output_adapter@D@__crt_stdio_output@@@__crt_stdio_output@@IAE_NAA_J@Z 0400da7a f i libucrt:output.obj
 0001:0000caf3       ??$extract_argument_from_va_list@E_J@?$positional_parameter_base@DV?$string_output_adapter@D@__crt_stdio_output@@@__crt_stdio_output@@IAE_NAA_J@Z 0400daf3 f i libucrt:output.obj
 0001:0000cb6c       ??$extract_argument_from_va_list@E_J@?$positional_parameter_base@_WV?$stream_output_adapter@_W@__crt_stdio_output@@@__crt_stdio_output@@IAE_NAA_J@Z 0400db6c f i libucrt:output.obj
 0001:0000cbe5       ??$extract_argument_from_va_list@E_J@?$positional_parameter_base@_WV?$string_output_adapter@_W@__crt_stdio_output@@@__crt_stdio_output@@IAE_NAA_J@Z 0400dbe5 f i libucrt:output.obj
 0001:0000cc5e       ??$extract_argument_from_va_list@E_J@?$standard_base@DV?$stream_output_adapter@D@__crt_stdio_output@@@__crt_stdio_output@@IAE_NAA_J@Z 0400dc5e f i libucrt:output.obj
 0001:0000cc7d       ??$extract_argument_from_va_list@E_J@?$standard_base@DV?$string_output_adapter@D@__crt_stdio_output@@@__crt_stdio_output@@IAE_NAA_J@Z 0400dc7d f i libucrt:output.obj
 0001:0000cc9c       ??$extract_argument_from_va_list@E_J@?$standard_base@_WV?$stream_output_adapter@_W@__crt_stdio_output@@@__crt_stdio_output@@IAE_NAA_J@Z 0400dc9c f i libucrt:output.obj
 0001:0000ccbb       ??$extract_argument_from_va_list@E_J@?$standard_base@_WV?$string_output_adapter@_W@__crt_stdio_output@@@__crt_stdio_output@@IAE_NAA_J@Z 0400dcbb f i libucrt:output.obj
 0001:0000ccda       ??$extract_argument_from_va_list@F_J@?$positional_parameter_base@DV?$stream_output_adapter@D@__crt_stdio_output@@@__crt_stdio_output@@IAE_NAA_J@Z 0400dcda f i libucrt:output.obj
 0001:0000cd53       ??$extract_argument_from_va_list@F_J@?$positional_parameter_base@DV?$string_output_adapter@D@__crt_stdio_output@@@__crt_stdio_output@@IAE_NAA_J@Z 0400dd53 f i libucrt:output.obj
 0001:0000cdcc       ??$extract_argument_from_va_list@F_J@?$positional_parameter_base@_WV?$stream_output_adapter@_W@__crt_stdio_output@@@__crt_stdio_output@@IAE_NAA_J@Z 0400ddcc f i libucrt:output.obj
 0001:0000ce45       ??$extract_argument_from_va_list@F_J@?$positional_parameter_base@_WV?$string_output_adapter@_W@__crt_stdio_output@@@__crt_stdio_output@@IAE_NAA_J@Z 0400de45 f i libucrt:output.obj
 0001:0000cebe       ??$extract_argument_from_va_list@F_J@?$standard_base@DV?$stream_output_adapter@D@__crt_stdio_output@@@__crt_stdio_output@@IAE_NAA_J@Z 0400debe f i libucrt:output.obj
 0001:0000cedd       ??$extract_argument_from_va_list@F_J@?$standard_base@DV?$string_output_adapter@D@__crt_stdio_output@@@__crt_stdio_output@@IAE_NAA_J@Z 0400dedd f i libucrt:output.obj
 0001:0000cefc       ??$extract_argument_from_va_list@F_J@?$standard_base@_WV?$stream_output_adapter@_W@__crt_stdio_output@@@__crt_stdio_output@@IAE_NAA_J@Z 0400defc f i libucrt:output.obj
 0001:0000cf1b       ??$extract_argument_from_va_list@F_J@?$standard_base@_WV?$string_output_adapter@_W@__crt_stdio_output@@@__crt_stdio_output@@IAE_NAA_J@Z 0400df1b f i libucrt:output.obj
 0001:0000cf3a       ??$extract_argument_from_va_list@GD@?$positional_parameter_base@DV?$stream_output_adapter@D@__crt_stdio_output@@@__crt_stdio_output@@IAE_NAAD@Z 0400df3a f i libucrt:output.obj
 0001:0000cfb2       ??$extract_argument_from_va_list@GD@?$positional_parameter_base@DV?$string_output_adapter@D@__crt_stdio_output@@@__crt_stdio_output@@IAE_NAAD@Z 0400dfb2 f i libucrt:output.obj
 0001:0000d02a       ??$extract_argument_from_va_list@GD@?$standard_base@DV?$stream_output_adapter@D@__crt_stdio_output@@@__crt_stdio_output@@IAE_NAAD@Z 0400e02a f i libucrt:output.obj
 0001:0000d044       ??$extract_argument_from_va_list@GD@?$standard_base@DV?$string_output_adapter@D@__crt_stdio_output@@@__crt_stdio_output@@IAE_NAAD@Z 0400e044 f i libucrt:output.obj
 0001:0000d05e       ??$extract_argument_from_va_list@G_J@?$positional_parameter_base@DV?$stream_output_adapter@D@__crt_stdio_output@@@__crt_stdio_output@@IAE_NAA_J@Z 0400e05e f i libucrt:output.obj
 0001:0000d0d7       ??$extract_argument_from_va_list@G_J@?$positional_parameter_base@DV?$string_output_adapter@D@__crt_stdio_output@@@__crt_stdio_output@@IAE_NAA_J@Z 0400e0d7 f i libucrt:output.obj
 0001:0000d150       ??$extract_argument_from_va_list@G_J@?$positional_parameter_base@_WV?$stream_output_adapter@_W@__crt_stdio_output@@@__crt_stdio_output@@IAE_NAA_J@Z 0400e150 f i libucrt:output.obj
 0001:0000d1c9       ??$extract_argument_from_va_list@G_J@?$positional_parameter_base@_WV?$string_output_adapter@_W@__crt_stdio_output@@@__crt_stdio_output@@IAE_NAA_J@Z 0400e1c9 f i libucrt:output.obj
 0001:0000d242       ??$extract_argument_from_va_list@G_J@?$standard_base@DV?$stream_output_adapter@D@__crt_stdio_output@@@__crt_stdio_output@@IAE_NAA_J@Z 0400e242 f i libucrt:output.obj
 0001:0000d261       ??$extract_argument_from_va_list@G_J@?$standard_base@DV?$string_output_adapter@D@__crt_stdio_output@@@__crt_stdio_output@@IAE_NAA_J@Z 0400e261 f i libucrt:output.obj
 0001:0000d280       ??$extract_argument_from_va_list@G_J@?$standard_base@_WV?$stream_output_adapter@_W@__crt_stdio_output@@@__crt_stdio_output@@IAE_NAA_J@Z 0400e280 f i libucrt:output.obj
 0001:0000d29f       ??$extract_argument_from_va_list@G_J@?$standard_base@_WV?$string_output_adapter@_W@__crt_stdio_output@@@__crt_stdio_output@@IAE_NAA_J@Z 0400e29f f i libucrt:output.obj
 0001:0000d2be       ??$extract_argument_from_va_list@H_J@?$positional_parameter_base@DV?$stream_output_adapter@D@__crt_stdio_output@@@__crt_stdio_output@@IAE_NAA_J@Z 0400e2be f i libucrt:output.obj
 0001:0000d335       ??$extract_argument_from_va_list@H_J@?$positional_parameter_base@DV?$string_output_adapter@D@__crt_stdio_output@@@__crt_stdio_output@@IAE_NAA_J@Z 0400e335 f i libucrt:output.obj
 0001:0000d3ac       ??$extract_argument_from_va_list@H_J@?$positional_parameter_base@_WV?$stream_output_adapter@_W@__crt_stdio_output@@@__crt_stdio_output@@IAE_NAA_J@Z 0400e3ac f i libucrt:output.obj
 0001:0000d423       ??$extract_argument_from_va_list@H_J@?$positional_parameter_base@_WV?$string_output_adapter@_W@__crt_stdio_output@@@__crt_stdio_output@@IAE_NAA_J@Z 0400e423 f i libucrt:output.obj
 0001:0000d49a       ??$extract_argument_from_va_list@H_J@?$standard_base@DV?$stream_output_adapter@D@__crt_stdio_output@@@__crt_stdio_output@@IAE_NAA_J@Z 0400e49a f i libucrt:output.obj
 0001:0000d4b8       ??$extract_argument_from_va_list@H_J@?$standard_base@DV?$string_output_adapter@D@__crt_stdio_output@@@__crt_stdio_output@@IAE_NAA_J@Z 0400e4b8 f i libucrt:output.obj
 0001:0000d4d6       ??$extract_argument_from_va_list@H_J@?$standard_base@_WV?$stream_output_adapter@_W@__crt_stdio_output@@@__crt_stdio_output@@IAE_NAA_J@Z 0400e4d6 f i libucrt:output.obj
 0001:0000d4f4       ??$extract_argument_from_va_list@H_J@?$standard_base@_WV?$string_output_adapter@_W@__crt_stdio_output@@@__crt_stdio_output@@IAE_NAA_J@Z 0400e4f4 f i libucrt:output.obj
 0001:0000d512       ??$extract_argument_from_va_list@I_J@?$positional_parameter_base@DV?$stream_output_adapter@D@__crt_stdio_output@@@__crt_stdio_output@@IAE_NAA_J@Z 0400e512 f i libucrt:output.obj
 0001:0000d592       ??$extract_argument_from_va_list@I_J@?$positional_parameter_base@DV?$string_output_adapter@D@__crt_stdio_output@@@__crt_stdio_output@@IAE_NAA_J@Z 0400e592 f i libucrt:output.obj
 0001:0000d612       ??$extract_argument_from_va_list@I_J@?$positional_parameter_base@_WV?$stream_output_adapter@_W@__crt_stdio_output@@@__crt_stdio_output@@IAE_NAA_J@Z 0400e612 f i libucrt:output.obj
 0001:0000d692       ??$extract_argument_from_va_list@I_J@?$positional_parameter_base@_WV?$string_output_adapter@_W@__crt_stdio_output@@@__crt_stdio_output@@IAE_NAA_J@Z 0400e692 f i libucrt:output.obj
 0001:0000d712       ??$extract_argument_from_va_list@I_J@?$standard_base@DV?$stream_output_adapter@D@__crt_stdio_output@@@__crt_stdio_output@@IAE_NAA_J@Z 0400e712 f i libucrt:output.obj
 0001:0000d730       ??$extract_argument_from_va_list@I_J@?$standard_base@DV?$string_output_adapter@D@__crt_stdio_output@@@__crt_stdio_output@@IAE_NAA_J@Z 0400e730 f i libucrt:output.obj
 0001:0000d74e       ??$extract_argument_from_va_list@I_J@?$standard_base@_WV?$stream_output_adapter@_W@__crt_stdio_output@@@__crt_stdio_output@@IAE_NAA_J@Z 0400e74e f i libucrt:output.obj
 0001:0000d76c       ??$extract_argument_from_va_list@I_J@?$standard_base@_WV?$string_output_adapter@_W@__crt_stdio_output@@@__crt_stdio_output@@IAE_NAA_J@Z 0400e76c f i libucrt:output.obj
 0001:0000d78a       ??$extract_argument_from_va_list@PADPAD@?$positional_parameter_base@DV?$stream_output_adapter@D@__crt_stdio_output@@@__crt_stdio_output@@IAE_NAAPAD@Z 0400e78a f i libucrt:output.obj
 0001:0000d802       ??$extract_argument_from_va_list@PADPAD@?$positional_parameter_base@DV?$string_output_adapter@D@__crt_stdio_output@@@__crt_stdio_output@@IAE_NAAPAD@Z 0400e802 f i libucrt:output.obj
 0001:0000d87a       ??$extract_argument_from_va_list@PADPAD@?$positional_parameter_base@_WV?$stream_output_adapter@_W@__crt_stdio_output@@@__crt_stdio_output@@IAE_NAAPAD@Z 0400e87a f i libucrt:output.obj
 0001:0000d8f2       ??$extract_argument_from_va_list@PADPAD@?$positional_parameter_base@_WV?$string_output_adapter@_W@__crt_stdio_output@@@__crt_stdio_output@@IAE_NAAPAD@Z 0400e8f2 f i libucrt:output.obj
 0001:0000d96a       ??$extract_argument_from_va_list@PADPAD@?$standard_base@DV?$stream_output_adapter@D@__crt_stdio_output@@@__crt_stdio_output@@IAE_NAAPAD@Z 0400e96a f i libucrt:output.obj
 0001:0000d984       ??$extract_argument_from_va_list@PADPAD@?$standard_base@DV?$string_output_adapter@D@__crt_stdio_output@@@__crt_stdio_output@@IAE_NAAPAD@Z 0400e984 f i libucrt:output.obj
 0001:0000d99e       ??$extract_argument_from_va_list@PADPAD@?$standard_base@_WV?$stream_output_adapter@_W@__crt_stdio_output@@@__crt_stdio_output@@IAE_NAAPAD@Z 0400e99e f i libucrt:output.obj
 0001:0000d9b8       ??$extract_argument_from_va_list@PADPAD@?$standard_base@_WV?$string_output_adapter@_W@__crt_stdio_output@@@__crt_stdio_output@@IAE_NAAPAD@Z 0400e9b8 f i libucrt:output.obj
 0001:0000dcea       ??$extract_argument_from_va_list@PAXPAX@?$positional_parameter_base@DV?$stream_output_adapter@D@__crt_stdio_output@@@__crt_stdio_output@@IAE_NAAPAX@Z 0400ecea f i libucrt:output.obj
 0001:0000dd62       ??$extract_argument_from_va_list@PAXPAX@?$positional_parameter_base@DV?$string_output_adapter@D@__crt_stdio_output@@@__crt_stdio_output@@IAE_NAAPAX@Z 0400ed62 f i libucrt:output.obj
 0001:0000ddda       ??$extract_argument_from_va_list@PAXPAX@?$positional_parameter_base@_WV?$stream_output_adapter@_W@__crt_stdio_output@@@__crt_stdio_output@@IAE_NAAPAX@Z 0400edda f i libucrt:output.obj
 0001:0000de52       ??$extract_argument_from_va_list@PAXPAX@?$positional_parameter_base@_WV?$string_output_adapter@_W@__crt_stdio_output@@@__crt_stdio_output@@IAE_NAAPAX@Z 0400ee52 f i libucrt:output.obj
 0001:0000deca       ??$extract_argument_from_va_list@PAXPAX@?$standard_base@DV?$stream_output_adapter@D@__crt_stdio_output@@@__crt_stdio_output@@IAE_NAAPAX@Z 0400eeca f i libucrt:output.obj
 0001:0000dee4       ??$extract_argument_from_va_list@PAXPAX@?$standard_base@DV?$string_output_adapter@D@__crt_stdio_output@@@__crt_stdio_output@@IAE_NAAPAX@Z 0400eee4 f i libucrt:output.obj
 0001:0000defe       ??$extract_argument_from_va_list@PAXPAX@?$standard_base@_WV?$stream_output_adapter@_W@__crt_stdio_output@@@__crt_stdio_output@@IAE_NAAPAX@Z 0400eefe f i libucrt:output.obj
 0001:0000df18       ??$extract_argument_from_va_list@PAXPAX@?$standard_base@_WV?$string_output_adapter@_W@__crt_stdio_output@@@__crt_stdio_output@@IAE_NAAPAX@Z 0400ef18 f i libucrt:output.obj
 0001:0000df32       ??$extract_argument_from_va_list@U_CRT_DOUBLE@@U1@@?$positional_parameter_base@DV?$stream_output_adapter@D@__crt_stdio_output@@@__crt_stdio_output@@IAE_NAAU_CRT_DOUBLE@@@Z 0400ef32 f i libucrt:output.obj
 0001:0000dfb8       ??$extract_argument_from_va_list@U_CRT_DOUBLE@@U1@@?$positional_parameter_base@DV?$string_output_adapter@D@__crt_stdio_output@@@__crt_stdio_output@@IAE_NAAU_CRT_DOUBLE@@@Z 0400efb8 f i libucrt:output.obj
 0001:0000e03e       ??$extract_argument_from_va_list@U_CRT_DOUBLE@@U1@@?$positional_parameter_base@_WV?$stream_output_adapter@_W@__crt_stdio_output@@@__crt_stdio_output@@IAE_NAAU_CRT_DOUBLE@@@Z 0400f03e f i libucrt:output.obj
 0001:0000e0c4       ??$extract_argument_from_va_list@U_CRT_DOUBLE@@U1@@?$positional_parameter_base@_WV?$string_output_adapter@_W@__crt_stdio_output@@@__crt_stdio_output@@IAE_NAAU_CRT_DOUBLE@@@Z 0400f0c4 f i libucrt:output.obj
 0001:0000e14a       ??$extract_argument_from_va_list@U_CRT_DOUBLE@@U1@@?$standard_base@DV?$stream_output_adapter@D@__crt_stdio_output@@@__crt_stdio_output@@IAE_NAAU_CRT_DOUBLE@@@Z 0400f14a f i libucrt:output.obj
 0001:0000e16a       ??$extract_argument_from_va_list@U_CRT_DOUBLE@@U1@@?$standard_base@DV?$string_output_adapter@D@__crt_stdio_output@@@__crt_stdio_output@@IAE_NAAU_CRT_DOUBLE@@@Z 0400f16a f i libucrt:output.obj
 0001:0000e18a       ??$extract_argument_from_va_list@U_CRT_DOUBLE@@U1@@?$standard_base@_WV?$stream_output_adapter@_W@__crt_stdio_output@@@__crt_stdio_output@@IAE_NAAU_CRT_DOUBLE@@@Z 0400f18a f i libucrt:output.obj
 0001:0000e1aa       ??$extract_argument_from_va_list@U_CRT_DOUBLE@@U1@@?$standard_base@_WV?$string_output_adapter@_W@__crt_stdio_output@@@__crt_stdio_output@@IAE_NAAU_CRT_DOUBLE@@@Z 0400f1aa f i libucrt:output.obj
 0001:0000e1ca       ??$extract_argument_from_va_list@_J_J@?$positional_parameter_base@DV?$stream_output_adapter@D@__crt_stdio_output@@@__crt_stdio_output@@IAE_NAA_J@Z 0400f1ca f i libucrt:output.obj
 0001:0000e250       ??$extract_argument_from_va_list@_J_J@?$positional_parameter_base@DV?$string_output_adapter@D@__crt_stdio_output@@@__crt_stdio_output@@IAE_NAA_J@Z 0400f250 f i libucrt:output.obj
 0001:0000e2d6       ??$extract_argument_from_va_list@_J_J@?$positional_parameter_base@_WV?$stream_output_adapter@_W@__crt_stdio_output@@@__crt_stdio_output@@IAE_NAA_J@Z 0400f2d6 f i libucrt:output.obj
 0001:0000e35c       ??$extract_argument_from_va_list@_J_J@?$positional_parameter_base@_WV?$string_output_adapter@_W@__crt_stdio_output@@@__crt_stdio_output@@IAE_NAA_J@Z 0400f35c f i libucrt:output.obj
 0001:0000e3e2       ??$extract_argument_from_va_list@_J_J@?$standard_base@DV?$stream_output_adapter@D@__crt_stdio_output@@@__crt_stdio_output@@IAE_NAA_J@Z 0400f3e2 f i libucrt:output.obj
 0001:0000e402       ??$extract_argument_from_va_list@_J_J@?$standard_base@DV?$string_output_adapter@D@__crt_stdio_output@@@__crt_stdio_output@@IAE_NAA_J@Z 0400f402 f i libucrt:output.obj
 0001:0000e422       ??$extract_argument_from_va_list@_J_J@?$standard_base@_WV?$stream_output_adapter@_W@__crt_stdio_output@@@__crt_stdio_output@@IAE_NAA_J@Z 0400f422 f i libucrt:output.obj
 0001:0000e442       ??$extract_argument_from_va_list@_J_J@?$standard_base@_WV?$string_output_adapter@_W@__crt_stdio_output@@@__crt_stdio_output@@IAE_NAA_J@Z 0400f442 f i libucrt:output.obj
 0001:0000e462       ??$extract_argument_from_va_list@_K_J@?$positional_parameter_base@DV?$stream_output_adapter@D@__crt_stdio_output@@@__crt_stdio_output@@IAE_NAA_J@Z 0400f462 f i libucrt:output.obj
 0001:0000e4e8       ??$extract_argument_from_va_list@_K_J@?$positional_parameter_base@DV?$string_output_adapter@D@__crt_stdio_output@@@__crt_stdio_output@@IAE_NAA_J@Z 0400f4e8 f i libucrt:output.obj
 0001:0000e56e       ??$extract_argument_from_va_list@_K_J@?$positional_parameter_base@_WV?$stream_output_adapter@_W@__crt_stdio_output@@@__crt_stdio_output@@IAE_NAA_J@Z 0400f56e f i libucrt:output.obj
 0001:0000e5f4       ??$extract_argument_from_va_list@_K_J@?$positional_parameter_base@_WV?$string_output_adapter@_W@__crt_stdio_output@@@__crt_stdio_output@@IAE_NAA_J@Z 0400f5f4 f i libucrt:output.obj
 0001:0000e67a       ??$extract_argument_from_va_list@_K_J@?$standard_base@DV?$stream_output_adapter@D@__crt_stdio_output@@@__crt_stdio_output@@IAE_NAA_J@Z 0400f67a f i libucrt:output.obj
 0001:0000e69a       ??$extract_argument_from_va_list@_K_J@?$standard_base@DV?$string_output_adapter@D@__crt_stdio_output@@@__crt_stdio_output@@IAE_NAA_J@Z 0400f69a f i libucrt:output.obj
 0001:0000e6ba       ??$extract_argument_from_va_list@_K_J@?$standard_base@_WV?$stream_output_adapter@_W@__crt_stdio_output@@@__crt_stdio_output@@IAE_NAA_J@Z 0400f6ba f i libucrt:output.obj
 0001:0000e6da       ??$extract_argument_from_va_list@_K_J@?$standard_base@_WV?$string_output_adapter@_W@__crt_stdio_output@@@__crt_stdio_output@@IAE_NAA_J@Z 0400f6da f i libucrt:output.obj
 0001:0000e6fa       ??$extract_argument_from_va_list@_W_W@?$positional_parameter_base@DV?$stream_output_adapter@D@__crt_stdio_output@@@__crt_stdio_output@@IAE_NAA_W@Z 0400f6fa f i libucrt:output.obj
 0001:0000e776       ??$extract_argument_from_va_list@_W_W@?$positional_parameter_base@DV?$string_output_adapter@D@__crt_stdio_output@@@__crt_stdio_output@@IAE_NAA_W@Z 0400f776 f i libucrt:output.obj
 0001:0000e7f2       ??$extract_argument_from_va_list@_W_W@?$positional_parameter_base@_WV?$stream_output_adapter@_W@__crt_stdio_output@@@__crt_stdio_output@@IAE_NAA_W@Z 0400f7f2 f i libucrt:output.obj
 0001:0000e86e       ??$extract_argument_from_va_list@_W_W@?$positional_parameter_base@_WV?$string_output_adapter@_W@__crt_stdio_output@@@__crt_stdio_output@@IAE_NAA_W@Z 0400f86e f i libucrt:output.obj
 0001:0000e8ea       ??$extract_argument_from_va_list@_W_W@?$standard_base@DV?$stream_output_adapter@D@__crt_stdio_output@@@__crt_stdio_output@@IAE_NAA_W@Z 0400f8ea f i libucrt:output.obj
 0001:0000e906       ??$extract_argument_from_va_list@_W_W@?$standard_base@DV?$string_output_adapter@D@__crt_stdio_output@@@__crt_stdio_output@@IAE_NAA_W@Z 0400f906 f i libucrt:output.obj
 0001:0000e922       ??$extract_argument_from_va_list@_W_W@?$standard_base@_WV?$stream_output_adapter@_W@__crt_stdio_output@@@__crt_stdio_output@@IAE_NAA_W@Z 0400f922 f i libucrt:output.obj
 0001:0000e93e       ??$extract_argument_from_va_list@_W_W@?$standard_base@_WV?$string_output_adapter@_W@__crt_stdio_output@@@__crt_stdio_output@@IAE_NAA_W@Z 0400f93e f i libucrt:output.obj
 0001:0000e95a       ??$get_parameter_type@D@?$positional_parameter_base@DV?$stream_output_adapter@D@__crt_stdio_output@@@__crt_stdio_output@@CA?AW4parameter_type@01@PAD@Z 0400f95a f i libucrt:output.obj
 0001:0000e95e       ??$get_parameter_type@D@?$positional_parameter_base@DV?$string_output_adapter@D@__crt_stdio_output@@@__crt_stdio_output@@CA?AW4parameter_type@01@PAD@Z 0400f95e f i libucrt:output.obj
 0001:0000e962       ??$get_parameter_type@D@?$positional_parameter_base@_WV?$stream_output_adapter@_W@__crt_stdio_output@@@__crt_stdio_output@@CA?AW4parameter_type@01@PAD@Z 0400f962 f i libucrt:output.obj
 0001:0000e966       ??$get_parameter_type@D@?$positional_parameter_base@_WV?$string_output_adapter@_W@__crt_stdio_output@@@__crt_stdio_output@@CA?AW4parameter_type@01@PAD@Z 0400f966 f i libucrt:output.obj
 0001:0000e97a       ??$get_parameter_type@X@?$positional_parameter_base@DV?$stream_output_adapter@D@__crt_stdio_output@@@__crt_stdio_output@@CA?AW4parameter_type@01@PAX@Z 0400f97a f i libucrt:output.obj
 0001:0000e97e       ??$get_parameter_type@X@?$positional_parameter_base@DV?$string_output_adapter@D@__crt_stdio_output@@@__crt_stdio_output@@CA?AW4parameter_type@01@PAX@Z 0400f97e f i libucrt:output.obj
 0001:0000e982       ??$get_parameter_type@X@?$positional_parameter_base@_WV?$stream_output_adapter@_W@__crt_stdio_output@@@__crt_stdio_output@@CA?AW4parameter_type@01@PAX@Z 0400f982 f i libucrt:output.obj
 0001:0000e986       ??$get_parameter_type@X@?$positional_parameter_base@_WV?$string_output_adapter@_W@__crt_stdio_output@@@__crt_stdio_output@@CA?AW4parameter_type@01@PAX@Z 0400f986 f i libucrt:output.obj
 0001:0000e98a       ??$is_character_specifier@D@?$positional_parameter_base@DV?$stream_output_adapter@D@__crt_stdio_output@@@__crt_stdio_output@@CA_ND@Z 0400f98a f i libucrt:output.obj
 0001:0000e9a2       ??$is_character_specifier@D@?$positional_parameter_base@DV?$string_output_adapter@D@__crt_stdio_output@@@__crt_stdio_output@@CA_ND@Z 0400f9a2 f i libucrt:output.obj
 0001:0000e9ba       ??$is_character_specifier@_W@?$positional_parameter_base@_WV?$stream_output_adapter@_W@__crt_stdio_output@@@__crt_stdio_output@@CA_N_W@Z 0400f9ba f i libucrt:output.obj
 0001:0000e9d5       ??$is_character_specifier@_W@?$positional_parameter_base@_WV?$string_output_adapter@_W@__crt_stdio_output@@@__crt_stdio_output@@CA_N_W@Z 0400f9d5 f i libucrt:output.obj
 0001:0000e9f0       ??$is_integral_specifier@D@?$positional_parameter_base@DV?$stream_output_adapter@D@__crt_stdio_output@@@__crt_stdio_output@@CA_ND@Z 0400f9f0 f i libucrt:output.obj
 0001:0000ea1c       ??$is_integral_specifier@D@?$positional_parameter_base@DV?$string_output_adapter@D@__crt_stdio_output@@@__crt_stdio_output@@CA_ND@Z 0400fa1c f i libucrt:output.obj
 0001:0000ea48       ??$is_integral_specifier@_W@?$positional_parameter_base@_WV?$stream_output_adapter@_W@__crt_stdio_output@@@__crt_stdio_output@@CA_N_W@Z 0400fa48 f i libucrt:output.obj
 0001:0000ea83       ??$is_integral_specifier@_W@?$positional_parameter_base@_WV?$string_output_adapter@_W@__crt_stdio_output@@@__crt_stdio_output@@CA_N_W@Z 0400fa83 f i libucrt:output.obj
 0001:0000eabe       ??$is_pointer_specifier@D@?$positional_parameter_base@DV?$stream_output_adapter@D@__crt_stdio_output@@@__crt_stdio_output@@CA_ND@Z 0400fabe f i libucrt:output.obj
 0001:0000eacc       ??$is_pointer_specifier@D@?$positional_parameter_base@DV?$string_output_adapter@D@__crt_stdio_output@@@__crt_stdio_output@@CA_ND@Z 0400facc f i libucrt:output.obj
 0001:0000eada       ??$is_pointer_specifier@_W@?$positional_parameter_base@_WV?$stream_output_adapter@_W@__crt_stdio_output@@@__crt_stdio_output@@CA_N_W@Z 0400fada f i libucrt:output.obj
 0001:0000eae9       ??$is_pointer_specifier@_W@?$positional_parameter_base@_WV?$string_output_adapter@_W@__crt_stdio_output@@@__crt_stdio_output@@CA_N_W@Z 0400fae9 f i libucrt:output.obj
 0001:0000eaf8       ??$is_string_specifier@D@?$positional_parameter_base@DV?$stream_output_adapter@D@__crt_stdio_output@@@__crt_stdio_output@@CA_ND@Z 0400faf8 f i libucrt:output.obj
 0001:0000eb10       ??$is_string_specifier@D@?$positional_parameter_base@DV?$string_output_adapter@D@__crt_stdio_output@@@__crt_stdio_output@@CA_ND@Z 0400fb10 f i libucrt:output.obj
 0001:0000eb28       ??$is_string_specifier@_W@?$positional_parameter_base@_WV?$stream_output_adapter@_W@__crt_stdio_output@@@__crt_stdio_output@@CA_N_W@Z 0400fb28 f i libucrt:output.obj
 0001:0000eb43       ??$is_string_specifier@_W@?$positional_parameter_base@_WV?$string_output_adapter@_W@__crt_stdio_output@@@__crt_stdio_output@@CA_N_W@Z 0400fb43 f i libucrt:output.obj
 0001:0000eb5e       ??$is_wide_character_specifier@D@__crt_stdio_output@@YA_N_KDW4length_modifier@0@@Z 0400fb5e f i libucrt:output.obj
 0001:0000eb8f       ??$is_wide_character_specifier@_W@__crt_stdio_output@@YA_N_K_WW4length_modifier@0@@Z 0400fb8f f i libucrt:output.obj
 0001:0000ebdd       ??$peek_va_arg@C@__crt_stdio_output@@YACPAD@Z 0400fbdd f i libucrt:output.obj
 0001:0000ebe9       ??$peek_va_arg@E@__crt_stdio_output@@YAEPAD@Z 0400fbe9 f i libucrt:output.obj
 0001:0000ebf5       ??$peek_va_arg@F@__crt_stdio_output@@YAFPAD@Z 0400fbf5 f i libucrt:output.obj
 0001:0000ec02       ??$peek_va_arg@G@__crt_stdio_output@@YAGPAD@Z 0400fc02 f i libucrt:output.obj
 0001:0000ec0f       ??$peek_va_arg@H@__crt_stdio_output@@YAHPAD@Z 0400fc0f f i libucrt:output.obj
 0001:0000ec1b       ??$peek_va_arg@I@__crt_stdio_output@@YAIPAD@Z 0400fc1b f i libucrt:output.obj
 0001:0000ec27       ??$peek_va_arg@PAD@__crt_stdio_output@@YAPADPAD@Z 0400fc27 f i libucrt:output.obj
 0001:0000ec63       ??$peek_va_arg@PAX@__crt_stdio_output@@YAPAXPAD@Z 0400fc63 f i libucrt:output.obj
 0001:0000ec6f       ??$peek_va_arg@U_CRT_DOUBLE@@@__crt_stdio_output@@YA?AU_CRT_DOUBLE@@PAD@Z 0400fc6f f i libucrt:output.obj
 0001:0000ec7e       ??$peek_va_arg@_J@__crt_stdio_output@@YA_JPAD@Z 0400fc7e f i libucrt:output.obj
 0001:0000ec8d       ??$peek_va_arg@_K@__crt_stdio_output@@YA_KPAD@Z 0400fc8d f i libucrt:output.obj
 0001:0000ec9c       ??$peek_va_arg@_W@__crt_stdio_output@@YA_WPAD@Z 0400fc9c f i libucrt:output.obj
 0001:0000eca9       ??$puttc_nolock@ABDPAU_iobuf@@@?$__crt_char_traits@D@@SAHABD$$QAPAU_iobuf@@@Z 0400fca9 f i libucrt:output.obj
 0001:0000ecc3       ??$puttc_nolock@AB_WPAU_iobuf@@@?$__crt_char_traits@_W@@SAGAB_W$$QAPAU_iobuf@@@Z 0400fcc3 f i libucrt:output.obj
 0001:0000ecdd       ??$read_va_arg@C@__crt_stdio_output@@YACAAPAD@Z 0400fcdd f i libucrt:output.obj
 0001:0000ecef       ??$read_va_arg@E@__crt_stdio_output@@YAEAAPAD@Z 0400fcef f i libucrt:output.obj
 0001:0000ed01       ??$read_va_arg@F@__crt_stdio_output@@YAFAAPAD@Z 0400fd01 f i libucrt:output.obj
 0001:0000ed14       ??$read_va_arg@G@__crt_stdio_output@@YAGAAPAD@Z 0400fd14 f i libucrt:output.obj
[...]
 0002:00007e20       __sehtable$??$?RV<lambda_cc35d49d909def412005bd38ddc96b77>@@AAV<lambda_d6a382b8dd98a6801a8abd6c28bdff2d>@@V<lambda_148068cfb9786d9714740654406e93d5>@@@?$__crt_seh_guarded_call@H@@QAEH$$QAV<lambda_cc35d49d909def412005bd38ddc96b77>@@AAV<lambda_d6a382b8dd98a6801a8abd6c28bdff2d>@@$$QAV<lambda_148068cfb9786d9714740654406e93d5>@@@Z 04047e20     libucrt:output.obj
 0002:00007e40       __sehtable$??$?RV<lambda_b7f50223258ab9fcc98080d45d02b1a4>@@AAV<lambda_42506531d319a600ce771deb5a236a10>@@V<lambda_31f843250ba6188c6e1f35d2bec6db0e>@@@?$__crt_seh_guarded_call@H@@QAEH$$QAV<lambda_b7f50223258ab9fcc98080d45d02b1a4>@@AAV<lambda_42506531d319a600ce771deb5a236a10>@@$$QAV<lambda_31f843250ba6188c6e1f35d2bec6db0e>@@@Z 04047e40     libucrt:output.obj
 0002:00007e60       __sehtable$??$?RV<lambda_3a2a6cca1b0f7007a3db339dcecd1562>@@AAV<lambda_e38011a3ba6e07c7dbcef4d549f26102>@@V<lambda_b2332a2b562101f3c3c34baab19e0511>@@@?$__crt_seh_guarded_call@H@@QAEH$$QAV<lambda_3a2a6cca1b0f7007a3db339dcecd1562>@@AAV<lambda_e38011a3ba6e07c7dbcef4d549f26102>@@$$QAV<lambda_b2332a2b562101f3c3c34baab19e0511>@@@Z 04047e60     libucrt:output.obj
 0002:00007e80       __sehtable$??$?RV<lambda_b4329732a1a72698597872ef534ad66d>@@AAV<lambda_96392db5b14a27f72535a2156da24b09>@@V<lambda_0f47277b42e3e84c3311fed419af0b3c>@@@?$__crt_seh_guarded_call@H@@QAEH$$QAV<lambda_b4329732a1a72698597872ef534ad66d>@@AAV<lambda_96392db5b14a27f72535a2156da24b09>@@$$QAV<lambda_0f47277b42e3e84c3311fed419af0b3c>@@@Z 04047e80     libucrt:output.obj
 0002:00007ea0       __sehtable$??R<lambda_6e4b09c48022b2350581041d5f6b0c4c>@@QBE@XZ 04047ea0     libucrt:exit.obj
 0002:00007ec0       __sehtable$??$?RV<lambda_03b1d95aef87969028cfba75ccab2455>@@AAV<lambda_6e4b09c48022b2350581041d5f6b0c4c>@@V<lambda_22bdf7517842c4b3e53723af5aa32b9e>@@@?$__crt_seh_guarded_call@X@@QAEX$$QAV<lambda_03b1d95aef87969028cfba75ccab2455>@@AAV<lambda_6e4b09c48022b2350581041d5f6b0c4c>@@$$QAV<lambda_22bdf7517842c4b3e53723af5aa32b9e>@@@Z 04047ec0     libucrt:exit.obj
 0002:00007ee0       __sehtable$??$?RV<lambda_8e746cf0007f6ed984d6f78af1fec997>@@AAV<lambda_22ebabd17bc4fa466a2aca6d8deb888d>@@V<lambda_18ed0c0b38a6dc0daf1e7ac6d6adf05e>@@@?$__crt_seh_guarded_call@H@@QAEH$$QAV<lambda_8e746cf0007f6ed984d6f78af1fec997>@@AAV<lambda_22ebabd17bc4fa466a2aca6d8deb888d>@@$$QAV<lambda_18ed0c0b38a6dc0daf1e7ac6d6adf05e>@@@Z 04047ee0     libucrt:onexit.obj
 0002:00007f00       __sehtable$??$?RV<lambda_69a2805e680e0e292e8ba93315fe43a8>@@AAV<lambda_f03950bc5685219e0bcd2087efbe011e>@@V<lambda_03fcd07e894ec930e3f35da366ca99d6>@@@?$__crt_seh_guarded_call@H@@QAEH$$QAV<lambda_69a2805e680e0e292e8ba93315fe43a8>@@AAV<lambda_f03950bc5685219e0bcd2087efbe011e>@@$$QAV<lambda_03fcd07e894ec930e3f35da366ca99d6>@@@Z 04047f00     libucrt:onexit.obj
 0002:00007f20       __sehtable$_terminate      04047f20     libucrt:terminate.obj
 0002:00007f40       __sehtable$??$?RV<lambda_15ade71b0218206bbe3333a0c9b79046>@@AAV<lambda_da44e0f8b0f19ba52fefafb335991732>@@V<lambda_207f2d024fc103971653565357d6cd41>@@@?$__crt_seh_guarded_call@X@@QAEX$$QAV<lambda_15ade71b0218206bbe3333a0c9b79046>@@AAV<lambda_da44e0f8b0f19ba52fefafb335991732>@@$$QAV<lambda_207f2d024fc103971653565357d6cd41>@@@Z 04047f40     libucrt:per_thread_data.obj
 0002:00007f60       __sehtable$??$?RV<lambda_a7e850c220f1c8d1e6efeecdedd162c6>@@AAV<lambda_46720907175c18b6c9d2717bc0d2d362>@@V<lambda_9048902d66e8d99359bc9897bbb930a8>@@@?$__crt_seh_guarded_call@X@@QAEX$$QAV<lambda_a7e850c220f1c8d1e6efeecdedd162c6>@@AAV<lambda_46720907175c18b6c9d2717bc0d2d362>@@$$QAV<lambda_9048902d66e8d99359bc9897bbb930a8>@@@Z 04047f60     libucrt:per_thread_data.obj
 0002:00007f80       __sehtable$??$?RV<lambda_38edbb1296d33220d7e4dd0ed76b244a>@@AAV<lambda_5ce1d447e08cb34b2473517608e21441>@@V<lambda_fb385d3da700c9147fc39e65dd577a8c>@@@?$__crt_seh_guarded_call@X@@QAEX$$QAV<lambda_38edbb1296d33220d7e4dd0ed76b244a>@@AAV<lambda_5ce1d447e08cb34b2473517608e21441>@@$$QAV<lambda_fb385d3da700c9147fc39e65dd577a8c>@@@Z 04047f80     libucrt:per_thread_data.obj
 0002:00007fa0       __sehtable$??$?RV<lambda_6affb1475c98b40b75cdec977db92e3c>@@AAV<lambda_b8d4b9c228a6ecc3f80208dbb4b4a104>@@V<lambda_608742c3c92a14382c1684fc64f96c88>@@@?$__crt_seh_guarded_call@X@@QAEX$$QAV<lambda_6affb1475c98b40b75cdec977db92e3c>@@AAV<lambda_b8d4b9c228a6ecc3f80208dbb4b4a104>@@$$QAV<lambda_608742c3c92a14382c1684fc64f96c88>@@@Z 04047fa0     libucrt:per_thread_data.obj
 0002:00007fc0       __sehtable$__free_locale   04047fc0     libucrt:wsetlocale.obj
 0002:00007fe8       __sehtable$??$?RV<lambda_e5124f882df8998aaf41531e079ba474>@@AAV<lambda_3e16ef9562a7dcce91392c22ab16ea36>@@V<lambda_e25ca0880e6ef98be67edffd8c599615>@@@?$__crt_seh_guarded_call@X@@QAEX$$QAV<lambda_e5124f882df8998aaf41531e079ba474>@@AAV<lambda_3e16ef9562a7dcce91392c22ab16ea36>@@$$QAV<lambda_e25ca0880e6ef98be67edffd8c599615>@@@Z 04047fe8     libucrt:wsetlocale.obj
 0002:00008008       __sehtable$??$?RV<lambda_82aef432098b982f9ede325b418aa67a>@@AAV<lambda_862e9a3f04921db6ca1ce3faa2bf3edf>@@V<lambda_ffabc152e504b53d7492b9889b10c020>@@@?$__crt_seh_guarded_call@X@@QAEX$$QAV<lambda_82aef432098b982f9ede325b418aa67a>@@AAV<lambda_862e9a3f04921db6ca1ce3faa2bf3edf>@@$$QAV<lambda_ffabc152e504b53d7492b9889b10c020>@@@Z 04048008     libucrt:wsetlocale.obj
 0002:00008028       __sehtable$??$?RV<lambda_6673f7c4c09a5d469d0c27ae364621ce>@@AAV<lambda_ebab98244f73a74f49db879bf13fa982>@@V<lambda_be20789b7a146653eab82509ec35b419>@@@?$__crt_seh_guarded_call@X@@QAEX$$QAV<lambda_6673f7c4c09a5d469d0c27ae364621ce>@@AAV<lambda_ebab98244f73a74f49db879bf13fa982>@@$$QAV<lambda_be20789b7a146653eab82509ec35b419>@@@Z 04048028     libucrt:wsetlocale.obj
 0002:00008048       __sehtable$??$?RV<lambda_4fdada1b837b2abbf20876fac97688ad>@@AAV<lambda_b57350f2640456a0859d250846f69caf>@@V<lambda_eed5e4f92b5b7d55fa22c48c484aaa54>@@@?$__crt_seh_guarded_call@X@@QAEX$$QAV<lambda_4fdada1b837b2abbf20876fac97688ad>@@AAV<lambda_b57350f2640456a0859d250846f69caf>@@$$QAV<lambda_eed5e4f92b5b7d55fa22c48c484aaa54>@@@Z 04048048     libucrt:wsetlocale.obj
 0002:00008068       __sehtable$??$?RV<lambda_135d2772fca65dc1248eeaa1b56e886a>@@AAV<lambda_2a444430fde8c29194d880d93eed5e8f>@@AAV<lambda_8dff2cf36a5417162780cd64fa2883ef>@@@?$__crt_seh_guarded_call@X@@QAEX$$QAV<lambda_135d2772fca65dc1248eeaa1b56e886a>@@AAV<lambda_2a444430fde8c29194d880d93eed5e8f>@@AAV<lambda_8dff2cf36a5417162780cd64fa2883ef>@@@Z 04048068     libucrt:wsetlocale.obj
 0002:00008088       __sehtable$_fputwc         04048088     libucrt:fputwc.obj
 0002:000080a8       __sehtable$_fputc          040480a8     libucrt:fputc.obj
 0002:000080c8       __sehtable$___acrt_initialize_lowio 040480c8     libucrt:ioinit.obj
 0002:000080e8       __sehtable$?update_thread_multibyte_data_internal@@YAPAU__crt_multibyte_data@@QAU__acrt_ptd@@QAPAU1@@Z 040480e8     libucrt:mbctype.obj
 0002:00008108       __sehtable$??$?RV<lambda_ceb1ee4838e85a9d631eb091e2fbe199>@@AAV<lambda_ae742caa10f662c28703da3d2ea5e57e>@@V<lambda_cd08b5d6af4937fe54fc07d0c9bf6b37>@@@?$__crt_seh_guarded_call@X@@QAEX$$QAV<lambda_ceb1ee4838e85a9d631eb091e2fbe199>@@AAV<lambda_ae742caa10f662c28703da3d2ea5e57e>@@$$QAV<lambda_cd08b5d6af4937fe54fc07d0c9bf6b37>@@@Z 04048108     libucrt:mbctype.obj
 0002:00008128       __sehtable$??$?RV<lambda_93797fb4802c957ba6a7f08e1250235b>@@AAV<lambda_1f3ce6bd48e0aa2e72a71c02eee379d3>@@V<lambda_56cae30c9364c9b6c15aeaac05d0418e>@@@?$__crt_seh_guarded_call@H@@QAEH$$QAV<lambda_93797fb4802c957ba6a7f08e1250235b>@@AAV<lambda_1f3ce6bd48e0aa2e72a71c02eee379d3>@@$$QAV<lambda_56cae30c9364c9b6c15aeaac05d0418e>@@@Z 04048128     libucrt:winapi_thunks.obj
 0002:00008148       __sehtable$__query_new_handler 04048148     libucrt:new_handler.obj
 0002:00008168       __sehtable$__set_new_handler 04048168     libucrt:new_handler.obj
 0002:00008188       __sehtable$_signal         04048188     libucrt:signal.obj
 0002:000081a8       __sehtable$_raise          040481a8     libucrt:signal.obj
 0002:000081c8       __sehtable$?ctrlevent_capture@@YGHK@Z 040481c8     libucrt:signal.obj
 0002:000081e8       __sehtable$??$?RV<lambda_cbab9ec6f41b0180b23cc171c22676b0>@@AAV<lambda_44731a7d0e6d81c3e6aa82d741081786>@@V<lambda_4b292cb8dd18144e164572427af410ab>@@@?$__crt_seh_guarded_call@P6AXH@Z@@QAEP6AXH@Z$$QAV<lambda_cbab9ec6f41b0180b23cc171c22676b0>@@AAV<lambda_44731a7d0e6d81c3e6aa82d741081786>@@$$QAV<lambda_4b292cb8dd18144e164572427af410ab>@@@Z 040481e8     libucrt:signal.obj
 0002:00008208       __sehtable$??$?RV<lambda_2866be3712abc81a800a822484c830d8>@@AAV<lambda_39ca0ed439415581b5b15c265174cece>@@V<lambda_2b24c74d71094a6cd0cb82e44167d71b>@@@?$__crt_seh_guarded_call@X@@QAEX$$QAV<lambda_2866be3712abc81a800a822484c830d8>@@AAV<lambda_39ca0ed439415581b5b15c265174cece>@@$$QAV<lambda_2b24c74d71094a6cd0cb82e44167d71b>@@@Z 04048208     libucrt:fflush.obj
 0002:00008228       __sehtable$??$?RV<lambda_2cc53f568c5a2bb6f192f930a45d44ea>@@AAV<lambda_ab61a845afdef5b7c387490eaf3616ee>@@V<lambda_c2ffc0b7726aa6be21d5f0026187e748>@@@?$__crt_seh_guarded_call@X@@QAEX$$QAV<lambda_2cc53f568c5a2bb6f192f930a45d44ea>@@AAV<lambda_ab61a845afdef5b7c387490eaf3616ee>@@$$QAV<lambda_c2ffc0b7726aa6be21d5f0026187e748>@@@Z 04048228     libucrt:fflush.obj
 0002:00008248       __sehtable$??$?RV<lambda_6d20deecaf4856105ebacbad442d1079>@@AAV<lambda_9a32fed5bf61b6b509b2d3f6003082a1>@@V<lambda_63ea2239ed67c638ddbae41947fdf875>@@@?$__crt_seh_guarded_call@H@@QAEH$$QAV<lambda_6d20deecaf4856105ebacbad442d1079>@@AAV<lambda_9a32fed5bf61b6b509b2d3f6003082a1>@@$$QAV<lambda_63ea2239ed67c638ddbae41947fdf875>@@@Z 04048248     libucrt:fflush.obj
 0002:00008268       __sehtable$___acrt_update_thread_locale_data 04048268     libucrt:locale_refcounting.obj
 0002:00008288       __sehtable$__fcloseall     04048288     libucrt:closeall.obj
 0002:000082a8       __sehtable$__open_osfhandle 040482a8     libucrt:osfinfo.obj
 0002:000082c8       __sehtable$__alloc_osfhnd  040482c8     libucrt:osfinfo.obj
 0002:000082e8       __sehtable$___acrt_lowio_ensure_fh_exists 040482e8     libucrt:osfinfo.obj
 0002:00008308       __sehtable$??$?RV<lambda_9e9de3de5fa147e2223d7db92bc10aa6>@@AAV<lambda_38ce7e780aa69e748d6df282ebc68efe>@@V<lambda_8ca6da459f0f6780f1cff60fdc3d00e5>@@@?$__crt_seh_guarded_call@H@@QAEH$$QAV<lambda_9e9de3de5fa147e2223d7db92bc10aa6>@@AAV<lambda_38ce7e780aa69e748d6df282ebc68efe>@@$$QAV<lambda_8ca6da459f0f6780f1cff60fdc3d00e5>@@@Z 04048308     libucrt:commit.obj
 0002:00008328       __sehtable$__write         04048328     libucrt:write.obj
 0002:00008348       __sehtable$??$common_lseek@J@@YAJHJH@Z 04048348     libucrt:lseek.obj
 0002:00008368       __sehtable$??$common_lseek@_J@@YA_JH_JH@Z 04048368     libucrt:lseek.obj
 0002:00008388       __sehtable$_fclose         04048388     libucrt:fclose.obj
 0002:000083a8       __sehtable$??$?RV<lambda_f828341fbe69b7c0d4c527b01f22877f>@@AAV<lambda_9e0b6ab72a5b3ae37ad997d08b519f50>@@V<lambda_f01deac0a8d65d6e0411edf7e0af5775>@@@?$__crt_seh_guarded_call@G@@QAEG$$QAV<lambda_f828341fbe69b7c0d4c527b01f22877f>@@AAV<lambda_9e0b6ab72a5b3ae37ad997d08b519f50>@@$$QAV<lambda_f01deac0a8d65d6e0411edf7e0af5775>@@@Z 040483a8     libucrt:putwch.obj
 0002:000083c8       __sehtable$__read          040483c8     libucrt:read.obj
 0002:000083e8       __sehtable$??$?RV<lambda_218ce3db14220d0be481dae8ef3383b6>@@AAV<lambda_628dfdc04ba53c8bfc02c9951375f3f5>@@V<lambda_57dc472bd5c9d5f3b2cbca59b8a843ae>@@@?$__crt_seh_guarded_call@H@@QAEH$$QAV<lambda_218ce3db14220d0be481dae8ef3383b6>@@AAV<lambda_628dfdc04ba53c8bfc02c9951375f3f5>@@$$QAV<lambda_57dc472bd5c9d5f3b2cbca59b8a843ae>@@@Z 040483e8     libucrt:close.obj
 0002:00008408       __sehtable$?__acrt_stdio_allocate_stream@@YA?AV__crt_stdio_stream@@XZ 04048408     libucrt:stream.obj
 0002:00008428       __sehtable$___set_fpsr_sse2 04048428     libucrt:fpctrl.obj
 0002:00008448       __sehtable$__IsNonwritableInCurrentImage 04048448     LIBCMT:pesect.obj
 0002:00008470       .edata                     04048470     MQ2Bandolier.exp
 0002:00008498       rgpv                       04048498     MQ2Bandolier.exp
 0002:000084ac       rgszName                   040484ac     MQ2Bandolier.exp
 0002:000084c0       rgwOrd                     040484c0     MQ2Bandolier.exp
 0002:000084ca       szName                     040484ca     MQ2Bandolier.exp
 0002:000084db       $N00001                    040484db     MQ2Bandolier.exp
 0002:000084ec       $N00002                    040484ec     MQ2Bandolier.exp
 0002:000084fd       $N00003                    040484fd     MQ2Bandolier.exp
 0002:0000850a       $N00004                    0404850a     MQ2Bandolier.exp
 0002:00008519       $N00005                    04048519     MQ2Bandolier.exp
 0002:00008738       .idata$6                   04048738     kernel32:KERNEL32.dll
 0002:0000884e       .idata$6                   0404884e     MQ2Main:MQ2Main.dll
 0003:00000020       ?__vcrt_flsindex@@3KA      04049020     libvcruntime:per_thread_data.obj
 0003:00000044       ?errno_no_memory@@3HA      04049044     libucrt:errno.obj
 0003:00000048       ?doserrno_no_memory@@3KA   04049048     libucrt:errno.obj
 0003:0000004c       ?__acrt_flsindex@@3KA      0404904c     libucrt:per_thread_data.obj
 0003:00000050       __ctype_loc_style          04049050     libucrt:wsetlocale.obj
 0003:00000428       __mbctypes                 04049428     libucrt:mbctype.obj
 0003:00000530       __mbcasemaps               04049530     libucrt:mbctype.obj
 0003:00000630       ?__rgctypeflag@@3PADA      04049630     libucrt:mbctype.obj
 0003:00000638       ?__rgcode_page_info@@3PAUcode_page_info@@A 04049638     libucrt:mbctype.obj
 0003:00000890       ?__dcrt_lowio_console_output_handle@@3PAXA 04049890     libucrt:initcon.obj
 0003:00000894       ?__DAZ_ENABLED@?1??__set_fpsr_sse2@@9@9 04049894     libucrt:fpctrl.obj
 0003:000031d8       ?__proc_attached@@3HA      0404c1d8     LIBCMT:dll_dllmain.obj
 0003:000031f8       ?is_initialized_as_dll@@3_NA 0404c1f8     LIBCMT:utility.obj
 0003:000031f9       ?module_local_atexit_table_initialized@@3_NA 0404c1f9     LIBCMT:utility.obj
 0003:000031fc       ?module_local_atexit_table@@3U_onexit_table_t@@A 0404c1fc     LIBCMT:utility.obj
 0003:00003208       ?module_local_at_quick_exit_table@@3U_onexit_table_t@@A 0404c208     LIBCMT:utility.obj
 0003:00003220       _GS_ExceptionRecord        0404c220     LIBCMT:gs_report.obj
 0003:00003270       _GS_ContextRecord          0404c270     LIBCMT:gs_report.obj
 0003:00003564       ?heap@@3V_HeapManager@@A   0404c564     libvcruntime:undname.obj
 0003:00003578       ?__vcrt_startup_thread_ptd@@3U__vcrt_ptd@@A 0404c578     libvcruntime:per_thread_data.obj
 0003:000035a0       ___vcrt_lock_table         0404c5a0     libvcruntime:locks.obj
 0003:000035b8       ___vcrt_locks_initialized  0404c5b8     libvcruntime:locks.obj
 0003:000035bc       ?module_handles@@3PAPAUHINSTANCE__@@A 0404c5bc     libvcruntime:winapi_downlevel.obj
 0003:000035c8       ?encoded_function_pointers@@3PAPAXA 0404c5c8     libvcruntime:winapi_downlevel.obj
 0003:000035e4       ?c_termination_complete@@3JA 0404c5e4     libucrt:exit.obj
 0003:000035e8       ?thread_local_exit_callback_func@@3P6GXPAXK0@ZA 0404c5e8     libucrt:exit.obj
 0003:000035f0       ?program_name@?1???$common_configure_argv@D@@YAHW4_crt_argv_mode@@@Z@4PADA 0404c5f0     libucrt:argv_parsing.obj
 0003:000036f8       ?program_name@?1???$common_configure_argv@_W@@YAHW4_crt_argv_mode@@@Z@4PA_WA 0404c6f8     libucrt:argv_parsing.obj
 0003:0000392c       ?__acrt_invalid_parameter_handler@@3V?$dual_state_global@P6AXPB_W00II@Z@__crt_state_management@@A 0404c92c     libucrt:invalid_parameter.obj
 0003:00003938       ?internal_state@?1??_mbtowc_l@@9@4U_Mbstatet@@A 0404c938     libucrt:mbtowc.obj
 0003:0000394c       ?enable_percent_n@@3IA     0404c94c     libucrt:printf_count_output.obj
 0003:00003b60       ?__acrt_lock_table@@3PAU_RTL_CRITICAL_SECTION@@A 0404cb60     libucrt:locks.obj
 0003:00003cb0       ?__acrt_locks_initialized@@3IA 0404ccb0     libucrt:locks.obj
 0003:00003cb4       ?state_cache@?1???$get_cached_win_policy@Ubegin_thread_init_policy_properties@?1??__acrt_get_begin_thread_init_policy@@YA?AW4begin_thread_init_policy@@XZ@@@YA?AW4begin_thread_init_policy@@W4AppPolicyThreadInitializationType@@@Z@4JA 0404ccb4     libucrt:win_policies.obj
 0003:00003cb8       ?state_cache@?1???$get_cached_win_policy@Udeveloper_information_policy_properties@?1??__acrt_get_developer_information_policy@@YA?AW4developer_information_policy@@XZ@@@YA?AW4developer_information_policy@@W4AppPolicyShowDeveloperDiagnostic@@@Z@4JA 0404ccb8     libucrt:win_policies.obj
 0003:00003cbc       ?state_cache@?1???$get_cached_win_policy@Uwindowing_model_policy_properties@?1??__acrt_get_windowing_model_policy@@YA?AW4windowing_model_policy@@XZ@@@YA?AW4windowing_model_policy@@W4AppPolicyWindowingModel@@@Z@4JA 0404ccbc     libucrt:win_policies.obj
 0003:00003ccc       ?fSystemSet@@3HA           0404cccc     libucrt:mbctype.obj
 0003:00003cd0       ?initialized@?1??__acrt_initialize_multibyte@@9@4_NA 0404ccd0     libucrt:mbctype.obj
 0003:00003cf0       ?module_handles@@3PAPAUHINSTANCE__@@A 0404ccf0     libucrt:winapi_thunks.obj
 0003:00003d40       ?encoded_function_pointers@@3PAPAXA 0404cd40     libucrt:winapi_thunks.obj
 0003:00003dc8       ?static_enum_proc@?1??enum_system_locales_ex_nolock@@YAHQ6GHPA_WKJ@Z@Z@4P6GH0KJ@ZA 0404cdc8     libucrt:winapi_thunks.obj
 0003:00003dd0       ?__acrt_new_handler@@3V?$dual_state_global@P6AHI@Z@__crt_state_management@@A 0404cdd0     libucrt:new_handler.obj
 0003:00003dd4       ?console_ctrl_handler_installed@@3_NA 0404cdd4     libucrt:signal.obj
 0003:00003dd8       ?ctrlc_action@@3V?$dual_state_global@P6AXH@Z@__crt_state_management@@A 0404cdd8     libucrt:signal.obj
 0003:00003ddc       ?ctrlbreak_action@@3V?$dual_state_global@P6AXH@Z@__crt_state_management@@A 0404cddc     libucrt:signal.obj
 0003:00003de0       ?abort_action@@3V?$dual_state_global@P6AXH@Z@__crt_state_management@@A 0404cde0     libucrt:signal.obj
 0003:00003de4       ?term_action@@3V?$dual_state_global@P6AXH@Z@__crt_state_management@@A 0404cde4     libucrt:signal.obj
 0003:00003de8       ?user_matherr@@3V?$dual_state_global@P6AHPAU_exception@@@Z@__crt_state_management@@A 0404cde8     libucrt:matherr.obj
 0003:00003df4       ?__acrt_global_new_mode@@3V?$dual_state_global@J@__crt_state_management@@A 0404cdf4     libucrt:new_mode.obj
 0003:00003df8       ?mbst@?1??mbrlen@@9@4U_Mbstatet@@A 0404cdf8     libucrt:mbrtowc.obj
 0003:00003e00       ?mbst@?1??mbrtowc@@9@4U_Mbstatet@@A 0404ce00     libucrt:mbrtowc.obj
 0003:00003e08       ?mbst@?1??_mbsrtowcs_helper@@YAIPA_WPAPBDIPAU_Mbstatet@@@Z@4U2@A 0404ce08     libucrt:mbrtowc.obj
 0003:00003e10       ?internal_pst@?1??__mbrtoc32_utf8@__crt_mbstring@@YAIPA_UPBDIPAU_Mbstatet@@@Z@4U3@A 0404ce10     libucrt:mbrtoc32.obj
 0003:00003e18       ?__acrt_app_type@@3W4_crt_app_type@@A 0404ce18     libucrt:report_runtime_error.obj
 0003:00003e20       ?outmsg@?9??__acrt_report_runtime_error@@9@4PA_WA 0404ce20     libucrt:report_runtime_error.obj
 0003:0000444c       __pmatherr_set             0404d44c     libucrt:libm_error.obj
 0003:00004450       ___acrt_error_mode         0404d450     libucrt:set_error_mode.obj
 0004:00000060       $R000000                   0404e060     * linker generated manifest res *

 Exports

  ordinal    name

        1    ?MQ2Version@@3MA (float MQ2Version)
        2    _InitializePlugin
               exported name: InitializePlugin
        3    _SetGameState
               exported name: SetGameState
        4    _ShutdownPlugin
               exported name: ShutdownPlugin
        5    _doBandolier
               exported name: doBandolier
