 MQ2EQBC

 Timestamp is 5c81c8a8 (Thu Mar  7 18:43:04 2019)

 Preferred load address is 04000000

 Start         Length     Name                   Class
 0001:00000000 00008c80H .text$di                CODE
 0001:00008c80 0005a770H .text$mn                CODE
 0001:000633f0 000012b0H .text$x                 CODE
 0001:000646a0 00001021H .text$yd                CODE
 0002:00000000 00000104H .CRT$XCA                DATA
 0002:00000104 00000104H .CRT$XCU                DATA
 0002:00000208 00000104H .CRT$XCZ                DATA
 0002:0000030c 00000104H .CRT$XIA                DATA
 0002:00000410 00000114H .CRT$XIC                DATA
 0002:00000524 00000104H .CRT$XIZ                DATA
 0002:00000628 00000104H .CRT$XPA                DATA
 0002:0000072c 0000010cH .CRT$XPX                DATA
 0002:00000838 00000104H .CRT$XPXA               DATA
 0002:0000093c 00000104H .CRT$XPZ                DATA
 0002:00000a40 00000104H .CRT$XTA                DATA
 0002:00000b44 0000010cH .CRT$XTZ                DATA
 0002:00000c50 0000b7c0H .rdata                  DATA
 0002:0000c410 000008d0H .rdata$r                DATA
 0002:0000cce0 00000170H .rdata$sxdata           DATA
 0002:0000ce50 00000164H .rdata$zzzdbg           DATA
 0002:0000cfb4 00000104H .rtc$IAA                DATA
 0002:0000d0b8 00000104H .rtc$IZZ                DATA
 0002:0000d1bc 00000104H .rtc$TAA                DATA
 0002:0000d2c0 00000108H .rtc$TZZ                DATA
 0002:0000d3c8 00001308H .xdata$x                DATA
 0002:0000e6d0 00000271H .edata                  DATA
 0003:00000000 00000c6cH .data                   DATA
 0003:00000c6c 00000404H .data$r                 DATA
 0003:00001070 00006490H .bss                    DATA
 0004:00000000 000003ecH .idata$5                DATA
 0004:000003ec 00000050H .idata$2                DATA
 0004:0000043c 00000014H .idata$3                DATA
 0004:00000450 000003ecH .idata$4                DATA
 0004:0000083c 000011e7H .idata$6                DATA
 0005:00000000 00000104H .00cfg                  DATA
 0006:00000000 00000170H .rsrc$01                DATA
 0006:00000170 000002ccH .rsrc$02                DATA

  Address         Publics by Value              Rva+Base       Lib:Object

 0000:00000000       ___guard_longjmp_count     00000000     <absolute>
 0000:00000000       ___guard_iat_table         00000000     <absolute>
 0000:00000000       ___volatile_metadata       00000000     <absolute>
 0000:00000000       ___guard_fids_table        00000000     <absolute>
 0000:00000000       ___hybrid_code_map         00000000     <absolute>
 0000:00000000       __except_list              00000000     <absolute>
 0000:00000000       ___dynamic_value_reloc_table 00000000     <absolute>
 0000:00000000       ___hybrid_code_map_count   00000000     <absolute>
 0000:00000000       ___hybrid_auxiliary_iat    00000000     <absolute>
 0000:00000000       ___guard_longjmp_table     00000000     <absolute>
 0000:00000000       ___guard_fids_count        00000000     <absolute>
 0000:00000000       ___guard_iat_count         00000000     <absolute>
 0000:00000000       ___enclave_config          00000000     <absolute>
 0000:00000017       ___safe_se_handler_count   00000017     <absolute>
 0000:00000100       ___guard_flags             00000100     <absolute>
 0000:00000000       ___ImageBase               04000000     <linker-defined>
 0001:00008c80       _DllMain@12                04009c80 f   MQ2EQBC.obj
 0001:00008cf0       ?WriteOut@@YAXPAD@Z        04009cf0 f   MQ2EQBC.obj
 0001:00008ea0       ?EQBCConnectThread@@YGKPAX@Z 04009ea0 f   MQ2EQBC.obj
 0001:00009020       ?HandleWnd@CSettingsMgr@@AAEX_N@Z 0400a020 f   MQ2EQBC.obj
 0001:000090a0       ?HandleEcho@CSettingsMgr@@AAEXXZ 0400a0a0 f   MQ2EQBC.obj
 0001:000090b0       ?WriteToBC@CEQBCWnd@@AAEXPAD@Z 0400a0b0 f   MQ2EQBC.obj
 0001:00009100       ?ResetKeybinds@CEQBCWnd@@AAEXXZ 0400a100 f   MQ2EQBC.obj
 0001:00009110       ??0EQBCType@@QAE@XZ        0400a110 f   MQ2EQBC.obj
 0001:00009240       ?GetMember@EQBCType@@UAE_NU_MQ2VarPtr@MQ2Internal@@PAD1AAU_MQ2TypeVar@3@@Z 0400a240 f   MQ2EQBC.obj
 0001:000093b0       ?ToString@EQBCType@@UAE_NU_MQ2VarPtr@MQ2Internal@@PAD@Z 0400a3b0 f   MQ2EQBC.obj
 0001:000093d0       ?FromData@EQBCType@@UAE_NAAU_MQ2VarPtr@MQ2Internal@@AAU_MQ2TypeVar@3@@Z 0400a3d0 f   MQ2EQBC.obj
 0001:000093e0       ?FromString@EQBCType@@UAE_NAAU_MQ2VarPtr@MQ2Internal@@PAD@Z 0400a3e0 f   MQ2EQBC.obj
 0001:000093f0       ?OptStatus@EQBCType@@QAE_NPAD@Z 0400a3f0 f   MQ2EQBC.obj
 0001:00009600       ?dataEQBC@@YAHPADAAU_MQ2TypeVar@MQ2Internal@@@Z 0400a600 f   MQ2EQBC.obj
 0001:00009620       ?OutputHelp@@YAXXZ         0400a620 f   MQ2EQBC.obj
 0001:000097f0       ?BccmdCmd@@YAXPAU_SPAWNINFO@EQData@@PAD@Z 0400a7f0 f   MQ2EQBC.obj
 0001:00009fd0       ?BcCmd@@YAXPAU_SPAWNINFO@EQData@@PAD@Z 0400afd0 f   MQ2EQBC.obj
 0001:0000a020       ?BcgCmd@@YAXPAU_SPAWNINFO@EQData@@PAD@Z 0400b020 f   MQ2EQBC.obj
 0001:0000a040       ?BcgaCmd@@YAXPAU_SPAWNINFO@EQData@@PAD@Z 0400b040 f   MQ2EQBC.obj
 0001:0000a060       ?BctCmd@@YAXPAU_SPAWNINFO@EQData@@PAD@Z 0400b060 f   MQ2EQBC.obj
 0001:0000a1c0       ?BcaCmd@@YAXPAU_SPAWNINFO@EQData@@PAD@Z 0400b1c0 f   MQ2EQBC.obj
 0001:0000a1e0       ?BcaaCmd@@YAXPAU_SPAWNINFO@EQData@@PAD@Z 0400b1e0 f   MQ2EQBC.obj
 0001:0000a250       ?ClearWndCmd@@YAXPAU_SPAWNINFO@EQData@@PAD@Z 0400b250 f   MQ2EQBC.obj
 0001:0000a270       ?WndFontCmd@@YAXPAU_SPAWNINFO@EQData@@PAD@Z 0400b270 f   MQ2EQBC.obj
 0001:0000a330       ?MinWndCmd@@YAXPAU_SPAWNINFO@EQData@@PAD@Z 0400b330 f   MQ2EQBC.obj
 0001:0000a350       ?KeybindEQBC@@YAXPADH@Z    0400b350 f   MQ2EQBC.obj
 0001:0000a480       _NetBotSendMsg             0400b480 f   MQ2EQBC.obj
 0001:0000a4c0       _NetBotRequest             0400b4c0 f   MQ2EQBC.obj
 0001:0000a500       _isConnected               0400b500 f   MQ2EQBC.obj
 0001:0000a510       _OnPulse                   0400b510 f   MQ2EQBC.obj
 0001:0000a670       _SetGameState              0400b670 f   MQ2EQBC.obj
 0001:0000a840       _OnCleanUI                 0400b840 f   MQ2EQBC.obj
 0001:0000a8a0       _OnReloadUI                0400b8a0 f   MQ2EQBC.obj
 0001:0000a8f0       _OnIncomingChat            0400b8f0 f   MQ2EQBC.obj
 0001:0000ac40       _InitializePlugin          0400bc40 f   MQ2EQBC.obj
 0001:0000aea0       _ShutdownPlugin            0400bea0 f   MQ2EQBC.obj
 0001:0000b8e0       ??$HandleBciMsg@$0IAA@@CConnectionMgr@@AAEXAAY0IAA@DPAD@Z 0400c8e0 f i MQ2EQBC.obj
 0001:0000bd50       ??$SafeItoa@$0IAA@@@YAPADHAAY0IAA@DH@Z 0400cd50 f i MQ2EQBC.obj
 0001:0000bd90       ??$_Buynode@ABUpiecewise_construct_t@std@@V?$tuple@$$QAV?$basic_string@DU?$char_traits@D@std@@V?$allocator@D@2@@std@@@2@V?$tuple@$$V@2@@?$_Tree_comp_alloc@V?$_Tmap_traits@V?$basic_string@DU?$char_traits@D@std@@V?$allocator@D@2@@std@@KU?$less@V?$basic_string@DU?$char_traits@D@std@@V?$allocator@D@2@@std@@@2@V?$allocator@U?$pair@$$CBV?$basic_string@DU?$char_traits@D@std@@V?$allocator@D@2@@std@@K@std@@@2@$0A@@std@@@std@@QAEPAU?$_Tree_node@U?$pair@$$CBV?$basic_string@DU?$char_traits@D@std@@V?$allocator@D@2@@std@@K@std@@PAX@1@ABUpiecewise_construct_t@1@$$QAV?$tuple@$$QAV?$basic_string@DU?$char_traits@D@std@@V?$allocator@D@2@@std@@@1@$$QAV?$tuple@$$V@1@@Z 0400cd90 f i MQ2EQBC.obj
 0001:0000be00       ??$_Buynode@V?$basic_string@DU?$char_traits@D@std@@V?$allocator@D@2@@std@@@?$_List_buy@V?$basic_string@DU?$char_traits@D@std@@V?$allocator@D@2@@std@@V?$allocator@V?$basic_string@DU?$char_traits@D@std@@V?$allocator@D@2@@std@@@2@@std@@QAEPAU?$_List_node@V?$basic_string@DU?$char_traits@D@std@@V?$allocator@D@2@@std@@PAX@1@PAU21@0$$QAV?$basic_string@DU?$char_traits@D@std@@V?$allocator@D@2@@1@@Z 0400ce00 f i MQ2EQBC.obj
 0001:0000be60       ??$_Destroy_range@V?$allocator@V?$basic_string@DU?$char_traits@D@std@@V?$allocator@D@2@@std@@@std@@@std@@YAXPAV?$basic_string@DU?$char_traits@D@std@@V?$allocator@D@2@@0@0AAV?$allocator@V?$basic_string@DU?$char_traits@D@std@@V?$allocator@D@2@@std@@@0@@Z 0400ce60 f i MQ2EQBC.obj
 0001:0000bee0       ??$_Emplace_reallocate@V?$basic_string@DU?$char_traits@D@std@@V?$allocator@D@2@@std@@@?$vector@V?$basic_string@DU?$char_traits@D@std@@V?$allocator@D@2@@std@@V?$allocator@V?$basic_string@DU?$char_traits@D@std@@V?$allocator@D@2@@std@@@2@@std@@QAEPAV?$basic_string@DU?$char_traits@D@std@@V?$allocator@D@2@@1@QAV21@$$QAV21@@Z 0400cee0 f i MQ2EQBC.obj
 0001:0000c0e0       ??$_Insert_at@AAU?$pair@$$CBV?$basic_string@DU?$char_traits@D@std@@V?$allocator@D@2@@std@@K@std@@PAU?$_Tree_node@U?$pair@$$CBV?$basic_string@DU?$char_traits@D@std@@V?$allocator@D@2@@std@@K@std@@PAX@2@@?$_Tree@V?$_Tmap_traits@V?$basic_string@DU?$char_traits@D@std@@V?$allocator@D@2@@std@@KU?$less@V?$basic_string@DU?$char_traits@D@std@@V?$allocator@D@2@@std@@@2@V?$allocator@U?$pair@$$CBV?$basic_string@DU?$char_traits@D@std@@V?$allocator@D@2@@std@@K@std@@@2@$0A@@std@@@std@@IAE?AV?$_Tree_iterator@V?$_Tree_val@U?$_Tree_simple_types@U?$pair@$$CBV?$basic_string@DU?$char_traits@D@std@@V?$allocator@D@2@@std@@K@std@@@std@@@std@@@1@_NPAU?$_Tree_node@U?$pair@$$CBV?$basic_string@DU?$char_traits@D@std@@V?$allocator@D@2@@std@@K@std@@PAX@1@AAU?$pair@$$CBV?$basic_string@DU?$char_traits@D@std@@V?$allocator@D@2@@std@@K@1@1@Z 0400d0e0 f i MQ2EQBC.obj
 0001:0000c2a0       ??$_Insert_hint@AAU?$pair@$$CBV?$basic_string@DU?$char_traits@D@std@@V?$allocator@D@2@@std@@K@std@@PAU?$_Tree_node@U?$pair@$$CBV?$basic_string@DU?$char_traits@D@std@@V?$allocator@D@2@@std@@K@std@@PAX@2@@?$_Tree@V?$_Tmap_traits@V?$basic_string@DU?$char_traits@D@std@@V?$allocator@D@2@@std@@KU?$less@V?$basic_string@DU?$char_traits@D@std@@V?$allocator@D@2@@std@@@2@V?$allocator@U?$pair@$$CBV?$basic_string@DU?$char_traits@D@std@@V?$allocator@D@2@@std@@K@std@@@2@$0A@@std@@@std@@IAE?AV?$_Tree_iterator@V?$_Tree_val@U?$_Tree_simple_types@U?$pair@$$CBV?$basic_string@DU?$char_traits@D@std@@V?$allocator@D@2@@std@@K@std@@@std@@@std@@@1@V?$_Tree_const_iterator@V?$_Tree_val@U?$_Tree_simple_types@U?$pair@$$CBV?$basic_string@DU?$char_traits@D@std@@V?$allocator@D@2@@std@@K@std@@@std@@@std@@@1@AAU?$pair@$$CBV?$basic_string@DU?$char_traits@D@std@@V?$allocator@D@2@@std@@K@1@PAU?$_Tree_node@U?$pair@$$CBV?$basic_string@DU?$char_traits@D@std@@V?$allocator@D@2@@std@@K@std@@PAX@1@@Z 0400d2a0 f i MQ2EQBC.obj
 0001:0000c570       ??$_Insert_nohint@AAU?$pair@$$CBV?$basic_string@DU?$char_traits@D@std@@V?$allocator@D@2@@std@@K@std@@PAU?$_Tree_node@U?$pair@$$CBV?$basic_string@DU?$char_traits@D@std@@V?$allocator@D@2@@std@@K@std@@PAX@2@@?$_Tree@V?$_Tmap_traits@V?$basic_string@DU?$char_traits@D@std@@V?$allocator@D@2@@std@@KU?$less@V?$basic_string@DU?$char_traits@D@std@@V?$allocator@D@2@@std@@@2@V?$allocator@U?$pair@$$CBV?$basic_string@DU?$char_traits@D@std@@V?$allocator@D@2@@std@@K@std@@@2@$0A@@std@@@std@@IAE?AU?$pair@V?$_Tree_iterator@V?$_Tree_val@U?$_Tree_simple_types@U?$pair@$$CBV?$basic_string@DU?$char_traits@D@std@@V?$allocator@D@2@@std@@K@std@@@std@@@std@@@std@@_N@1@_NAAU?$pair@$$CBV?$basic_string@DU?$char_traits@D@std@@V?$allocator@D@2@@std@@K@1@PAU?$_Tree_node@U?$pair@$$CBV?$basic_string@DU?$char_traits@D@std@@V?$allocator@D@2@@std@@K@std@@PAX@1@@Z 0400d570 f i MQ2EQBC.obj
 0001:0000c770       ??$_Range_construct_or_tidy@PBV?$basic_string@DU?$char_traits@D@std@@V?$allocator@D@2@@std@@@?$vector@V?$basic_string@DU?$char_traits@D@std@@V?$allocator@D@2@@std@@V?$allocator@V?$basic_string@DU?$char_traits@D@std@@V?$allocator@D@2@@std@@@2@@std@@AAEXPBV?$basic_string@DU?$char_traits@D@std@@V?$allocator@D@2@@1@0Uforward_iterator_tag@1@@Z 0400d770 f i MQ2EQBC.obj
 0001:0000c890       ??$_Traits_compare@U?$char_traits@D@std@@@std@@YAHQBDI0I@Z 0400d890 f i MQ2EQBC.obj
 0001:0000c940       ??$_Uninitialized_move@PAV?$basic_string@DU?$char_traits@D@std@@V?$allocator@D@2@@std@@PAV12@V?$allocator@V?$basic_string@DU?$char_traits@D@std@@V?$allocator@D@2@@std@@@2@@std@@YAPAV?$basic_string@DU?$char_traits@D@std@@V?$allocator@D@2@@0@QAV10@0PAV10@AAV?$allocator@V?$basic_string@DU?$char_traits@D@std@@V?$allocator@D@2@@std@@@0@@Z 0400d940 f i MQ2EQBC.obj
 0001:0000c9d0       ??$sprintf_s@$0EAA@@@YAHAAY0EAA@DPBDZZ 0400d9d0 f i MQ2EQBC.obj
 0001:0000ca10       ??$sprintf_s@$0IAA@@@YAHAAY0IAA@DPBDZZ 0400da10 f i MQ2EQBC.obj
 0001:0000ca50       ??$sprintf_s@$0MI@@@YAHAAY0MI@DPBDZZ 0400da50 f i MQ2EQBC.obj
 0001:0000ca90       ??$sprintf_s@$0P@@@YAHAAY0P@DPBDZZ 0400da90 f i MQ2EQBC.obj
 0001:0000cad0       ??0?$CIndex@PAU_MQ2TypeMember@MQ2Internal@@@MQ2Internal@@QAE@XZ 0400dad0 f i MQ2EQBC.obj
 0001:0000cba0       ??0?$basic_string@DU?$char_traits@D@std@@V?$allocator@D@2@@std@@QAE@ABV01@@Z 0400dba0 f i MQ2EQBC.obj
 0001:0000cc50       ??1?$CIndex@PAU_MQ2TypeMember@MQ2Internal@@@MQ2Internal@@QAE@XZ 0400dc50 f i MQ2EQBC.obj
 0001:0000ccc0       ??1?$_Uninitialized_backout_al@PAV?$basic_string@DU?$char_traits@D@std@@V?$allocator@D@2@@std@@V?$allocator@V?$basic_string@DU?$char_traits@D@std@@V?$allocator@D@2@@std@@@2@@std@@QAE@XZ 0400dcc0 f i MQ2EQBC.obj
 0001:0000cce0       ??1?$basic_string@DU?$char_traits@D@std@@V?$allocator@D@2@@std@@QAE@XZ 0400dce0 f i MQ2EQBC.obj
 0001:0000cd40       ??1?$map@V?$basic_string@DU?$char_traits@D@std@@V?$allocator@D@2@@std@@KU?$less@V?$basic_string@DU?$char_traits@D@std@@V?$allocator@D@2@@std@@@2@V?$allocator@U?$pair@$$CBV?$basic_string@DU?$char_traits@D@std@@V?$allocator@D@2@@std@@K@std@@@2@@std@@QAE@XZ 0400dd40 f i MQ2EQBC.obj
 0001:0000cdc0       ??1?$vector@V?$basic_string@DU?$char_traits@D@std@@V?$allocator@D@2@@std@@V?$allocator@V?$basic_string@DU?$char_traits@D@std@@V?$allocator@D@2@@std@@@2@@std@@QAE@XZ 0400ddc0 f i MQ2EQBC.obj
 0001:0000cdd0       ??1CCustomWnd@MQ2Internal@@QAE@XZ 0400ddd0 f i MQ2EQBC.obj
 0001:0000ce00       ??1MQ2Type@MQ2Internal@@UAE@XZ 0400de00 f i MQ2EQBC.obj
 0001:0000cfc0       ??1lockit@MQ2Internal@@QAE@XZ 0400dfc0 f i MQ2EQBC.obj
 0001:0000cfe0       ??A?$map@V?$basic_string@DU?$char_traits@D@std@@V?$allocator@D@2@@std@@KU?$less@V?$basic_string@DU?$char_traits@D@std@@V?$allocator@D@2@@std@@@2@V?$allocator@U?$pair@$$CBV?$basic_string@DU?$char_traits@D@std@@V?$allocator@D@2@@std@@K@std@@@2@@std@@QAEAAK$$QAV?$basic_string@DU?$char_traits@D@std@@V?$allocator@D@2@@1@@Z 0400dfe0 f i MQ2EQBC.obj
 0001:0000d090       ??E?$_Tree_const_iterator@V?$_Tree_val@U?$_Tree_simple_types@U?$pair@$$CBV?$basic_string@DU?$char_traits@D@std@@V?$allocator@D@2@@std@@K@std@@@std@@@std@@@std@@QAEAAV01@XZ 0400e090 f i MQ2EQBC.obj
 0001:0000d100       ??F?$_Tree_const_iterator@V?$_Tree_val@U?$_Tree_simple_types@U?$pair@$$CBV?$basic_string@DU?$char_traits@D@std@@V?$allocator@D@2@@std@@K@std@@@std@@@std@@@std@@QAEAAV01@XZ 0400e100 f i MQ2EQBC.obj
 0001:0000d1b0       ??R?$less@V?$basic_string@DU?$char_traits@D@std@@V?$allocator@D@2@@std@@@std@@QBE_NABV?$basic_string@DU?$char_traits@D@std@@V?$allocator@D@2@@1@0@Z 0400e1b0 f i MQ2EQBC.obj
 0001:0000d200       ??_GEQBCType@@UAEPAXI@Z    0400e200 f i MQ2EQBC.obj
 0001:0000d200       ??_EEQBCType@@UAEPAXI@Z    0400e200 f i MQ2EQBC.obj
 0001:0000d230       ??_EMQ2Type@MQ2Internal@@UAEPAXI@Z 0400e230 f i MQ2EQBC.obj
 0001:0000d230       ??_GMQ2Type@MQ2Internal@@UAEPAXI@Z 0400e230 f i MQ2EQBC.obj
 0001:0000d260       ?AddMember@MQ2Type@MQ2Internal@@IAEHKPAD@Z 0400e260 f i MQ2EQBC.obj
 0001:0000d550       ?BCA@CConnectionMgr@@QAE_NPAD@Z 0400e550 f i MQ2EQBC.obj
 0001:0000d650       ?BCG@CConnectionMgr@@QAEXPAD@Z 0400e650 f i MQ2EQBC.obj
 0001:0000d910       ?BCGA@CConnectionMgr@@QAEXPAD@Z 0400e910 f i MQ2EQBC.obj
 0001:0000dbc0       ?ChanTransmit@CConnectionMgr@@AAEXPAD0@Z 0400ebc0 f i MQ2EQBC.obj
 0001:0000dd00       ?Change@CSettingsMgr@@QAEXPAD_N@Z 0400ed00 f i MQ2EQBC.obj
 0001:0000e540       ?Cleanup@?$CIndex@PAU_MQ2TypeMember@MQ2Internal@@@MQ2Internal@@QAEXXZ 0400f540 f i MQ2EQBC.obj
 0001:0000e590       ?Connect@CConnectionMgr@@QAEXPAD_N@Z 0400f590 f i MQ2EQBC.obj
 0001:0000e8a0       ?Create@CEQBCWndHandler@@QAEXXZ 0400f8a0 f i MQ2EQBC.obj
 0001:0000e900       ?Destroy@CEQBCWndHandler@@QAEX_N@Z 0400f900 f i MQ2EQBC.obj
 0001:0000e980       ?Disconnect@CConnectionMgr@@QAEX_N@Z 0400f980 f i MQ2EQBC.obj
 0001:0000ea20       ?DoConnectEQBCS@CConnectionMgr@@AAEXXZ 0400fa20 f i MQ2EQBC.obj
 0001:0000ec30       ?FindMember@MQ2Type@MQ2Internal@@QAEPAU_MQ2TypeMember@2@PAD@Z 0400fc30 f i MQ2EQBC.obj
 0001:0000eea0       ?FreeVariable@MQ2Type@MQ2Internal@@UAEXAAU_MQ2VarPtr@2@@Z 0400fea0 f i MQ2EQBC.obj
 0001:0000f110       ?GetUnused@?$CIndex@PAU_MQ2TypeMember@MQ2Internal@@@MQ2Internal@@QAEKXZ 04010110 f i MQ2EQBC.obj
 0001:0000f260       ?HandleBuffer@CConnectionMgr@@AAEXXZ 04010260 f i MQ2EQBC.obj
 0001:0000f4c0       ?HandleChannels@CConnectionMgr@@QAEXPADK@Z 040104c0 f i MQ2EQBC.obj
 0001:0000f6f0       ?HandleControlMsg@CConnectionMgr@@QAEXPAD@Z 040106f0 f i MQ2EQBC.obj
 0001:0000f9c0       ?HandleIncomingString@CConnectionMgr@@QAEXPAD_N@Z 040109c0 f i MQ2EQBC.obj
 0001:00010650       ?InitVariable@MQ2Type@MQ2Internal@@UAEXAAU_MQ2VarPtr@2@@Z 04011650 f i MQ2EQBC.obj
 0001:00010670       ?LoadINI@CSettingsMgr@@QAEXXZ 04011670 f i MQ2EQBC.obj
 0001:00010920       ?Logout@CConnectionMgr@@QAEXXZ 04011920 f i MQ2EQBC.obj
 0001:000109b0       ?NewFont@CEQBCWndHandler@@QAEXH@Z 040119b0 f i MQ2EQBC.obj
 0001:00010ac0       ?NewWnd@CEQBCWndHandler@@AAEXXZ 04011ac0 f i MQ2EQBC.obj
 0001:00011110       ?SaveWnd@CEQBCWndHandler@@AAEXXZ 04012110 f i MQ2EQBC.obj
 0001:00011640       ?SendLocalEcho@CConnectionMgr@@QAEXXZ 04012640 f i MQ2EQBC.obj
 0001:00011710       ?SendNetBotEvent@CConnectionMgr@@AAEXPAD@Z 04012710 f i MQ2EQBC.obj
 0001:00011910       ?SetPlayer@@YAXXZ          04012910 f i MQ2EQBC.obj
 0001:00011980       ?Status@CConnectionMgr@@QAEXXZ 04012980 f i MQ2EQBC.obj
 0001:00011a90       ?ToString@MQ2Type@MQ2Internal@@UAE_NU_MQ2VarPtr@2@PAD@Z 04012a90 f i MQ2EQBC.obj
 0001:00011ac0       ?ToggleSetting@CSettingsMgr@@AAEHPAHPA_N0PAD2@Z 04012ac0 f i MQ2EQBC.obj
 0001:00011b90       ?Transmit@CConnectionMgr@@QAEX_NPAD@Z 04012b90 f i MQ2EQBC.obj
 0001:00011ca0       ?WndNotification@CEQBCWnd@@QAEHPAVCXWnd@EQClasses@@IPAX@Z 04012ca0 f i MQ2EQBC.obj
 0001:00012270       ?_Buyheadnode@?$_Tree_comp_alloc@V?$_Tmap_traits@V?$basic_string@DU?$char_traits@D@std@@V?$allocator@D@2@@std@@KU?$less@V?$basic_string@DU?$char_traits@D@std@@V?$allocator@D@2@@std@@@2@V?$allocator@U?$pair@$$CBV?$basic_string@DU?$char_traits@D@std@@V?$allocator@D@2@@std@@K@std@@@2@$0A@@std@@@std@@QAEPAU?$_Tree_node@U?$pair@$$CBV?$basic_string@DU?$char_traits@D@std@@V?$allocator@D@2@@std@@K@std@@PAX@2@XZ 04013270 f i MQ2EQBC.obj
 0001:00012290       ?_Buynode0@?$_List_alloc@U?$_List_base_types@V?$basic_string@DU?$char_traits@D@std@@V?$allocator@D@2@@std@@V?$allocator@V?$basic_string@DU?$char_traits@D@std@@V?$allocator@D@2@@std@@@2@@std@@@std@@QAEPAU?$_List_node@V?$basic_string@DU?$char_traits@D@std@@V?$allocator@D@2@@std@@PAX@2@PAU32@0@Z 04013290 f i MQ2EQBC.obj
 0001:000122d0       ?_Buynode0@?$_Tree_comp_alloc@V?$_Tmap_traits@V?$basic_string@DU?$char_traits@D@std@@V?$allocator@D@2@@std@@KU?$less@V?$basic_string@DU?$char_traits@D@std@@V?$allocator@D@2@@std@@@2@V?$allocator@U?$pair@$$CBV?$basic_string@DU?$char_traits@D@std@@V?$allocator@D@2@@std@@K@std@@@2@$0A@@std@@@std@@QAEPAU?$_Tree_node@U?$pair@$$CBV?$basic_string@DU?$char_traits@D@std@@V?$allocator@D@2@@std@@K@std@@PAX@2@XZ 040132d0 f i MQ2EQBC.obj
 0001:00012300       ?_Destroy_if_node@?$_Tree@V?$_Tmap_traits@V?$basic_string@DU?$char_traits@D@std@@V?$allocator@D@2@@std@@KU?$less@V?$basic_string@DU?$char_traits@D@std@@V?$allocator@D@2@@std@@@2@V?$allocator@U?$pair@$$CBV?$basic_string@DU?$char_traits@D@std@@V?$allocator@D@2@@std@@K@std@@@2@$0A@@std@@@std@@IAEXPAU?$_Tree_node@U?$pair@$$CBV?$basic_string@DU?$char_traits@D@std@@V?$allocator@D@2@@std@@K@std@@PAX@2@@Z 04013300 f i MQ2EQBC.obj
 0001:00012380       ?_Erase@?$_Tree@V?$_Tmap_traits@V?$basic_string@DU?$char_traits@D@std@@V?$allocator@D@2@@std@@KU?$less@V?$basic_string@DU?$char_traits@D@std@@V?$allocator@D@2@@std@@@2@V?$allocator@U?$pair@$$CBV?$basic_string@DU?$char_traits@D@std@@V?$allocator@D@2@@std@@K@std@@@2@$0A@@std@@@std@@IAEXPAU?$_Tree_node@U?$pair@$$CBV?$basic_string@DU?$char_traits@D@std@@V?$allocator@D@2@@std@@K@std@@PAX@2@@Z 04013380 f i MQ2EQBC.obj
 0001:00012430       ?_Lrotate@?$_Tree_val@U?$_Tree_simple_types@U?$pair@$$CBV?$basic_string@DU?$char_traits@D@std@@V?$allocator@D@2@@std@@K@std@@@std@@@std@@QAEXPAU?$_Tree_node@U?$pair@$$CBV?$basic_string@DU?$char_traits@D@std@@V?$allocator@D@2@@std@@K@std@@PAX@2@@Z 04013430 f i MQ2EQBC.obj
 0001:000124a0       ?_Rrotate@?$_Tree_val@U?$_Tree_simple_types@U?$pair@$$CBV?$basic_string@DU?$char_traits@D@std@@V?$allocator@D@2@@std@@K@std@@@std@@@std@@QAEXPAU?$_Tree_node@U?$pair@$$CBV?$basic_string@DU?$char_traits@D@std@@V?$allocator@D@2@@std@@K@std@@PAX@2@@Z 040134a0 f i MQ2EQBC.obj
 0001:00012510       ?_Tidy@?$vector@V?$basic_string@DU?$char_traits@D@std@@V?$allocator@D@2@@std@@V?$allocator@V?$basic_string@DU?$char_traits@D@std@@V?$allocator@D@2@@std@@@2@@std@@AAEXXZ 04013510 f i MQ2EQBC.obj
 0001:000125b0       ?_Tidy_deallocate@?$basic_string@DU?$char_traits@D@std@@V?$allocator@D@2@@std@@QAEXXZ 040135b0 f i MQ2EQBC.obj
 0001:00012610       ?_Xlen@?$basic_string@DU?$char_traits@D@std@@V?$allocator@D@2@@std@@SAXXZ 04013610 f i MQ2EQBC.obj
 0001:00012620       ?_Xlength@?$vector@V?$basic_string@DU?$char_traits@D@std@@V?$allocator@D@2@@std@@V?$allocator@V?$basic_string@DU?$char_traits@D@std@@V?$allocator@D@2@@std@@@2@@std@@CAXXZ 04013620 f i MQ2EQBC.obj
 0001:00012630       ?_Xrange@?$vector@V?$basic_string@DU?$char_traits@D@std@@V?$allocator@D@2@@std@@V?$allocator@V?$basic_string@DU?$char_traits@D@std@@V?$allocator@D@2@@std@@@2@@std@@CAXXZ 04013630 f i MQ2EQBC.obj
 0001:00012640       ?allocate@?$allocator@D@std@@QAEPADI@Z 04013640 f i MQ2EQBC.obj
 0001:000126b0       ?allocate@?$allocator@V?$basic_string@DU?$char_traits@D@std@@V?$allocator@D@2@@std@@@std@@QAEPAV?$basic_string@DU?$char_traits@D@std@@V?$allocator@D@2@@2@I@Z 040136b0 f i MQ2EQBC.obj
 0001:00012730       ?assign@?$basic_string@DU?$char_traits@D@std@@V?$allocator@D@2@@std@@QAEAAV12@QBDI@Z 04013730 f i MQ2EQBC.obj
 0001:00012860       ?at@?$vector@V?$basic_string@DU?$char_traits@D@std@@V?$allocator@D@2@@std@@V?$allocator@V?$basic_string@DU?$char_traits@D@std@@V?$allocator@D@2@@std@@@2@@std@@QAEAAV?$basic_string@DU?$char_traits@D@std@@V?$allocator@D@2@@2@I@Z 04013860 f i MQ2EQBC.obj
 0001:000128b0       ?clear@?$list@V?$basic_string@DU?$char_traits@D@std@@V?$allocator@D@2@@std@@V?$allocator@V?$basic_string@DU?$char_traits@D@std@@V?$allocator@D@2@@std@@@2@@std@@QAEXXZ 040138b0 f i MQ2EQBC.obj
 0001:00012950       ?insert@?$vector@V?$basic_string@DU?$char_traits@D@std@@V?$allocator@D@2@@std@@V?$allocator@V?$basic_string@DU?$char_traits@D@std@@V?$allocator@D@2@@std@@@2@@std@@QAE?AV?$_Vector_iterator@V?$_Vector_val@U?$_Simple_types@V?$basic_string@DU?$char_traits@D@std@@V?$allocator@D@2@@std@@@std@@@std@@@2@V?$_Vector_const_iterator@V?$_Vector_val@U?$_Simple_types@V?$basic_string@DU?$char_traits@D@std@@V?$allocator@D@2@@std@@@std@@@std@@@2@$$QAV?$basic_string@DU?$char_traits@D@std@@V?$allocator@D@2@@2@@Z 04013950 f i MQ2EQBC.obj
 0001:00012b70       ?lower_bound@?$_Tree@V?$_Tmap_traits@V?$basic_string@DU?$char_traits@D@std@@V?$allocator@D@2@@std@@KU?$less@V?$basic_string@DU?$char_traits@D@std@@V?$allocator@D@2@@std@@@2@V?$allocator@U?$pair@$$CBV?$basic_string@DU?$char_traits@D@std@@V?$allocator@D@2@@std@@K@std@@@2@$0A@@std@@@std@@QAE?AV?$_Tree_iterator@V?$_Tree_val@U?$_Tree_simple_types@U?$pair@$$CBV?$basic_string@DU?$char_traits@D@std@@V?$allocator@D@2@@std@@K@std@@@std@@@std@@@2@ABV?$basic_string@DU?$char_traits@D@std@@V?$allocator@D@2@@2@@Z 04013b70 f i MQ2EQBC.obj
 0001:00012be0       ?push_back@?$list@V?$basic_string@DU?$char_traits@D@std@@V?$allocator@D@2@@std@@V?$allocator@V?$basic_string@DU?$char_traits@D@std@@V?$allocator@D@2@@std@@@2@@std@@QAEX$$QAV?$basic_string@DU?$char_traits@D@std@@V?$allocator@D@2@@2@@Z 04013be0 f i MQ2EQBC.obj
 0001:00012c40       ___local_stdio_printf_options 04013c40 f i MQ2EQBC.obj
 0001:00012c46       _closesocket@4             04013c46 f   wsock32:WSOCK32.dll
 0001:00012c4c       _connect@12                04013c4c f   wsock32:WSOCK32.dll
 0001:00012c52       _ioctlsocket@12            04013c52 f   wsock32:WSOCK32.dll
 0001:00012c58       _htons@4                   04013c58 f   wsock32:WSOCK32.dll
 0001:00012c5e       _recv@16                   04013c5e f   wsock32:WSOCK32.dll
 0001:00012c64       _send@16                   04013c64 f   wsock32:WSOCK32.dll
 0001:00012c6a       _socket@12                 04013c6a f   wsock32:WSOCK32.dll
 0001:00012c70       _gethostbyname@4           04013c70 f   wsock32:WSOCK32.dll
 0001:00012c76       _WSAStartup@8              04013c76 f   wsock32:WSOCK32.dll
 0001:00012c7c       _WSACleanup@0              04013c7c f   wsock32:WSOCK32.dll
 0001:00012c82       _WSASetLastError@4         04013c82 f   wsock32:WSOCK32.dll
 0001:00012c88       _WSAGetLastError@0         04013c88 f   wsock32:WSOCK32.dll
 0001:00012c8e       _InitializeCriticalSection@4 04013c8e f   kernel32:KERNEL32.dll
 0001:00012c94       _EnterCriticalSection@4    04013c94 f   kernel32:KERNEL32.dll
 0001:00012c9a       _LeaveCriticalSection@4    04013c9a f   kernel32:KERNEL32.dll
 0001:00012ca0       _TryEnterCriticalSection@4 04013ca0 f   kernel32:KERNEL32.dll
 0001:00012ca6       _DeleteCriticalSection@4   04013ca6 f   kernel32:KERNEL32.dll
 0001:00012cac       _ReleaseMutex@4            04013cac f   kernel32:KERNEL32.dll
 0001:00012cb2       _WaitForSingleObject@8     04013cb2 f   kernel32:KERNEL32.dll
 0001:00012cb8       _Sleep@4                   04013cb8 f   kernel32:KERNEL32.dll
 0001:00012cbe       _CreateThread@24           04013cbe f   kernel32:KERNEL32.dll
 0001:00012cc4       _GetTickCount64@0          04013cc4 f   kernel32:KERNEL32.dll
 0001:00012cca       _GetProcAddress@8          04013cca f   kernel32:KERNEL32.dll
 0001:00012cd0       _GetPrivateProfileIntA@16  04013cd0 f   kernel32:KERNEL32.dll
 0001:00012cd6       _GetPrivateProfileStringA@24 04013cd6 f   kernel32:KERNEL32.dll
 0001:00012cdc       _WritePrivateProfileStringA@16 04013cdc f   kernel32:KERNEL32.dll
 0001:00012ce2       _MessageBoxA@16            04013ce2 f   user32:USER32.dll
 0001:00012ce8       ??0bad_alloc@std@@QAE@ABV01@@Z 04013ce8 f i libcpmt:xthrow.obj
 0001:00012d09       ??0bad_alloc@std@@QAE@XZ   04013d09 f i libcpmt:xthrow.obj
 0001:00012d27       ??0bad_function_call@std@@QAE@ABV01@@Z 04013d27 f i libcpmt:xthrow.obj
 0001:00012d48       ??0bad_function_call@std@@QAE@XZ 04013d48 f i libcpmt:xthrow.obj
 0001:00012d5d       ??0exception@std@@QAE@ABV01@@Z 04013d5d f i libcpmt:xthrow.obj
 0001:00012d94       ??0exception@std@@QAE@QBD@Z 04013d94 f i libcpmt:xthrow.obj
 0001:00012dd6       ??0exception@std@@QAE@QBDH@Z 04013dd6 f i libcpmt:xthrow.obj
 0001:00012dfa       ??0exception@std@@QAE@XZ   04013dfa f i libcpmt:xthrow.obj
 0001:00012e0f       ??0invalid_argument@std@@QAE@ABV01@@Z 04013e0f f i libcpmt:xthrow.obj
 0001:00012e30       ??0invalid_argument@std@@QAE@PBD@Z 04013e30 f i libcpmt:xthrow.obj
 0001:00012e56       ??0length_error@std@@QAE@ABV01@@Z 04013e56 f i libcpmt:xthrow.obj
 0001:00012e77       ??0length_error@std@@QAE@PBD@Z 04013e77 f i libcpmt:xthrow.obj
 0001:00012e9d       ??0logic_error@std@@QAE@ABV01@@Z 04013e9d f i libcpmt:xthrow.obj
 0001:00012ebe       ??0logic_error@std@@QAE@PBD@Z 04013ebe f i libcpmt:xthrow.obj
 0001:00012ee4       ??0out_of_range@std@@QAE@ABV01@@Z 04013ee4 f i libcpmt:xthrow.obj
 0001:00012f05       ??0out_of_range@std@@QAE@PBD@Z 04013f05 f i libcpmt:xthrow.obj
 0001:00012f2b       ??0overflow_error@std@@QAE@ABV01@@Z 04013f2b f i libcpmt:xthrow.obj
 0001:00012f4c       ??0overflow_error@std@@QAE@PBD@Z 04013f4c f i libcpmt:xthrow.obj
 0001:00012f72       ??0regex_error@std@@QAE@ABV01@@Z 04013f72 f i libcpmt:xthrow.obj
 0001:00012f9f       ??0regex_error@std@@QAE@W4error_type@regex_constants@1@@Z 04013f9f f i libcpmt:xthrow.obj
 0001:00012fd8       ??0runtime_error@std@@QAE@ABV01@@Z 04013fd8 f i libcpmt:xthrow.obj
 0001:00012ff9       ??0runtime_error@std@@QAE@PBD@Z 04013ff9 f i libcpmt:xthrow.obj
 0001:0001301f       ??1bad_alloc@std@@UAE@XZ   0401401f f i libcpmt:xthrow.obj
 0001:00013034       ??1bad_function_call@std@@UAE@XZ 04014034 f i libcpmt:xthrow.obj
 0001:00013049       ??1exception@std@@UAE@XZ   04014049 f i libcpmt:xthrow.obj
 0001:0001305e       ??1invalid_argument@std@@UAE@XZ 0401405e f i libcpmt:xthrow.obj
 0001:00013073       ??1length_error@std@@UAE@XZ 04014073 f i libcpmt:xthrow.obj
 0001:00013088       ??1logic_error@std@@UAE@XZ 04014088 f i libcpmt:xthrow.obj
 0001:0001309d       ??1out_of_range@std@@UAE@XZ 0401409d f i libcpmt:xthrow.obj
 0001:000130b2       ??1overflow_error@std@@UAE@XZ 040140b2 f i libcpmt:xthrow.obj
 0001:000130c7       ??1regex_error@std@@UAE@XZ 040140c7 f i libcpmt:xthrow.obj
 0001:000130dc       ??1runtime_error@std@@UAE@XZ 040140dc f i libcpmt:xthrow.obj
 0001:000130f1       ??_Ebad_alloc@std@@UAEPAXI@Z 040140f1 f i libcpmt:xthrow.obj
 0001:000130f1       ??_Gbad_alloc@std@@UAEPAXI@Z 040140f1 f i libcpmt:xthrow.obj
 0001:00013129       ??_Gbad_function_call@std@@UAEPAXI@Z 04014129 f i libcpmt:xthrow.obj
 0001:00013129       ??_Ebad_function_call@std@@UAEPAXI@Z 04014129 f i libcpmt:xthrow.obj
 0001:00013161       ??_Gexception@std@@UAEPAXI@Z 04014161 f i libcpmt:xthrow.obj
 0001:00013161       ??_Eexception@std@@UAEPAXI@Z 04014161 f i libcpmt:xthrow.obj
 0001:00013199       ??_Ginvalid_argument@std@@UAEPAXI@Z 04014199 f i libcpmt:xthrow.obj
 0001:00013199       ??_Einvalid_argument@std@@UAEPAXI@Z 04014199 f i libcpmt:xthrow.obj
 0001:000131d1       ??_Glength_error@std@@UAEPAXI@Z 040141d1 f i libcpmt:xthrow.obj
 0001:000131d1       ??_Elength_error@std@@UAEPAXI@Z 040141d1 f i libcpmt:xthrow.obj
 0001:00013209       ??_Glogic_error@std@@UAEPAXI@Z 04014209 f i libcpmt:xthrow.obj
 0001:00013209       ??_Elogic_error@std@@UAEPAXI@Z 04014209 f i libcpmt:xthrow.obj
 0001:00013241       ??_Gout_of_range@std@@UAEPAXI@Z 04014241 f i libcpmt:xthrow.obj
 0001:00013241       ??_Eout_of_range@std@@UAEPAXI@Z 04014241 f i libcpmt:xthrow.obj
 0001:00013279       ??_Eoverflow_error@std@@UAEPAXI@Z 04014279 f i libcpmt:xthrow.obj
 0001:00013279       ??_Goverflow_error@std@@UAEPAXI@Z 04014279 f i libcpmt:xthrow.obj
 0001:000132b1       ??_Gregex_error@std@@UAEPAXI@Z 040142b1 f i libcpmt:xthrow.obj
 0001:000132b1       ??_Eregex_error@std@@UAEPAXI@Z 040142b1 f i libcpmt:xthrow.obj
 0001:000132e9       ??_Eruntime_error@std@@UAEPAXI@Z 040142e9 f i libcpmt:xthrow.obj
 0001:000132e9       ??_Gruntime_error@std@@UAEPAXI@Z 040142e9 f i libcpmt:xthrow.obj
 0001:00013321       ?_Stringify@regex_error@std@@CAPBDW4error_type@regex_constants@2@@Z 04014321 f i libcpmt:xthrow.obj
 0001:00013411       ?_Xbad_alloc@std@@YAXXZ    04014411 f   libcpmt:xthrow.obj
 0001:00013435       ?_Xbad_function_call@std@@YAXXZ 04014435 f   libcpmt:xthrow.obj
 0001:00013459       ?_Xinvalid_argument@std@@YAXPBD@Z 04014459 f   libcpmt:xthrow.obj
 0001:00013481       ?_Xlength_error@std@@YAXPBD@Z 04014481 f   libcpmt:xthrow.obj
 0001:000134a9       ?_Xout_of_range@std@@YAXPBD@Z 040144a9 f   libcpmt:xthrow.obj
 0001:000134d1       ?_Xoverflow_error@std@@YAXPBD@Z 040144d1 f   libcpmt:xthrow.obj
 0001:000134f9       ?_Xregex_error@std@@YAXW4error_type@regex_constants@1@@Z 040144f9 f   libcpmt:xthrow.obj
 0001:00013521       ?_Xruntime_error@std@@YAXPBD@Z 04014521 f   libcpmt:xthrow.obj
 0001:00013549       ?what@bad_function_call@std@@UBEPBDXZ 04014549 f i libcpmt:xthrow.obj
 0001:0001354f       ?what@exception@std@@UBEPBDXZ 0401454f f i libcpmt:xthrow.obj
 0001:0001355f       ??1CXStr@EQClasses@@QAE@XZ 0401455f f   MQ2Main:MQ2Main.dll
 0001:00013565       ??0CXStr@EQClasses@@QAE@PBD@Z 04014565 f   MQ2Main:MQ2Main.dll
 0001:0001356b       ??0CXStr@EQClasses@@QAE@ABV01@@Z 0401456b f   MQ2Main:MQ2Main.dll
 0001:00013571       ?GetScreenRect@CXWnd@EQClasses@@QBE?AVCXRect@2@XZ 04014571 f   MQ2Main:MQ2Main.dll
 0001:00013577       ?DoAllDrawing@CXWnd@EQClasses@@QBEHXZ 04014577 f   MQ2Main:MQ2Main.dll
 0001:0001357d       ?Show@CXWnd@EQClasses@@QAEH_N00@Z 0401457d f   MQ2Main:MQ2Main.dll
 0001:00013583       ?ClrFocus@CXWnd@EQClasses@@QAEXXZ 04014583 f   MQ2Main:MQ2Main.dll
 0001:00013589       ?HandleLButtonDown@CXWnd@EQClasses@@QAEHPAVCXPoint@2@I@Z 04014589 f   MQ2Main:MQ2Main.dll
 0001:0001358f       ?OnMinimizeBox@CXWnd@EQClasses@@QAEHXZ 0401458f f   MQ2Main:MQ2Main.dll
 0001:00013595       ?SetVScrollPos@CXWnd@EQClasses@@QAEHH@Z 04014595 f   MQ2Main:MQ2Main.dll
 0001:0001359b       ?SetWindowTextA@CXWnd@EQClasses@@QAEXAAVCXStr@2@@Z 0401459b f   MQ2Main:MQ2Main.dll
 0001:000135a1       ?SetFont@CXWnd@EQClasses@@QAEHPAX@Z 040145a1 f   MQ2Main:MQ2Main.dll
 0001:000135a7       ?GetChildItem@CSidlScreenWnd@EQClasses@@QAEPAVCXWnd@2@PAD@Z 040145a7 f   MQ2Main:MQ2Main.dll
 0001:000135ad       ??0CSidlScreenWnd@EQClasses@@QAE@PAVCXWnd@1@PAVCXStr@1@HHPAD@Z 040145ad f   MQ2Main:MQ2Main.dll
 0001:000135b3       ?CreateChildrenFromSidl@CSidlScreenWnd@EQClasses@@QAEXXZ 040145b3 f   MQ2Main:MQ2Main.dll
 0001:000135b9       ??1CSidlScreenWnd@EQClasses@@QAE@XZ 040145b9 f   MQ2Main:MQ2Main.dll
 0001:000135bf       ?WndNotification@CSidlScreenWnd@EQClasses@@QAEHPAVCXWnd@2@IPAX@Z 040145bf f   MQ2Main:MQ2Main.dll
 0001:000135c5       ?Clear@CChatWindow@EQClasses@@QAEXXZ 040145c5 f   MQ2Main:MQ2Main.dll
 0001:000135cb       ?WndNotification@CChatWindow@EQClasses@@QAEHPAVCXWnd@2@IPAX@Z 040145cb f   MQ2Main:MQ2Main.dll
 0001:000135d1       ?SetMaxChars@CEditBaseWnd@EQClasses@@QAEXH@Z 040145d1 f   MQ2Main:MQ2Main.dll
 0001:000135d7       ?GetClassDesc@CEverQuest@EQClasses@@QAEPADH@Z 040145d7 f   MQ2Main:MQ2Main.dll
 0001:000135dd       ?GetRaceDesc@CEverQuest@EQClasses@@QAEPADH@Z 040145dd f   MQ2Main:MQ2Main.dll
 0001:000135e3       ?AppendSTML@CStmlWnd@EQClasses@@QAE?AVCXSize@2@VCXStr@2@@Z 040145e3 f   MQ2Main:MQ2Main.dll
 0001:000135e9       ?GetSTMLText@CStmlWnd@EQClasses@@QBE?AVCXStr@2@XZ 040145e9 f   MQ2Main:MQ2Main.dll
 0001:000135ef       ?ForceParseNow@CStmlWnd@EQClasses@@QAEXXZ 040145ef f   MQ2Main:MQ2Main.dll
 0001:000135f5       ?SetSTMLText@CStmlWnd@EQClasses@@QAEXVCXStr@2@_NPAUSLinkInfo@2@@Z 040145f5 f   MQ2Main:MQ2Main.dll
 0001:000135fb       ?CenterPoint@CXRect@EQClasses@@QBE?AVCXPoint@2@XZ 040145fb f   MQ2Main:MQ2Main.dll
 0001:00013601       ?Cur_HP@EQ_Character1@EQClasses@@QAEHH_N@Z 04014601 f   MQ2Main:MQ2Main.dll
 0001:00013607       ?Max_Endurance@EQ_Character1@EQClasses@@QAEH_N@Z 04014607 f   MQ2Main:MQ2Main.dll
 0001:0001360d       ?Max_HP@EQ_Character1@EQClasses@@QAEHH_N@Z 0401460d f   MQ2Main:MQ2Main.dll
 0001:00013613       ?Max_Mana@EQ_Character1@EQClasses@@QAEH_N@Z 04014613 f   MQ2Main:MQ2Main.dll
 0001:00013619       ?Cur_Mana@EQ_Character@EQClasses@@QAEH_N@Z 04014619 f   MQ2Main:MQ2Main.dll
 0001:0001361f       _WriteChatfSafe            0401461f f   MQ2Main:MQ2Main.dll
 0001:00013625       _AddMQ2Type                04014625 f   MQ2Main:MQ2Main.dll
 0001:0001362b       _RemoveMQ2Type             0401462b f   MQ2Main:MQ2Main.dll
 0001:00013631       _WriteChatColor            04014631 f   MQ2Main:MQ2Main.dll
 0001:00013637       _AddCommand                04014637 f   MQ2Main:MQ2Main.dll
 0001:0001363d       _RemoveCommand             0401463d f   MQ2Main:MQ2Main.dll
 0001:00013643       _AddMQ2Data                04014643 f   MQ2Main:MQ2Main.dll
 0001:00013649       _RemoveMQ2Data             04014649 f   MQ2Main:MQ2Main.dll
 0001:0001364f       _SetMQ2KeyBind             0401464f f   MQ2Main:MQ2Main.dll
 0001:00013655       _AddMQ2KeyBind             04014655 f   MQ2Main:MQ2Main.dll
 0001:0001365b       _RemoveMQ2KeyBind          0401465b f   MQ2Main:MQ2Main.dll
 0001:00013661       _DebugSpew                 04014661 f   MQ2Main:MQ2Main.dll
 0001:00013667       _DebugSpewAlways           04014667 f   MQ2Main:MQ2Main.dll
 0001:0001366d       _GetNextArg                0401466d f   MQ2Main:MQ2Main.dll
 0001:00013673       _GetArg                    04014673 f   MQ2Main:MQ2Main.dll
 0001:00013679       _HideDoCommand             04014679 f   MQ2Main:MQ2Main.dll
 0001:0001367f       _SetCXStr                  0401467f f   MQ2Main:MQ2Main.dll
 0001:00013685       _GetCXStr                  04014685 f   MQ2Main:MQ2Main.dll
 0001:0001368b       _MQToSTML                  0401468b f   MQ2Main:MQ2Main.dll
 0001:00013691       _StripMQChat               04014691 f   MQ2Main:MQ2Main.dll
 0001:00013697       _CheckChatForEvent         04014697 f   MQ2Main:MQ2Main.dll
 0001:0001369d       _ConvertItemTags           0401469d f   MQ2Main:MQ2Main.dll
 0001:000136a3       _ParseKeyCombo             040146a3 f   MQ2Main:MQ2Main.dll
 0001:000136a9       _InHoverState              040146a9 f   MQ2Main:MQ2Main.dll
 0001:000136af       _GetGameState              040146af f   MQ2Main:MQ2Main.dll
 0001:000136b5       ??_M@YGXPAXIHP6EX0@Z@Z     040146b5 f   LIBCMT:ehvecdtr.obj
 0001:000136ba       ??_M@YGXPAXIIP6EX0@Z@Z     040146ba f   LIBCMT:ehvecdtr.obj
 0001:0001377f       ?__ArrayUnwind@@YGXPAXIIP6EX0@Z@Z 0401477f f   LIBCMT:ehvecdtr.obj
 0001:00013816       ??2@YAPAXI@Z               04014816 f   LIBCMT:new_scalar.obj
 0001:00013852       ??3@YAXPAXI@Z              04014852 f   LIBCMT:delete_scalar_size.obj
 0001:00013863       ??_U@YAPAXI@Z              04014863 f   LIBCMT:new_array.obj
 0001:0001386e       ??$__crt_fast_decode_pointer@PAP6AXXZ@@YAPAP6AXXZQAP6AXXZ@Z 0401486e f i LIBCMT:utility.obj
 0001:00013887       ??$__crt_fast_encode_pointer@PAP6AXXZ@@YAPAP6AXXZQAP6AXXZ@Z 04014887 f i LIBCMT:utility.obj
 0001:000138ab       ?__crt_rotate_pointer_value@@YAIIH@Z 040148ab f i LIBCMT:utility.obj
 0001:000138bb       ?configure_argv@__scrt_narrow_argv_policy@@SAHXZ 040148bb f i LIBCMT:utility.obj
 0001:00013920       ?initialize_environment@__scrt_narrow_environment_policy@@SAHXZ 04014920 f i LIBCMT:utility.obj
 0001:00013966       _NtCurrentTeb              04014966 f i LIBCMT:utility.obj
 0001:0001396d       ___scrt_acquire_startup_lock 0401496d f   LIBCMT:utility.obj
 0001:000139ab       ___scrt_dllmain_after_initialize_c 040149ab f   LIBCMT:utility.obj
 0001:000139e0       ___scrt_dllmain_before_initialize_c 040149e0 f   LIBCMT:utility.obj
 0001:000139f1       ___scrt_dllmain_crt_thread_attach 040149f1 f   LIBCMT:utility.obj
 0001:00013a17       ___scrt_dllmain_crt_thread_detach 04014a17 f   LIBCMT:utility.obj
 0001:00013a27       ___scrt_dllmain_exception_filter 04014a27 f   LIBCMT:utility.obj
 0001:00013a68       ___scrt_dllmain_uninitialize_c 04014a68 f   LIBCMT:utility.obj
 0001:00013a93       ___scrt_dllmain_uninitialize_critical 04014a93 f   LIBCMT:utility.obj
 0001:00013aa3       ___scrt_initialize_crt     04014aa3 f   LIBCMT:utility.obj
 0001:00013aea       ___scrt_initialize_onexit_tables 04014aea f   LIBCMT:utility.obj
 0001:00013bb8       ___scrt_is_nonwritable_in_current_image 04014bb8 f   LIBCMT:utility.obj
 0001:00013c71       ___scrt_release_startup_lock 04014c71 f   LIBCMT:utility.obj
 0001:00013c95       ___scrt_uninitialize_crt   04014c95 f   LIBCMT:utility.obj
 0001:00013cc7       __onexit                   04014cc7 f   LIBCMT:utility.obj
 0001:00013d10       _at_quick_exit             04014d10 f   LIBCMT:utility.obj
 0001:00013d4d       _atexit                    04014d4d f   LIBCMT:utility.obj
 0001:00013d70       __aulldiv                  04014d70 f   LIBCMT:ulldiv.obj
 0001:00013e00       __chkstk                   04014e00 f   LIBCMT:chkstk.obj
 0001:00013e00       __alloca_probe             04014e00 f   LIBCMT:chkstk.obj
 0001:00013e38       ??1type_info@@UAE@XZ       04014e38 f   LIBCMT:std_type_info_static.obj
 0001:00013e3f       ??_Gtype_info@@UAEPAXI@Z   04014e3f f i LIBCMT:std_type_info_static.obj
 0001:00013e3f       ??_Etype_info@@UAEPAXI@Z   04014e3f f i LIBCMT:std_type_info_static.obj
 0001:0001424f       __CRT_INIT@12              0401524f f   LIBCMT:dll_dllmain.obj
 0001:0001425a       __DllMainCRTStartup@12     0401525a f   LIBCMT:dll_dllmain.obj
 0001:00014290       __SEH_prolog4              04015290 f   LIBCMT:sehprolg4.obj
 0001:000142d6       __SEH_epilog4              040152d6 f   LIBCMT:sehprolg4.obj
 0001:00014301       @_guard_check_icall_nop@4  04015301 f i LIBCMT:guard_support.obj
 0001:00014302       _ReadNoFence               04015302 f i LIBCMT:guard_support.obj
 0001:0001430e       _ReadPointerNoFence        0401530e f i LIBCMT:guard_support.obj
 0001:0001431a       __guard_icall_checks_enforced 0401531a f i LIBCMT:guard_support.obj
 0001:00014330       ??0bad_alloc@std@@AAE@QBD@Z 04015330 f i LIBCMT:throw_bad_alloc.obj
 0001:00014354       ??0bad_array_new_length@std@@QAE@ABV01@@Z 04015354 f i LIBCMT:throw_bad_alloc.obj
 0001:00014375       ??0bad_array_new_length@std@@QAE@XZ 04015375 f i LIBCMT:throw_bad_alloc.obj
 0001:00014393       ??1bad_array_new_length@std@@UAE@XZ 04015393 f i LIBCMT:throw_bad_alloc.obj
 0001:000143a8       ??_Gbad_array_new_length@std@@UAEPAXI@Z 040153a8 f i LIBCMT:throw_bad_alloc.obj
 0001:000143a8       ??_Ebad_array_new_length@std@@UAEPAXI@Z 040153a8 f i LIBCMT:throw_bad_alloc.obj
 0001:000143e0       ?__scrt_throw_std_bad_alloc@@YAXXZ 040153e0 f   LIBCMT:throw_bad_alloc.obj
 0001:00014404       ?__scrt_throw_std_bad_array_new_length@@YAXXZ 04015404 f   LIBCMT:throw_bad_alloc.obj
 0001:00014428       ??3@YAXPAX@Z               04015428 f   LIBCMT:delete_scalar.obj
 0001:0001442d       ___isa_available_init      0401542d f   LIBCMT:cpu_disp.obj
 0001:00014629       __get_startup_argv_mode    04015629 f   LIBCMT:argv_mode.obj
 0001:0001462d       ___scrt_is_ucrt_dll_in_use 0401562d f   LIBCMT:ucrt_detection.obj
 0001:0001463c       ___scrt_fastfail           0401563c f   LIBCMT:utility_desktop.obj
 0001:0001479c       ___scrt_get_show_window_mode 0401579c f   LIBCMT:utility_desktop.obj
 0001:000147d9       ___scrt_initialize_mta     040157d9 f   LIBCMT:utility_desktop.obj
 0001:000147de       ___scrt_initialize_winrt   040157de f   LIBCMT:utility_desktop.obj
 0001:000147e1       ___scrt_is_managed_app     040157e1 f   LIBCMT:utility_desktop.obj
 0001:00014834       ___scrt_set_unhandled_exception_filter 04015834 f   LIBCMT:utility_desktop.obj
 0001:00014843       ___scrt_exe_initialize_mta 04015843 f   LIBCMT:utility_desktop.obj
 0001:00014843       ___scrt_stub_for_initialize_mta 04015843 f   LIBCMT:utility_desktop.obj
 0001:00014846       ___scrt_unhandled_exception_filter@4 04015846 f   LIBCMT:utility_desktop.obj
 0001:00014897       __crt_debugger_hook        04015897 f   LIBCMT:utility_desktop.obj
 0001:00014901       ___security_init_cookie    04015901 f   LIBCMT:gs_support.obj
 0001:0001495e       ?__scrt_initialize_type_info@@YAXXZ 0401595e f   LIBCMT:tncleanup.obj
 0001:0001496d       ?__scrt_uninitialize_type_info@@YAXXZ 0401596d f   LIBCMT:tncleanup.obj
 0001:0001497c       ___local_stdio_scanf_options 0401597c f i LIBCMT:default_local_stdio_options.obj
 0001:00014982       ___scrt_initialize_default_local_stdio_options 04015982 f   LIBCMT:default_local_stdio_options.obj
 0001:000149a6       ___scrt_get_dyn_tls_init_callback 040159a6 f   LIBCMT:dyn_tls_init.obj
 0001:000149ac       __RTC_Initialize           040159ac f   LIBCMT:initsect.obj
 0001:000149e3       __RTC_Terminate            040159e3 f   LIBCMT:initsect.obj
 0001:00014a1a       @__security_check_cookie@4 04015a1a f   LIBCMT:secchk.obj
 0001:00014a2f       ___raise_securityfailure   04015a2f f   LIBCMT:gs_report.obj
 0001:00014a61       ___report_gsfailure        04015a61 f   LIBCMT:gs_report.obj
 0001:00014b98       ___report_rangecheckfailure 04015b98 f   LIBCMT:gs_report.obj
 0001:00014ba7       ___report_securityfailure  04015ba7 f   LIBCMT:gs_report.obj
 0001:00014ca8       ___report_securityfailureEx 04015ca8 f   LIBCMT:gs_report.obj
 0001:00014e01       ??$__crt_fast_decode_pointer@P6AXXZ@@YAP6AXXZQ6AXXZ@Z 04015e01 f i libvcruntime:purevirt.obj
 0001:00014e1a       ??$__crt_fast_encode_pointer@P6AXXZ@@YAP6AXXZQ6AXXZ@Z 04015e1a f i libvcruntime:purevirt.obj
 0001:00014e3e       ??$__crt_interlocked_exchange_pointer@$$A6AXXZP6AXXZ@@YAP6AXXZPDS6AXXZQ6AXXZ@Z 04015e3e f i libvcruntime:purevirt.obj
 0001:00014e4e       ??$__crt_interlocked_read_pointer@$$A6AXXZ@@YAP6AXXZPDS6AXXZ@Z 04015e4e f i libvcruntime:purevirt.obj
 0001:00014e5a       ?__crt_interlocked_read_32@@YAHPDH@Z 04015e5a f i libvcruntime:purevirt.obj
 0001:00014e66       __get_purecall_handler     04015e66 f   libvcruntime:purevirt.obj
 0001:00014e80       __purecall                 04015e80 f   libvcruntime:purevirt.obj
 0001:00014ea3       __set_purecall_handler     04015ea3 f   libvcruntime:purevirt.obj
 0001:00014ed1       ___DestructExceptionObject 04015ed1 f   libvcruntime:ehhelpers.obj
 0001:00014f99       ?_CallMemberFunction0@@YGXQAX0@Z 04015f99 f i libvcruntime:ehhelpers.obj
 0001:00014fa9       ?raw_name@type_info@@QBEPBDXZ 04015fa9 f i libvcruntime:ehhelpers.obj
 0001:00014fad       __IsExceptionObjectToBeDestroyed 04015fad f   libvcruntime:ehhelpers.obj
 0001:00014fdc       __SetWinRTOutOfMemoryExceptionCallback 04015fdc f   libvcruntime:ehhelpers.obj
 0001:00014fec       ___AdjustPointer           04015fec f   libvcruntime:ehhelpers.obj
 0001:0001501a       ___FrameUnwindFilter       0401601a f   libvcruntime:ehhelpers.obj
 0001:00015070       ___GetPlatformExceptionInfo 04016070 f   libvcruntime:ehhelpers.obj
 0001:000150cf       ___current_exception       040160cf f   libvcruntime:ehhelpers.obj
 0001:000150da       ___current_exception_context 040160da f   libvcruntime:ehhelpers.obj
 0001:000150e5       ___processing_throw        040160e5 f   libvcruntime:ehhelpers.obj
 0001:000150f0       ___std_terminate           040160f0 f   libvcruntime:ehhelpers.obj
 0001:000150f5       __is_exception_typeof      040160f5 f   libvcruntime:ehhelpers.obj
 0001:000151d0       _strchr                    040161d0 f   libvcruntime:strchr.obj
 0001:0001523e       ___from_strstr_to_strchr   0401623e     libvcruntime:strchr.obj
 0001:00015350       _strstr                    04016350 f   libvcruntime:strstr.obj
 0001:0001564b       __CxxThrowException@8      0401664b f   libvcruntime:throw.obj
 0001:000156d3       ??$?0AAViterator@TryBlockMap@__FrameHandler3@@AAV012@$0A@@?$pair@Viterator@TryBlockMap@__FrameHandler3@@V123@@std@@QAE@AAViterator@TryBlockMap@__FrameHandler3@@0@Z 040166d3 f i libvcruntime:trnsctrl.obj
 0001:00015700       ??$forward@AAViterator@TryBlockMap@__FrameHandler3@@@std@@YAAAViterator@TryBlockMap@__FrameHandler3@@AAV123@@Z 04016700 f i libvcruntime:trnsctrl.obj
 0001:0001570a       ??0iterator@TryBlockMap@__FrameHandler3@@QAE@AAV12@I@Z 0401670a f i libvcruntime:trnsctrl.obj
 0001:00015723       ?GetRangeOfTrysToCheck@__FrameHandler3@@SA?AU?$pair@Viterator@TryBlockMap@__FrameHandler3@@V123@@std@@AAVTryBlockMap@1@HH@Z 04016723 f   libvcruntime:trnsctrl.obj
 0001:000157c5       ?_CallCatchBlock2@@YAPAXPAUEHRegistrationNode@@PBU_s_FuncInfo@@PAXHK@Z 040167c5 f   libvcruntime:trnsctrl.obj
 0001:0001583a       ?_CallSETranslator@@YAHPAUEHExceptionRecord@@PAUEHRegistrationNode@@PAX2PBU_s_FuncInfo@@H1@Z 0401683a f   libvcruntime:trnsctrl.obj
 0001:0001594b       ?_JumpToContinuation@@YGXPAXPAUEHRegistrationNode@@@Z 0401694b f   libvcruntime:trnsctrl.obj
 0001:00015987       ?_UnwindNestedFrames@@YGXPAUEHRegistrationNode@@PAUEHExceptionRecord@@@Z 04016987 f   libvcruntime:trnsctrl.obj
 0001:000159ee       ?getFuncInfo@TryBlockMap@__FrameHandler3@@QAEPBU_s_FuncInfo@@XZ 040169ee f i libvcruntime:trnsctrl.obj
 0001:000159f1       __CatchGuardHandler        040169f1 f   libvcruntime:trnsctrl.obj
 0001:00015a2e       __CreateFrameInfo          04016a2e f   libvcruntime:trnsctrl.obj
 0001:00015a5b       __FindAndUnlinkFrame       04016a5b f   libvcruntime:trnsctrl.obj
 0001:00015ab1       __TranslatorGuardHandler   04016ab1 f   libvcruntime:trnsctrl.obj
 0001:00015b75       ___CxxFrameHandler         04016b75 f   libvcruntime:trnsctrl.obj
 0001:00015bb8       ___CxxFrameHandler2        04016bb8 f   libvcruntime:trnsctrl.obj
 0001:00015bfb       ___CxxFrameHandler3        04016bfb f   libvcruntime:trnsctrl.obj
 0001:00015c3e       ___CxxLongjmpUnwind@4      04016c3e f   libvcruntime:trnsctrl.obj
 0001:00015c78       __except_handler3          04016c78 f   libvcruntime:exsup3.obj
 0001:00015d84       __seh_longjmp_unwind@4     04016d84 f   libvcruntime:exsup3.obj
 0001:00015e00       _memcpy                    04016e00 f   libvcruntime:memcpy.obj
 0001:000164e0       _memmove                   040174e0 f   libvcruntime:memmove.obj
 0001:00016bc0       _memset                    04017bc0 f   libvcruntime:memset.obj
 0001:00016d70       ??$?RD@__crt_public_free_policy@@QBEXQBD@Z 04017d70 f i libvcruntime:std_exception.obj
 0001:00016d84       ??0?$__crt_unique_heap_ptr@DU__crt_public_free_policy@@@@QAE@QAD@Z 04017d84 f i libvcruntime:std_exception.obj
 0001:00016d95       ??1?$__crt_unique_heap_ptr@DU__crt_public_free_policy@@@@QAE@XZ 04017d95 f i libvcruntime:std_exception.obj
 0001:00016da9       ??B?$__crt_unique_heap_ptr@DU__crt_public_free_policy@@@@QBE_NXZ 04017da9 f i libvcruntime:std_exception.obj
 0001:00016db0       ?detach@?$__crt_unique_heap_ptr@DU__crt_public_free_policy@@@@QAEPADXZ 04017db0 f i libvcruntime:std_exception.obj
 0001:00016db6       ?get@?$__crt_unique_heap_ptr@DU__crt_public_free_policy@@@@QBEPADXZ 04017db6 f i libvcruntime:std_exception.obj
 0001:00016db9       ?is_valid@?$__crt_unique_heap_ptr@DU__crt_public_free_policy@@@@QBE_NXZ 04017db9 f i libvcruntime:std_exception.obj
 0001:00016dc0       ?release@?$__crt_unique_heap_ptr@DU__crt_public_free_policy@@@@QAEXXZ 04017dc0 f i libvcruntime:std_exception.obj
 0001:00016dd4       ___std_exception_copy      04017dd4 f   libvcruntime:std_exception.obj
 0001:00016e4f       ___std_exception_destroy   04017e4f f   libvcruntime:std_exception.obj
 0001:00016ec0       __except_handler4          04017ec0 f   libvcruntime:chandler4.obj
 0001:0001706c       ___vcrt_initialize         0401806c f   libvcruntime:initialization.obj
 0001:0001709f       ___vcrt_thread_attach      0401809f f   libvcruntime:initialization.obj
 0001:000170ac       ___vcrt_thread_detach      040180ac f   libvcruntime:initialization.obj
 0001:000170b9       ___vcrt_uninitialize       040180b9 f   libvcruntime:initialization.obj
 0001:000170df       ___vcrt_uninitialize_critical 040180df f   libvcruntime:initialization.obj
 0001:000170fa       ??$?RD@__crt_internal_free_policy@@QBEXQBD@Z 040180fa f i libvcruntime:std_type_info.obj
 0001:0001710e       ??$?RX@__crt_internal_free_policy@@QBEXQBX@Z 0401810e f i libvcruntime:std_type_info.obj
 0001:00017122       ??$__crt_interlocked_compare_exchange_pointer@$$CBDPAD$$T@@YAPBDPDSBDQAD$$T@Z 04018122 f i libvcruntime:std_type_info.obj
 0001:00017138       ??$__crt_interlocked_read_pointer@$$CBD@@YAPBDPDSBD@Z 04018138 f i libvcruntime:std_type_info.obj
 0001:00017144       ??0?$__crt_unique_heap_ptr@DU__crt_internal_free_policy@@@@QAE@QAD@Z 04018144 f i libvcruntime:std_type_info.obj
 0001:00017155       ??0?$__crt_unique_heap_ptr@XU__crt_internal_free_policy@@@@QAE@QAX@Z 04018155 f i libvcruntime:std_type_info.obj
 0001:00017166       ??1?$__crt_unique_heap_ptr@DU__crt_internal_free_policy@@@@QAE@XZ 04018166 f i libvcruntime:std_type_info.obj
 0001:0001717a       ??1?$__crt_unique_heap_ptr@XU__crt_internal_free_policy@@@@QAE@XZ 0401817a f i libvcruntime:std_type_info.obj
 0001:0001719a       ??B?$__crt_unique_heap_ptr@DU__crt_internal_free_policy@@@@QBE_NXZ 0401819a f i libvcruntime:std_type_info.obj
 0001:000171a1       ??B?$__crt_unique_heap_ptr@XU__crt_internal_free_policy@@@@QBE_NXZ 040181a1 f i libvcruntime:std_type_info.obj
 0001:000171d0       ?detach@?$__crt_unique_heap_ptr@XU__crt_internal_free_policy@@@@QAEPAXXZ 040181d0 f i libvcruntime:std_type_info.obj
 0001:000171d6       ?get@?$__crt_unique_heap_ptr@DU__crt_internal_free_policy@@@@QBEPADXZ 040181d6 f i libvcruntime:std_type_info.obj
 0001:000171d9       ?get@?$__crt_unique_heap_ptr@XU__crt_internal_free_policy@@@@QBEPAXXZ 040181d9 f i libvcruntime:std_type_info.obj
 0001:000171dc       ?is_valid@?$__crt_unique_heap_ptr@DU__crt_internal_free_policy@@@@QBE_NXZ 040181dc f i libvcruntime:std_type_info.obj
 0001:000171e3       ?is_valid@?$__crt_unique_heap_ptr@XU__crt_internal_free_policy@@@@QBE_NXZ 040181e3 f i libvcruntime:std_type_info.obj
 0001:000171ea       ?release@?$__crt_unique_heap_ptr@DU__crt_internal_free_policy@@@@QAEXXZ 040181ea f i libvcruntime:std_type_info.obj
 0001:000171fe       ?release@?$__crt_unique_heap_ptr@XU__crt_internal_free_policy@@@@QAEXXZ 040181fe f i libvcruntime:std_type_info.obj
 0001:00017212       ___std_type_info_compare   04018212 f   libvcruntime:std_type_info.obj
 0001:0001725d       ___std_type_info_destroy_list 0401825d f   libvcruntime:std_type_info.obj
 0001:00017288       ___std_type_info_hash      04018288 f   libvcruntime:std_type_info.obj
 0001:000172b7       ___std_type_info_name      040182b7 f   libvcruntime:std_type_info.obj
 0001:000173aa       ??$?B$$A6AXXZ@__crt_fast_encoded_nullptr_t@@QBEP6AXXZXZ 040183aa f i libvcruntime:purevirt_data.obj
 0001:000173b0       ?__crt_fast_encode_pointer@@YA?AU__crt_fast_encoded_nullptr_t@@$$T@Z 040183b0 f i libvcruntime:purevirt_data.obj
 0001:000173bb       ___vcrt_initialize_pure_virtual_call_handler 040183bb f   libvcruntime:purevirt_data.obj
 0001:000173c8       ??$?RU__vcrt_ptd@@@__crt_internal_free_policy@@QBEXQBU__vcrt_ptd@@@Z 040183c8 f i libvcruntime:per_thread_data.obj
 0001:000173dc       ??0?$__crt_unique_heap_ptr@U__vcrt_ptd@@U__crt_internal_free_policy@@@@QAE@QAU__vcrt_ptd@@@Z 040183dc f i libvcruntime:per_thread_data.obj
 0001:000173ff       ??1?$__crt_unique_heap_ptr@U__vcrt_ptd@@U__crt_internal_free_policy@@@@QAE@XZ 040183ff f i libvcruntime:per_thread_data.obj
 0001:0001741e       ??B?$__crt_unique_heap_ptr@U__vcrt_ptd@@U__crt_internal_free_policy@@@@QBE_NXZ 0401841e f i libvcruntime:per_thread_data.obj
 0001:00017425       ?detach@?$__crt_unique_heap_ptr@U__vcrt_ptd@@U__crt_internal_free_policy@@@@QAEPAU__vcrt_ptd@@XZ 04018425 f i libvcruntime:per_thread_data.obj
 0001:0001742b       ?get@?$__crt_unique_heap_ptr@U__vcrt_ptd@@U__crt_internal_free_policy@@@@QBEPAU__vcrt_ptd@@XZ 0401842b f i libvcruntime:per_thread_data.obj
 0001:0001742e       ?is_valid@?$__crt_unique_heap_ptr@U__vcrt_ptd@@U__crt_internal_free_policy@@@@QBE_NXZ 0401842e f i libvcruntime:per_thread_data.obj
 0001:00017435       ?release@?$__crt_unique_heap_ptr@U__vcrt_ptd@@U__crt_internal_free_policy@@@@QAEXXZ 04018435 f i libvcruntime:per_thread_data.obj
 0001:00017469       ___vcrt_freefls@4          04018469 f   libvcruntime:per_thread_data.obj
 0001:0001748c       ___vcrt_freeptd            0401848c f   libvcruntime:per_thread_data.obj
 0001:000174cf       ___vcrt_getptd             040184cf f   libvcruntime:per_thread_data.obj
 0001:000174e0       ___vcrt_getptd_noexit      040184e0 f   libvcruntime:per_thread_data.obj
 0001:00017596       ___vcrt_getptd_noinit      04018596 f   libvcruntime:per_thread_data.obj
 0001:000175da       ___vcrt_initialize_ptd     040185da f   libvcruntime:per_thread_data.obj
 0001:00017619       ___vcrt_uninitialize_ptd   04018619 f   libvcruntime:per_thread_data.obj
 0001:00017eed       ??$TypeMatchHelper@V__FrameHandler3@@@@YAHPBU_s_HandlerType@@PBU_s_CatchableType@@PBU_s_ThrowInfo@@@Z 04018eed f i libvcruntime:frame.obj
 0001:00017f9e       ??$__InternalCxxFrameHandler@V__FrameHandler3@@@@YA?AW4_EXCEPTION_DISPOSITION@@PAUEHExceptionRecord@@PAUEHRegistrationNode@@PAU_CONTEXT@@PAXPBU_s_FuncInfo@@H1E@Z 04018f9e f i libvcruntime:frame.obj
 0001:000180e0       ??0HandlerMap@__FrameHandler3@@QAE@PBU_s_TryBlockMapEntry@@PAX@Z 040190e0 f i libvcruntime:frame.obj
 0001:000180fc       ??0TryBlockMap@__FrameHandler3@@QAE@PBU_s_FuncInfo@@PAX@Z 040190fc f i libvcruntime:frame.obj
 0001:00018115       ??0bad_exception@std@@QAE@ABV01@@Z 04019115 f i libvcruntime:frame.obj
 0001:00018136       ??0bad_exception@std@@QAE@XZ 04019136 f i libvcruntime:frame.obj
 0001:00018154       ??0iterator@HandlerMap@__FrameHandler3@@QAE@AAV12@I@Z 04019154 f i libvcruntime:frame.obj
 0001:0001816d       ??1bad_exception@std@@UAE@XZ 0401916d f i libvcruntime:frame.obj
 0001:00018182       ??8iterator@HandlerMap@__FrameHandler3@@QBE_NABV012@@Z 04019182 f i libvcruntime:frame.obj
 0001:00018199       ??8type_info@@QBE_NABV0@@Z 04019199 f i libvcruntime:frame.obj
 0001:000181bf       ??9iterator@HandlerMap@__FrameHandler3@@QBE_NABV012@@Z 040191bf f i libvcruntime:frame.obj
 0001:000181d6       ??Diterator@HandlerMap@__FrameHandler3@@QAEPBU_s_HandlerType@@XZ 040191d6 f i libvcruntime:frame.obj
 0001:000181e5       ??Diterator@TryBlockMap@__FrameHandler3@@QAEPBU_s_TryBlockMapEntry@@XZ 040191e5 f i libvcruntime:frame.obj
 0001:000181f4       ??Eiterator@HandlerMap@__FrameHandler3@@QAEAAV012@XZ 040191f4 f i libvcruntime:frame.obj
 0001:000181fa       ??Eiterator@TryBlockMap@__FrameHandler3@@QAEAAV012@XZ 040191fa f i libvcruntime:frame.obj
 0001:00018200       ??Miterator@TryBlockMap@__FrameHandler3@@QBE_NABV012@@Z 04019200 f i libvcruntime:frame.obj
 0001:00018217       ??_Gbad_exception@std@@UAEPAXI@Z 04019217 f i libvcruntime:frame.obj
 0001:00018217       ??_Ebad_exception@std@@UAEPAXI@Z 04019217 f i libvcruntime:frame.obj
 0001:0001824f       ?BuildCatchObject@__FrameHandler3@@SAXPAUEHExceptionRecord@@PAXPBU_s_HandlerType@@PBU_s_CatchableType@@@Z 0401924f f   libvcruntime:frame.obj
 0001:00018254       ?BuildCatchObjectHelper@__FrameHandler3@@SAHPAUEHExceptionRecord@@PAXPBU_s_HandlerType@@PBU_s_CatchableType@@@Z 04019254 f   libvcruntime:frame.obj
 0001:00018538       ?FrameUnwindToEmptyState@__FrameHandler3@@SAXPAUEHRegistrationNode@@PAXPBU_s_FuncInfo@@@Z 04019538 f   libvcruntime:frame.obj
 0001:00018556       ?FrameUnwindToState@__FrameHandler3@@SAXPAUEHRegistrationNode@@PAXPBU_s_FuncInfo@@H@Z 04019556 f   libvcruntime:frame.obj
 0001:00018678       ?GetMaxState@__FrameHandler3@@SAHPAXPBU_s_FuncInfo@@@Z 04019678 f i libvcruntime:frame.obj
 0001:0001878c       ?TypeMatch@__FrameHandler3@@SAHPBU_s_HandlerType@@PBU_s_CatchableType@@PBU_s_ThrowInfo@@@Z 0401978c f   libvcruntime:frame.obj
 0001:00018797       ?_CallMemberFunction1@@YGXQAX00@Z 04019797 f i libvcruntime:frame.obj
 0001:000187ab       ?_CallMemberFunction2@@YGXQAX00H@Z 040197ab f i libvcruntime:frame.obj
 0001:000187c2       ?_ValidateExecute@@YA_NP6GHXZ@Z 040197c2 f i libvcruntime:frame.obj
 0001:000187d1       ?_ValidateRead@@YA_NPBXI@Z 040197d1 f i libvcruntime:frame.obj
 0001:000187e0       ?_ValidateWrite@@YA_NPAXI@Z 040197e0 f i libvcruntime:frame.obj
 0001:000187ef       ?begin@HandlerMap@__FrameHandler3@@QAE?AViterator@12@XZ 040197ef f i libvcruntime:frame.obj
 0001:00018803       ?end@HandlerMap@__FrameHandler3@@QAE?AViterator@12@XZ 04019803 f i libvcruntime:frame.obj
 0001:00018818       ?getESTypes@__FrameHandler3@@SAPBU_s_ESTypeList@@PBU_s_FuncInfo@@@Z 04019818 f i libvcruntime:frame.obj
 0001:00018825       ?getLastEntry@HandlerMap@__FrameHandler3@@QAEPBU_s_HandlerType@@XZ 04019825 f i libvcruntime:frame.obj
 0001:00018836       ?getMagicNum@__FrameHandler3@@SAIPBU_s_FuncInfo@@@Z 04019836 f i libvcruntime:frame.obj
 0001:00018848       ?getNumTryBlocks@TryBlockMap@__FrameHandler3@@QAEIXZ 04019848 f i libvcruntime:frame.obj
 0001:0001884e       ?isEHs@__FrameHandler3@@SA_NPBU_s_FuncInfo@@@Z 0401984e f i libvcruntime:frame.obj
 0001:0001885e       ?isNoExcept@__FrameHandler3@@SA_NPBU_s_FuncInfo@@@Z 0401985e f i libvcruntime:frame.obj
 0001:00018872       ___BuildCatchObject        04019872 f   libvcruntime:frame.obj
 0001:00018877       ___BuildCatchObjectHelper  04019877 f   libvcruntime:frame.obj
 0001:00018882       ___TypeMatch               04019882 f   libvcruntime:frame.obj
 0001:0001888d       ___vcrt_EncodePointer      0401988d f i libvcruntime:frame.obj
 0001:000188a0       __CallSettingFrame@12      040198a0 f   libvcruntime:lowhelpr.obj
 0001:000188c7       __NLG_Return               040198c7     libvcruntime:lowhelpr.obj
 0001:0001890c       ___except_validate_context_record 0401990c f   libvcruntime:jbcxrval.obj
 0001:00018948       ___except_validate_jump_buffer 04019948 f   libvcruntime:jbcxrval.obj
 0001:00018980       ___except_validate_jump_buffer_common 04019980 f i libvcruntime:jbcxrval.obj
 0001:000189c7       _CallDestructExceptionObject 040199c7 f   libvcruntime:calldtor.obj
 0001:00018a20       __global_unwind2           04019a20 f   libvcruntime:exsup.obj
 0001:00018a86       __local_unwind2            04019a86 f   libvcruntime:exsup.obj
 0001:00018b0a       __abnormal_termination     04019b0a f   libvcruntime:exsup.obj
 0001:00018b30       __NLG_Notify1              04019b30 f   libvcruntime:exsup.obj
 0001:00018b3c       __NLG_Notify               04019b3c f   libvcruntime:exsup.obj
 0001:00018b53       __NLG_Dispatch2            04019b53     libvcruntime:exsup.obj
 0001:00018b53       __NLG_Dispatch             04019b53     libvcruntime:exsup.obj
 0001:00018b5b       __NLG_Call                 04019b5b f   libvcruntime:exsup.obj
 0001:00018b5d       __NLG_Return2              04019b5d     libvcruntime:exsup.obj
 0001:00018ca0       __ValidateEH3RN            04019ca0 f   libvcruntime:eh3valid.obj
 0001:000190e0       __local_unwind4            0401a0e0 f   libvcruntime:exsup4.obj
 0001:000191b8       __seh_longjmp_unwind4@4    0401a1b8 f   libvcruntime:exsup4.obj
 0001:000191e0       @_EH4_CallFilterFunc@8     0401a1e0 f   libvcruntime:exsup4.obj
 0001:000191f8       @_EH4_TransferToHandler@8  0401a1f8 f   libvcruntime:exsup4.obj
 0001:00019214       @_EH4_GlobalUnwind2@8      0401a214 f   libvcruntime:exsup4.obj
 0001:00019230       @_EH4_LocalUnwind@16       0401a230 f   libvcruntime:exsup4.obj
 0001:000192a0       ___vcrt_initialize_locks   0401a2a0 f   libvcruntime:locks.obj
 0001:000192eb       ___vcrt_lock               0401a2eb f   libvcruntime:locks.obj
 0001:00019305       ___vcrt_uninitialize_locks 0401a305 f   libvcruntime:locks.obj
 0001:0001933f       ___vcrt_unlock             0401a33f f   libvcruntime:locks.obj
 0001:00019359       ??$?BX@__crt_fast_encoded_nullptr_t@@QBEPAXXZ 0401a359 f i libvcruntime:winapi_downlevel.obj
 0001:0001935f       ??$__crt_fast_decode_pointer@PAX@@YAPAXQAX@Z 0401a35f f i libvcruntime:winapi_downlevel.obj
 0001:00019378       ??$__crt_fast_encode_pointer@PAX@@YAPAXQAX@Z 0401a378 f i libvcruntime:winapi_downlevel.obj
 0001:0001939c       ??$__crt_interlocked_exchange_pointer@UHINSTANCE__@@PAU1@@@YAPAUHINSTANCE__@@PDSAU0@QAU0@@Z 0401a39c f i libvcruntime:winapi_downlevel.obj
 0001:000193ac       ??$__crt_interlocked_exchange_pointer@UHINSTANCE__@@PAX@@YAPAUHINSTANCE__@@PDSAU0@QAX@Z 0401a3ac f i libvcruntime:winapi_downlevel.obj
 0001:000193bc       ??$__crt_interlocked_exchange_pointer@XPAX@@YAPAXPDSAXQAX@Z 0401a3bc f i libvcruntime:winapi_downlevel.obj
 0001:000193cc       ??$__crt_interlocked_read_pointer@UHINSTANCE__@@@@YAPAUHINSTANCE__@@PDSAU0@@Z 0401a3cc f i libvcruntime:winapi_downlevel.obj
 0001:000193d8       ??$__crt_interlocked_read_pointer@X@@YAPAXPDSAX@Z 0401a3d8 f i libvcruntime:winapi_downlevel.obj
 0001:0001970c       ___vcrt_FlsAlloc           0401a70c f   libvcruntime:winapi_downlevel.obj
 0001:00019755       ___vcrt_FlsFree            0401a755 f   libvcruntime:winapi_downlevel.obj
 0001:0001979e       ___vcrt_FlsGetValue        0401a79e f   libvcruntime:winapi_downlevel.obj
 0001:000197e7       ___vcrt_FlsSetValue        0401a7e7 f   libvcruntime:winapi_downlevel.obj
 0001:00019834       ___vcrt_InitializeCriticalSectionEx 0401a834 f   libvcruntime:winapi_downlevel.obj
 0001:0001988c       ___vcrt_initialize_winapi_thunks 0401a88c f   libvcruntime:winapi_downlevel.obj
 0001:000198bf       ___vcrt_uninitialize_winapi_thunks 0401a8bf f   libvcruntime:winapi_downlevel.obj
 0001:000198fd       ??0Block@_HeapManager@@QAE@XZ 0401a8fd f i libvcruntime:undname.obj
 0001:00019903       ??0DName@@QAE@AAPBDD@Z     0401a903 f   libvcruntime:undname.obj
 0001:000199e1       ??0DName@@QAE@ABV0@@Z      0401a9e1 f i libvcruntime:undname.obj
 0001:000199fc       ??0DName@@QAE@D@Z          0401a9fc f   libvcruntime:undname.obj
 0001:00019a2a       ??0DName@@QAE@PAV0@@Z      0401aa2a f   libvcruntime:undname.obj
 0001:00019a84       ??0DName@@QAE@PBD@Z        0401aa84 f   libvcruntime:undname.obj
 0001:00019ac3       ??0DName@@QAE@W4DNameStatus@@@Z 0401aac3 f   libvcruntime:undname.obj
 0001:00019b13       ??0DName@@QAE@XZ           0401ab13 f i libvcruntime:undname.obj
 0001:00019b1f       ??0DName@@QAE@_J@Z         0401ab1f f   libvcruntime:undname.obj
 0001:00019bce       ??0DName@@QAE@_K@Z         0401abce f   libvcruntime:undname.obj
 0001:00019c4d       ??0DNameNode@@IAE@XZ       0401ac4d f i libvcruntime:undname.obj
 0001:00019c58       ??0Replicator@@QAE@XZ      0401ac58 f i libvcruntime:undname.obj
 0001:00019c69       ??0UnDecorator@@QAE@PBDP6APADJ@ZK@Z 0401ac69 f i libvcruntime:undname.obj
 0001:00019cc8       ??0charNode@@QAE@D@Z       0401acc8 f i libvcruntime:undname.obj
 0001:00019ce2       ??0pDNameNode@@QAE@PAVDName@@@Z 0401ace2 f   libvcruntime:undname.obj
 0001:00019d14       ??0pairNode@@QAE@PBVDNameNode@@0@Z 0401ad14 f i libvcruntime:undname.obj
 0001:00019d3a       ??0pcharNode@@QAE@PBDH@Z   0401ad3a f   libvcruntime:undname.obj
 0001:00019db0       ??2@YAPAXIAAV_HeapManager@@H@Z 0401adb0 f i libvcruntime:undname.obj
 0001:00019dca       ??4DName@@QAEAAV0@ABV0@@Z  0401adca f   libvcruntime:undname.obj
 0001:00019de5       ??4DName@@QAEAAV0@D@Z      0401ade5 f i libvcruntime:undname.obj
 0001:00019e13       ??4DName@@QAEAAV0@PAV0@@Z  0401ae13 f   libvcruntime:undname.obj
 0001:00019e65       ??4DName@@QAEAAV0@PBD@Z    0401ae65 f   libvcruntime:undname.obj
 0001:00019e9a       ??4DName@@QAEAAV0@W4DNameStatus@@@Z 0401ae9a f   libvcruntime:undname.obj
 0001:00019ed8       ??AReplicator@@QBE?AVDName@@H@Z 0401aed8 f   libvcruntime:undname.obj
 0001:00019f2f       ??H@YA?AVDName@@DABV0@@Z   0401af2f f i libvcruntime:undname.obj
 0001:00019f59       ??H@YA?AVDName@@PBDABV0@@Z 0401af59 f i libvcruntime:undname.obj
 0001:00019f83       ??H@YA?AVDName@@W4DNameStatus@@ABV0@@Z 0401af83 f i libvcruntime:undname.obj
 0001:00019fad       ??HDName@@QBE?AV0@ABV0@@Z  0401afad f   libvcruntime:undname.obj
 0001:00019fd7       ??HDName@@QBE?AV0@D@Z      0401afd7 f   libvcruntime:undname.obj
 0001:0001a001       ??HDName@@QBE?AV0@PAV0@@Z  0401b001 f   libvcruntime:undname.obj
 0001:0001a02b       ??HDName@@QBE?AV0@PBD@Z    0401b02b f   libvcruntime:undname.obj
 0001:0001a055       ??HDName@@QBE?AV0@W4DNameStatus@@@Z 0401b055 f   libvcruntime:undname.obj
 0001:0001a07f       ??YDName@@QAEAAV0@ABV0@@Z  0401b07f f   libvcruntime:undname.obj
 0001:0001a0d0       ??YDName@@QAEAAV0@D@Z      0401b0d0 f   libvcruntime:undname.obj
 0001:0001a134       ??YDName@@QAEAAV0@PAV0@@Z  0401b134 f   libvcruntime:undname.obj
 0001:0001a1b2       ??YDName@@QAEAAV0@PBD@Z    0401b1b2 f   libvcruntime:undname.obj
 0001:0001a22b       ??YDName@@QAEAAV0@W4DNameStatus@@@Z 0401b22b f   libvcruntime:undname.obj
 0001:0001a27b       ??YReplicator@@QAEAAV0@ABVDName@@@Z 0401b27b f   libvcruntime:undname.obj
 0001:0001a2d7       ??_5DName@@QAEAAV0@ABV0@@Z 0401b2d7 f   libvcruntime:undname.obj
 0001:0001a2fa       ?Constructor@_HeapManager@@QAEXP6APAXI@ZP6AXPAX@Z@Z 0401b2fa f i libvcruntime:undname.obj
 0001:0001a31e       ?Destructor@_HeapManager@@QAEXXZ 0401b31e f i libvcruntime:undname.obj
 0001:0001a364       ?UScore@UnDecorator@@SAPBDW4Tokens@@@Z 0401b364 f   libvcruntime:undname.obj
 0001:0001a38a       ?append@DName@@AAEXPBVDNameNode@@@Z 0401b38a f   libvcruntime:undname.obj
 0001:0001a3e1       ?composeDeclaration@UnDecorator@@CA?AVDName@@ABV2@@Z 0401b3e1 f i libvcruntime:undname.obj
 0001:0001b3f5       ?doAccessSpecifiers@UnDecorator@@SAHXZ 0401c3f5 f i libvcruntime:undname.obj
 0001:0001b406       ?doAllocationLanguage@UnDecorator@@SAHXZ 0401c406 f i libvcruntime:undname.obj
 0001:0001b417       ?doAllocationModel@UnDecorator@@SAHXZ 0401c417 f i libvcruntime:undname.obj
 0001:0001b428       ?doEcsu@UnDecorator@@SAHXZ 0401c428 f i libvcruntime:undname.obj
 0001:0001b439       ?doEllipsis@UnDecorator@@SAHXZ 0401c439 f i libvcruntime:undname.obj
 0001:0001b44a       ?doFunctionReturns@UnDecorator@@SAHXZ 0401c44a f i libvcruntime:undname.obj
 0001:0001b45b       ?doMSKeywords@UnDecorator@@SAHXZ 0401c45b f i libvcruntime:undname.obj
 0001:0001b46b       ?doMemberTypes@UnDecorator@@SAHXZ 0401c46b f i libvcruntime:undname.obj
 0001:0001b47c       ?doNameOnly@UnDecorator@@SAHXZ 0401c47c f i libvcruntime:undname.obj
 0001:0001b489       ?doNoIdentCharCheck@UnDecorator@@SAHXZ 0401c489 f i libvcruntime:undname.obj
 0001:0001b496       ?doPchar@DName@@AAEXPBDH@Z 0401c496 f   libvcruntime:undname.obj
 0001:0001b53d       ?doPtr64@UnDecorator@@SAHXZ 0401c53d f i libvcruntime:undname.obj
 0001:0001b54e       ?doRestrictionSpec@UnDecorator@@SAHXZ 0401c54e f i libvcruntime:undname.obj
 0001:0001b55f       ?doThisTypes@UnDecorator@@SAHXZ 0401c55f f i libvcruntime:undname.obj
 0001:0001b575       ?doThrowTypes@UnDecorator@@SAHXZ 0401c575 f i libvcruntime:undname.obj
 0001:0001b586       ?doTypeOnly@UnDecorator@@SAHXZ 0401c586 f i libvcruntime:undname.obj
 0001:0001b593       ?doUnderScore@UnDecorator@@SAHXZ 0401c593 f i libvcruntime:undname.obj
 0001:0001b5a0       ?getArgumentList@UnDecorator@@CA?AVDName@@XZ 0401c5a0 f   libvcruntime:undname.obj
 0001:0001b6d3       ?getArgumentTypes@UnDecorator@@CA?AVDName@@XZ 0401c6d3 f   libvcruntime:undname.obj
 0001:0001b7cf       ?getArrayType@UnDecorator@@CA?AVDName@@ABV2@@Z 0401c7cf f i libvcruntime:undname.obj
 0001:0001b9ec       ?getBasedType@UnDecorator@@CA?AVDName@@XZ 0401c9ec f   libvcruntime:undname.obj
 0001:0001baaa       ?getBasicDataType@UnDecorator@@CA?AVDName@@ABV2@@Z 0401caaa f   libvcruntime:undname.obj
 0001:0001bf80       ?getCHPEName@UnDecorator@@QAEPADPADH@Z 0401cf80 f i libvcruntime:undname.obj
 0001:0001c096       ?getCallIndex@UnDecorator@@CA?AVDName@@XZ 0401d096 f i libvcruntime:undname.obj
 0001:0001c0af       ?getCallingConvention@UnDecorator@@CA?AVDName@@XZ 0401d0af f   libvcruntime:undname.obj
 0001:0001c1b6       ?getDataIndirectType@UnDecorator@@CA?AVDName@@ABV2@PBD0H@Z 0401d1b6 f   libvcruntime:undname.obj
 0001:0001c91a       ?getDataIndirectType@UnDecorator@@CA?AVDName@@XZ 0401d91a f i libvcruntime:undname.obj
 0001:0001c958       ?getDataType@UnDecorator@@CA?AVDName@@PAV2@@Z 0401d958 f   libvcruntime:undname.obj
 0001:0001ca4e       ?getDecoratedName@UnDecorator@@CA?AVDName@@XZ 0401da4e f   libvcruntime:undname.obj
 0001:0001cd20       ?getDimension@UnDecorator@@CA?AVDName@@_N@Z 0401dd20 f   libvcruntime:undname.obj
 0001:0001ce86       ?getDispatchTarget@UnDecorator@@CA?AVDName@@XZ 0401de86 f   libvcruntime:undname.obj
 0001:0001ceef       ?getDisplacement@UnDecorator@@CA?AVDName@@XZ 0401deef f i libvcruntime:undname.obj
 0001:0001cf08       ?getECSUDataType@UnDecorator@@CA?AVDName@@XZ 0401df08 f   libvcruntime:undname.obj
 0001:0001d066       ?getECSUName@UnDecorator@@CA?AVDName@@XZ 0401e066 f i libvcruntime:undname.obj
 0001:0001d07b       ?getEnumType@UnDecorator@@CA?AVDName@@XZ 0401e07b f i libvcruntime:undname.obj
 0001:0001d1a7       ?getExtendedDataIndirectType@UnDecorator@@CA?AVDName@@AAPBDAA_NH@Z 0401e1a7 f   libvcruntime:undname.obj
 0001:0001d3cb       ?getExternalDataType@UnDecorator@@CA?AVDName@@ABV2@@Z 0401e3cb f i libvcruntime:undname.obj
 0001:0001d44b       ?getFunctionIndirectType@UnDecorator@@CA?AVDName@@ABV2@@Z 0401e44b f   libvcruntime:undname.obj
 0001:0001d919       ?getGuardNumber@UnDecorator@@CA?AVDName@@XZ 0401e919 f i libvcruntime:undname.obj
 0001:0001d932       ?getLastChar@DName@@QBEDXZ 0401e932 f i libvcruntime:undname.obj
 0001:0001d95a       ?getLastChar@DNameStatusNode@@UBEDXZ 0401e95a f i libvcruntime:undname.obj
 0001:0001d969       ?getLastChar@charNode@@UBEDXZ 0401e969 f i libvcruntime:undname.obj
 0001:0001d96d       ?getLastChar@pDNameNode@@UBEDXZ 0401e96d f i libvcruntime:undname.obj
 0001:0001d97e       ?getLastChar@pairNode@@UBEDXZ 0401e97e f i libvcruntime:undname.obj
 0001:0001d9c0       ?getLastChar@pcharNode@@UBEDXZ 0401e9c0 f i libvcruntime:undname.obj
 0001:0001d9d6       ?getLexicalFrame@UnDecorator@@CA?AVDName@@XZ 0401e9d6 f i libvcruntime:undname.obj
 0001:0001da24       ?getMemory@_HeapManager@@QAEPAXIH@Z 0401ea24 f   libvcruntime:undname.obj
 0001:0001dacc       ?getNoexcept@UnDecorator@@CA?AVDName@@XZ 0401eacc f   libvcruntime:undname.obj
 0001:0001db22       ?getNumberOfDimensions@UnDecorator@@CAHXZ 0401eb22 f   libvcruntime:undname.obj
 0001:0001db9b       ?getOperatorName@UnDecorator@@CA?AVDName@@_NPA_N@Z 0401eb9b f i libvcruntime:undname.obj
 0001:0001e389       ?getPointerType@UnDecorator@@CA?AVDName@@ABV2@0@Z 0401f389 f i libvcruntime:undname.obj
 0001:0001e3ae       ?getPointerTypeArray@UnDecorator@@CA?AVDName@@ABV2@0@Z 0401f3ae f i libvcruntime:undname.obj
 0001:0001e3d3       ?getPrimaryDataType@UnDecorator@@CA?AVDName@@ABV2@@Z 0401f3d3 f   libvcruntime:undname.obj
 0001:0001e630       ?getPtrRefDataType@UnDecorator@@CA?AVDName@@ABV2@H@Z 0401f630 f   libvcruntime:undname.obj
 0001:0001e7a3       ?getPtrRefType@UnDecorator@@CA?AVDName@@ABV2@0PBD@Z 0401f7a3 f   libvcruntime:undname.obj
 0001:0001e8db       ?getReferenceType@UnDecorator@@CA?AVDName@@ABV2@0PBD@Z 0401f8db f i libvcruntime:undname.obj
 0001:0001e8fe       ?getRestrictionSpec@UnDecorator@@CA?AVDName@@XZ 0401f8fe f   libvcruntime:undname.obj
 0001:0001ea35       ?getReturnType@UnDecorator@@CA?AVDName@@PAV2@@Z 0401fa35 f   libvcruntime:undname.obj
 0001:0001ea6f       ?getScope@UnDecorator@@CA?AVDName@@XZ 0401fa6f f   libvcruntime:undname.obj
 0001:0001eee8       ?getScopedName@UnDecorator@@CA?AVDName@@XZ 0401fee8 f   libvcruntime:undname.obj
 0001:0001eff1       ?getSignedDimension@UnDecorator@@CA?AVDName@@XZ 0401fff1 f   libvcruntime:undname.obj
 0001:0001f056       ?getStorageConvention@UnDecorator@@CA?AVDName@@XZ 04020056 f i libvcruntime:undname.obj
 0001:0001f06b       ?getString@DName@@QBEPADPAD0@Z 0402006b f i libvcruntime:undname.obj
 0001:0001f0a3       ?getString@DName@@QBEPADPADH@Z 040200a3 f i libvcruntime:undname.obj
 0001:0001f10e       ?getString@DNameStatusNode@@UBEPADPAD0@Z 0402010e f i libvcruntime:undname.obj
 0001:0001f13e       ?getString@charNode@@UBEPADPAD0@Z 0402013e f i libvcruntime:undname.obj
 0001:0001f158       ?getString@pDNameNode@@UBEPADPAD0@Z 04020158 f i libvcruntime:undname.obj
 0001:0001f174       ?getString@pairNode@@UBEPADPAD0@Z 04020174 f i libvcruntime:undname.obj
 0001:0001f1cb       ?getString@pcharNode@@UBEPADPAD0@Z 040201cb f i libvcruntime:undname.obj
 0001:0001f1ec       ?getStringEncoding@UnDecorator@@CA?AVDName@@PBDH@Z 040201ec f   libvcruntime:undname.obj
 0001:0001f2c8       ?getStringHelper@@YAPADPADPBD1H@Z 040202c8 f i libvcruntime:undname.obj
 0001:0001f30c       ?getSymbolName@UnDecorator@@CA?AVDName@@XZ 0402030c f i libvcruntime:undname.obj
 0001:0001f366       ?getTemplateArgumentList@UnDecorator@@CA?AVDName@@XZ 04020366 f   libvcruntime:undname.obj
 0001:0001f6aa       ?getTemplateConstant@UnDecorator@@CA?AVDName@@XZ 040206aa f   libvcruntime:undname.obj
 0001:0001faa8       ?getTemplateName@UnDecorator@@CA?AVDName@@_N@Z 04020aa8 f   libvcruntime:undname.obj
 0001:0001fc62       ?getThisType@UnDecorator@@CA?AVDName@@XZ 04020c62 f i libvcruntime:undname.obj
 0001:0001fca1       ?getThrowTypes@UnDecorator@@CA?AVDName@@XZ 04020ca1 f   libvcruntime:undname.obj
 0001:0001fccc       ?getTypeEncoding@UnDecorator@@CAHXZ 04020ccc f i libvcruntime:undname.obj
 0001:000200be       ?getUndecoratedName@UnDecorator@@QAEPADPADH@Z 040210be f i libvcruntime:undname.obj
 0001:000201b3       ?getVCallThunkType@UnDecorator@@CA?AVDName@@XZ 040211b3 f i libvcruntime:undname.obj
 0001:0002020b       ?getVbTableType@UnDecorator@@CA?AVDName@@ABV2@@Z 0402120b f i libvcruntime:undname.obj
 0001:00020225       ?getVdispMapType@UnDecorator@@CA?AVDName@@ABV2@@Z 04021225 f i libvcruntime:undname.obj
 0001:0002028e       ?getVfTableType@UnDecorator@@CA?AVDName@@ABV2@@Z 0402128e f i libvcruntime:undname.obj
 0001:00020449       ?getZName@UnDecorator@@CA?AVDName@@_N0@Z 04021449 f   libvcruntime:undname.obj
 0001:000206c7       ?haveTemplateParameters@UnDecorator@@SAHXZ 040216c7 f i libvcruntime:undname.obj
 0001:000206d4       ?isArray@DName@@QBEHXZ     040216d4 f i libvcruntime:undname.obj
 0001:000206e0       ?isComArray@DName@@QBEHXZ  040216e0 f i libvcruntime:undname.obj
 0001:000206ec       ?isEmpty@DName@@QBEHXZ     040216ec f i libvcruntime:undname.obj
 0001:000206f6       ?isFull@Replicator@@QBEHXZ 040216f6 f i libvcruntime:undname.obj
 0001:00020701       ?isNoTE@DName@@QBEHXZ      04021701 f i libvcruntime:undname.obj
 0001:0002070d       ?isPinPtr@DName@@QBEHXZ    0402170d f i libvcruntime:undname.obj
 0001:00020719       ?isPtrRef@DName@@QBEHXZ    04021719 f i libvcruntime:undname.obj
 0001:00020725       ?isUDC@DName@@QBEHXZ       04021725 f i libvcruntime:undname.obj
 0001:0002073a       ?isUDTThunk@DName@@QBEHXZ  0402173a f i libvcruntime:undname.obj
 0001:0002074f       ?isVCallThunk@DName@@QBEHXZ 0402174f f i libvcruntime:undname.obj
 0001:0002075b       ?isValid@DName@@QBEHXZ     0402175b f i libvcruntime:undname.obj
 0001:00020767       ?length@DName@@QBEHXZ      04021767 f i libvcruntime:undname.obj
 0001:0002078d       ?length@DNameStatusNode@@UBEHXZ 0402178d f i libvcruntime:undname.obj
 0001:00020791       ?length@charNode@@UBEHXZ   04021791 f i libvcruntime:undname.obj
 0001:00020795       ?length@pDNameNode@@UBEHXZ 04021795 f i libvcruntime:undname.obj
 0001:000207a6       ?length@pairNode@@UBEHXZ   040217a6 f i libvcruntime:undname.obj
 0001:000207fd       ?length@pcharNode@@UBEHXZ  040217fd f i libvcruntime:undname.obj
 0001:00020801       ?make@DNameStatusNode@@SAPBV1@W4DNameStatus@@@Z 04021801 f i libvcruntime:undname.obj
 0001:00020824       ?parseDecoratedName@UnDecorator@@CA?AVDName@@XZ 04021824 f   libvcruntime:undname.obj
 0001:0002094d       ?setIsArray@DName@@QAEXXZ  0402194d f i libvcruntime:undname.obj
 0001:00020957       ?setIsComArray@DName@@QAEXXZ 04021957 f i libvcruntime:undname.obj
 0001:00020961       ?setIsNoTE@DName@@QAEXXZ   04021961 f i libvcruntime:undname.obj
 0001:0002096b       ?setIsPinPtr@DName@@QAEXXZ 0402196b f i libvcruntime:undname.obj
 0001:00020975       ?setIsUDC@DName@@QAEXXZ    04021975 f i libvcruntime:undname.obj
 0001:00020985       ?setIsVCallThunk@DName@@QAEXXZ 04021985 f i libvcruntime:undname.obj
 0001:0002098f       ?setPtrRef@DName@@QAEAAV1@XZ 0402198f f i libvcruntime:undname.obj
 0001:0002099b       ?status@DName@@QBE?AW4DNameStatus@@XZ 0402199b f i libvcruntime:undname.obj
 0001:00020a20       ___unDName                 04021a20 f   libvcruntime:undname.obj
 0001:00020a4b       ___unDNameEx               04021a4b f   libvcruntime:undname.obj
 0001:00020b11       __vsprintf_s_l             04021b11 f i libvcruntime:undname.obj
 0001:00020b49       _sprintf_s                 04021b49 f i libvcruntime:undname.obj
 0001:00020b6c       _unDNameGenerateCHPE       04021b6c f   libvcruntime:undname.obj
[...]
 0002:0000de18       __sehtable$_terminate      04074e18     libucrt:terminate.obj
 0002:0000de38       __sehtable$__query_new_handler 04074e38     libucrt:new_handler.obj
 0002:0000de58       __sehtable$__set_new_handler 04074e58     libucrt:new_handler.obj
 0002:0000de78       __sehtable$??R<lambda_6e4b09c48022b2350581041d5f6b0c4c>@@QBE@XZ 04074e78     libucrt:exit.obj
 0002:0000de98       __sehtable$??$?RV<lambda_03b1d95aef87969028cfba75ccab2455>@@AAV<lambda_6e4b09c48022b2350581041d5f6b0c4c>@@V<lambda_22bdf7517842c4b3e53723af5aa32b9e>@@@?$__crt_seh_guarded_call@X@@QAEX$$QAV<lambda_03b1d95aef87969028cfba75ccab2455>@@AAV<lambda_6e4b09c48022b2350581041d5f6b0c4c>@@$$QAV<lambda_22bdf7517842c4b3e53723af5aa32b9e>@@@Z 04074e98     libucrt:exit.obj
 0002:0000deb8       __sehtable$??$?RV<lambda_8e746cf0007f6ed984d6f78af1fec997>@@AAV<lambda_22ebabd17bc4fa466a2aca6d8deb888d>@@V<lambda_18ed0c0b38a6dc0daf1e7ac6d6adf05e>@@@?$__crt_seh_guarded_call@H@@QAEH$$QAV<lambda_8e746cf0007f6ed984d6f78af1fec997>@@AAV<lambda_22ebabd17bc4fa466a2aca6d8deb888d>@@$$QAV<lambda_18ed0c0b38a6dc0daf1e7ac6d6adf05e>@@@Z 04074eb8     libucrt:onexit.obj
 0002:0000ded8       __sehtable$??$?RV<lambda_69a2805e680e0e292e8ba93315fe43a8>@@AAV<lambda_f03950bc5685219e0bcd2087efbe011e>@@V<lambda_03fcd07e894ec930e3f35da366ca99d6>@@@?$__crt_seh_guarded_call@H@@QAEH$$QAV<lambda_69a2805e680e0e292e8ba93315fe43a8>@@AAV<lambda_f03950bc5685219e0bcd2087efbe011e>@@$$QAV<lambda_03fcd07e894ec930e3f35da366ca99d6>@@@Z 04074ed8     libucrt:onexit.obj
 0002:0000def8       __sehtable$??$?RV<lambda_15ade71b0218206bbe3333a0c9b79046>@@AAV<lambda_da44e0f8b0f19ba52fefafb335991732>@@V<lambda_207f2d024fc103971653565357d6cd41>@@@?$__crt_seh_guarded_call@X@@QAEX$$QAV<lambda_15ade71b0218206bbe3333a0c9b79046>@@AAV<lambda_da44e0f8b0f19ba52fefafb335991732>@@$$QAV<lambda_207f2d024fc103971653565357d6cd41>@@@Z 04074ef8     libucrt:per_thread_data.obj
 0002:0000df18       __sehtable$??$?RV<lambda_a7e850c220f1c8d1e6efeecdedd162c6>@@AAV<lambda_46720907175c18b6c9d2717bc0d2d362>@@V<lambda_9048902d66e8d99359bc9897bbb930a8>@@@?$__crt_seh_guarded_call@X@@QAEX$$QAV<lambda_a7e850c220f1c8d1e6efeecdedd162c6>@@AAV<lambda_46720907175c18b6c9d2717bc0d2d362>@@$$QAV<lambda_9048902d66e8d99359bc9897bbb930a8>@@@Z 04074f18     libucrt:per_thread_data.obj
 0002:0000df38       __sehtable$??$?RV<lambda_38edbb1296d33220d7e4dd0ed76b244a>@@AAV<lambda_5ce1d447e08cb34b2473517608e21441>@@V<lambda_fb385d3da700c9147fc39e65dd577a8c>@@@?$__crt_seh_guarded_call@X@@QAEX$$QAV<lambda_38edbb1296d33220d7e4dd0ed76b244a>@@AAV<lambda_5ce1d447e08cb34b2473517608e21441>@@$$QAV<lambda_fb385d3da700c9147fc39e65dd577a8c>@@@Z 04074f38     libucrt:per_thread_data.obj
 0002:0000df58       __sehtable$??$?RV<lambda_6affb1475c98b40b75cdec977db92e3c>@@AAV<lambda_b8d4b9c228a6ecc3f80208dbb4b4a104>@@V<lambda_608742c3c92a14382c1684fc64f96c88>@@@?$__crt_seh_guarded_call@X@@QAEX$$QAV<lambda_6affb1475c98b40b75cdec977db92e3c>@@AAV<lambda_b8d4b9c228a6ecc3f80208dbb4b4a104>@@$$QAV<lambda_608742c3c92a14382c1684fc64f96c88>@@@Z 04074f58     libucrt:per_thread_data.obj
 0002:0000df78       __sehtable$__free_locale   04074f78     libucrt:wsetlocale.obj
 0002:0000dfa8       __sehtable$??$?RV<lambda_e5124f882df8998aaf41531e079ba474>@@AAV<lambda_3e16ef9562a7dcce91392c22ab16ea36>@@V<lambda_e25ca0880e6ef98be67edffd8c599615>@@@?$__crt_seh_guarded_call@X@@QAEX$$QAV<lambda_e5124f882df8998aaf41531e079ba474>@@AAV<lambda_3e16ef9562a7dcce91392c22ab16ea36>@@$$QAV<lambda_e25ca0880e6ef98be67edffd8c599615>@@@Z 04074fa8     libucrt:wsetlocale.obj
 0002:0000dfc8       __sehtable$??$?RV<lambda_82aef432098b982f9ede325b418aa67a>@@AAV<lambda_862e9a3f04921db6ca1ce3faa2bf3edf>@@V<lambda_ffabc152e504b53d7492b9889b10c020>@@@?$__crt_seh_guarded_call@X@@QAEX$$QAV<lambda_82aef432098b982f9ede325b418aa67a>@@AAV<lambda_862e9a3f04921db6ca1ce3faa2bf3edf>@@$$QAV<lambda_ffabc152e504b53d7492b9889b10c020>@@@Z 04074fc8     libucrt:wsetlocale.obj
 0002:0000dfe8       __sehtable$??$?RV<lambda_6673f7c4c09a5d469d0c27ae364621ce>@@AAV<lambda_ebab98244f73a74f49db879bf13fa982>@@V<lambda_be20789b7a146653eab82509ec35b419>@@@?$__crt_seh_guarded_call@X@@QAEX$$QAV<lambda_6673f7c4c09a5d469d0c27ae364621ce>@@AAV<lambda_ebab98244f73a74f49db879bf13fa982>@@$$QAV<lambda_be20789b7a146653eab82509ec35b419>@@@Z 04074fe8     libucrt:wsetlocale.obj
 0002:0000e008       __sehtable$??$?RV<lambda_4fdada1b837b2abbf20876fac97688ad>@@AAV<lambda_b57350f2640456a0859d250846f69caf>@@V<lambda_eed5e4f92b5b7d55fa22c48c484aaa54>@@@?$__crt_seh_guarded_call@X@@QAEX$$QAV<lambda_4fdada1b837b2abbf20876fac97688ad>@@AAV<lambda_b57350f2640456a0859d250846f69caf>@@$$QAV<lambda_eed5e4f92b5b7d55fa22c48c484aaa54>@@@Z 04075008     libucrt:wsetlocale.obj
 0002:0000e028       __sehtable$??$?RV<lambda_135d2772fca65dc1248eeaa1b56e886a>@@AAV<lambda_2a444430fde8c29194d880d93eed5e8f>@@AAV<lambda_8dff2cf36a5417162780cd64fa2883ef>@@@?$__crt_seh_guarded_call@X@@QAEX$$QAV<lambda_135d2772fca65dc1248eeaa1b56e886a>@@AAV<lambda_2a444430fde8c29194d880d93eed5e8f>@@AAV<lambda_8dff2cf36a5417162780cd64fa2883ef>@@@Z 04075028     libucrt:wsetlocale.obj
 0002:0000e048       __sehtable$_fputwc         04075048     libucrt:fputwc.obj
 0002:0000e068       __sehtable$_fputc          04075068     libucrt:fputc.obj
 0002:0000e088       __sehtable$___acrt_initialize_lowio 04075088     libucrt:ioinit.obj
 0002:0000e0a8       __sehtable$?update_thread_multibyte_data_internal@@YAPAU__crt_multibyte_data@@QAU__acrt_ptd@@QAPAU1@@Z 040750a8     libucrt:mbctype.obj
 0002:0000e0c8       __sehtable$??$?RV<lambda_ceb1ee4838e85a9d631eb091e2fbe199>@@AAV<lambda_ae742caa10f662c28703da3d2ea5e57e>@@V<lambda_cd08b5d6af4937fe54fc07d0c9bf6b37>@@@?$__crt_seh_guarded_call@X@@QAEX$$QAV<lambda_ceb1ee4838e85a9d631eb091e2fbe199>@@AAV<lambda_ae742caa10f662c28703da3d2ea5e57e>@@$$QAV<lambda_cd08b5d6af4937fe54fc07d0c9bf6b37>@@@Z 040750c8     libucrt:mbctype.obj
 0002:0000e0e8       __sehtable$??$?RV<lambda_93797fb4802c957ba6a7f08e1250235b>@@AAV<lambda_1f3ce6bd48e0aa2e72a71c02eee379d3>@@V<lambda_56cae30c9364c9b6c15aeaac05d0418e>@@@?$__crt_seh_guarded_call@H@@QAEH$$QAV<lambda_93797fb4802c957ba6a7f08e1250235b>@@AAV<lambda_1f3ce6bd48e0aa2e72a71c02eee379d3>@@$$QAV<lambda_56cae30c9364c9b6c15aeaac05d0418e>@@@Z 040750e8     libucrt:winapi_thunks.obj
 0002:0000e108       __sehtable$_signal         04075108     libucrt:signal.obj
 0002:0000e128       __sehtable$_raise          04075128     libucrt:signal.obj
 0002:0000e148       __sehtable$?ctrlevent_capture@@YGHK@Z 04075148     libucrt:signal.obj
 0002:0000e168       __sehtable$??$?RV<lambda_cbab9ec6f41b0180b23cc171c22676b0>@@AAV<lambda_44731a7d0e6d81c3e6aa82d741081786>@@V<lambda_4b292cb8dd18144e164572427af410ab>@@@?$__crt_seh_guarded_call@P6AXH@Z@@QAEP6AXH@Z$$QAV<lambda_cbab9ec6f41b0180b23cc171c22676b0>@@AAV<lambda_44731a7d0e6d81c3e6aa82d741081786>@@$$QAV<lambda_4b292cb8dd18144e164572427af410ab>@@@Z 04075168     libucrt:signal.obj
 0002:0000e188       __sehtable$??$?RV<lambda_2866be3712abc81a800a822484c830d8>@@AAV<lambda_39ca0ed439415581b5b15c265174cece>@@V<lambda_2b24c74d71094a6cd0cb82e44167d71b>@@@?$__crt_seh_guarded_call@X@@QAEX$$QAV<lambda_2866be3712abc81a800a822484c830d8>@@AAV<lambda_39ca0ed439415581b5b15c265174cece>@@$$QAV<lambda_2b24c74d71094a6cd0cb82e44167d71b>@@@Z 04075188     libucrt:fflush.obj
 0002:0000e1a8       __sehtable$??$?RV<lambda_2cc53f568c5a2bb6f192f930a45d44ea>@@AAV<lambda_ab61a845afdef5b7c387490eaf3616ee>@@V<lambda_c2ffc0b7726aa6be21d5f0026187e748>@@@?$__crt_seh_guarded_call@X@@QAEX$$QAV<lambda_2cc53f568c5a2bb6f192f930a45d44ea>@@AAV<lambda_ab61a845afdef5b7c387490eaf3616ee>@@$$QAV<lambda_c2ffc0b7726aa6be21d5f0026187e748>@@@Z 040751a8     libucrt:fflush.obj
 0002:0000e1c8       __sehtable$??$?RV<lambda_6d20deecaf4856105ebacbad442d1079>@@AAV<lambda_9a32fed5bf61b6b509b2d3f6003082a1>@@V<lambda_63ea2239ed67c638ddbae41947fdf875>@@@?$__crt_seh_guarded_call@H@@QAEH$$QAV<lambda_6d20deecaf4856105ebacbad442d1079>@@AAV<lambda_9a32fed5bf61b6b509b2d3f6003082a1>@@$$QAV<lambda_63ea2239ed67c638ddbae41947fdf875>@@@Z 040751c8     libucrt:fflush.obj
 0002:0000e1e8       __sehtable$___acrt_update_thread_locale_data 040751e8     libucrt:locale_refcounting.obj
 0002:0000e208       __sehtable$__fcloseall     04075208     libucrt:closeall.obj
 0002:0000e228       __sehtable$__open_osfhandle 04075228     libucrt:osfinfo.obj
 0002:0000e248       __sehtable$__alloc_osfhnd  04075248     libucrt:osfinfo.obj
 0002:0000e268       __sehtable$___acrt_lowio_ensure_fh_exists 04075268     libucrt:osfinfo.obj
 0002:0000e288       __sehtable$??$?RV<lambda_9e9de3de5fa147e2223d7db92bc10aa6>@@AAV<lambda_38ce7e780aa69e748d6df282ebc68efe>@@V<lambda_8ca6da459f0f6780f1cff60fdc3d00e5>@@@?$__crt_seh_guarded_call@H@@QAEH$$QAV<lambda_9e9de3de5fa147e2223d7db92bc10aa6>@@AAV<lambda_38ce7e780aa69e748d6df282ebc68efe>@@$$QAV<lambda_8ca6da459f0f6780f1cff60fdc3d00e5>@@@Z 04075288     libucrt:commit.obj
 0002:0000e2a8       __sehtable$__write         040752a8     libucrt:write.obj
 0002:0000e2c8       __sehtable$??$common_lseek@J@@YAJHJH@Z 040752c8     libucrt:lseek.obj
 0002:0000e2e8       __sehtable$??$common_lseek@_J@@YA_JH_JH@Z 040752e8     libucrt:lseek.obj
 0002:0000e308       __sehtable$_fclose         04075308     libucrt:fclose.obj
 0002:0000e328       __sehtable$??$?RV<lambda_f828341fbe69b7c0d4c527b01f22877f>@@AAV<lambda_9e0b6ab72a5b3ae37ad997d08b519f50>@@V<lambda_f01deac0a8d65d6e0411edf7e0af5775>@@@?$__crt_seh_guarded_call@G@@QAEG$$QAV<lambda_f828341fbe69b7c0d4c527b01f22877f>@@AAV<lambda_9e0b6ab72a5b3ae37ad997d08b519f50>@@$$QAV<lambda_f01deac0a8d65d6e0411edf7e0af5775>@@@Z 04075328     libucrt:putwch.obj
 0002:0000e348       __sehtable$__read          04075348     libucrt:read.obj
 0002:0000e368       __sehtable$??$?RV<lambda_218ce3db14220d0be481dae8ef3383b6>@@AAV<lambda_628dfdc04ba53c8bfc02c9951375f3f5>@@V<lambda_57dc472bd5c9d5f3b2cbca59b8a843ae>@@@?$__crt_seh_guarded_call@H@@QAEH$$QAV<lambda_218ce3db14220d0be481dae8ef3383b6>@@AAV<lambda_628dfdc04ba53c8bfc02c9951375f3f5>@@$$QAV<lambda_57dc472bd5c9d5f3b2cbca59b8a843ae>@@@Z 04075368     libucrt:close.obj
 0002:0000e388       __sehtable$?__acrt_stdio_allocate_stream@@YA?AV__crt_stdio_stream@@XZ 04075388     libucrt:stream.obj
 0002:0000e3a8       __sehtable$___set_fpsr_sse2 040753a8     libucrt:fpctrl.obj
 0002:0000e3c8       __sehtable$__IsNonwritableInCurrentImage 040753c8     LIBCMT:pesect.obj
 0002:0000e6d0       .edata                     040756d0     MQ2EQBC.exp
 0002:0000e6f8       rgpv                       040756f8     MQ2EQBC.exp
 0002:0000e724       rgszName                   04075724     MQ2EQBC.exp
 0002:0000e750       rgwOrd                     04075750     MQ2EQBC.exp
 0002:0000e766       szName                     04075766     MQ2EQBC.exp
 0002:0000e772       $N00001                    04075772     MQ2EQBC.exp
 0002:0000e783       $N00002                    04075783     MQ2EQBC.exp
 0002:0000e794       $N00003                    04075794     MQ2EQBC.exp
 0002:0000e7a2       $N00004                    040757a2     MQ2EQBC.exp
 0002:0000e7b0       $N00005                    040757b0     MQ2EQBC.exp
 0002:0000e7ba       $N00006                    040757ba     MQ2EQBC.exp
 0002:0000e7c9       $N00007                    040757c9     MQ2EQBC.exp
 0002:0000e7d1       $N00008                    040757d1     MQ2EQBC.exp
 0002:0000e7dc       $N00009                    040757dc     MQ2EQBC.exp
 0002:0000e7e9       $N00010                    040757e9     MQ2EQBC.exp
 0002:0000e7f8       $N00011                    040757f8     MQ2EQBC.exp
 0003:000000f0       ?__vcrt_flsindex@@3KA      040760f0     libvcruntime:per_thread_data.obj
 0003:00000124       ?__acrt_flsindex@@3KA      04076124     libucrt:per_thread_data.obj
 0003:00000130       __ctype_loc_style          04076130     libucrt:wsetlocale.obj
 0003:00000224       ?errno_no_memory@@3HA      04076224     libucrt:errno.obj
 0003:00000228       ?doserrno_no_memory@@3KA   04076228     libucrt:errno.obj
 0003:000005d8       __mbctypes                 040765d8     libucrt:mbctype.obj
 0003:00000710       __mbcasemaps               04076710     libucrt:mbctype.obj
 0003:00000844       ?__rgctypeflag@@3PADA      04076844     libucrt:mbctype.obj
 0003:00000848       ?__rgcode_page_info@@3PAUcode_page_info@@A 04076848     libucrt:mbctype.obj
 0003:00000b20       ?__dcrt_lowio_console_output_handle@@3PAXA 04076b20     libucrt:initcon.obj
 0003:00000b24       ?__DAZ_ENABLED@?1??__set_fpsr_sse2@@9@9 04076b24     libucrt:fpctrl.obj
 0003:00005ddc       ?is_initialized_as_dll@@3_NA 0407bddc     LIBCMT:utility.obj
 0003:00005ddd       ?module_local_atexit_table_initialized@@3_NA 0407bddd     LIBCMT:utility.obj
 0003:00005de0       ?module_local_atexit_table@@3U_onexit_table_t@@A 0407bde0     LIBCMT:utility.obj
 0003:00005dec       ?module_local_at_quick_exit_table@@3U_onexit_table_t@@A 0407bdec     LIBCMT:utility.obj
 0003:00005e00       ?__proc_attached@@3HA      0407be00     LIBCMT:dll_dllmain.obj
 0003:00005e38       _GS_ExceptionRecord        0407be38     LIBCMT:gs_report.obj
 0003:00005e88       _GS_ContextRecord          0407be88     LIBCMT:gs_report.obj
 0003:000061fc       ?__vcrt_startup_thread_ptd@@3U__vcrt_ptd@@A 0407c1fc     libvcruntime:per_thread_data.obj
 0003:00006230       _rgValidPages              0407c230     libvcruntime:eh3valid.obj
 0003:000062b0       _nValidPages               0407c2b0     libvcruntime:eh3valid.obj
 0003:000062b4       _lModifying                0407c2b4     libvcruntime:eh3valid.obj
 0003:000062d4       ___vcrt_lock_table         0407c2d4     libvcruntime:locks.obj
 0003:000062ec       ___vcrt_locks_initialized  0407c2ec     libvcruntime:locks.obj
 0003:000062f8       ?module_handles@@3PAPAUHINSTANCE__@@A 0407c2f8     libvcruntime:winapi_downlevel.obj
 0003:00006304       ?encoded_function_pointers@@3PAPAXA 0407c304     libvcruntime:winapi_downlevel.obj
 0003:00006348       ?heap@@3V_HeapManager@@A   0407c348     libvcruntime:undname.obj
 0003:00006368       ?__acrt_invalid_parameter_handler@@3V?$dual_state_global@P6AXPB_W00II@Z@__crt_state_management@@A 0407c368     libucrt:invalid_parameter.obj
 0003:00006370       ?source_frequency@@3_JA    0407c370     libucrt:clock.obj
 0003:00006378       ?start_count@@3_JA         0407c378     libucrt:clock.obj
 0003:00006384       ?__acrt_new_handler@@3V?$dual_state_global@P6AHI@Z@__crt_state_management@@A 0407c384     libucrt:new_handler.obj
 0003:00006388       ?c_termination_complete@@3JA 0407c388     libucrt:exit.obj
 0003:0000638c       ?thread_local_exit_callback_func@@3P6GXPAXK0@ZA 0407c38c     libucrt:exit.obj
 0003:00006398       ?program_name@?1???$common_configure_argv@D@@YAHW4_crt_argv_mode@@@Z@4PADA 0407c398     libucrt:argv_parsing.obj
 0003:000064d8       ?program_name@?1???$common_configure_argv@_W@@YAHW4_crt_argv_mode@@@Z@4PA_WA 0407c4d8     libucrt:argv_parsing.obj
 0003:00006788       ?internal_state@?1??_mbtowc_l@@9@4U_Mbstatet@@A 0407c788     libucrt:mbtowc.obj
 0003:000067a4       ?enable_percent_n@@3IA     0407c7a4     libucrt:printf_count_output.obj
 0003:00006a20       ?__acrt_lock_table@@3PAU_RTL_CRITICAL_SECTION@@A 0407ca20     libucrt:locks.obj
 0003:00006b70       ?__acrt_locks_initialized@@3IA 0407cb70     libucrt:locks.obj
 0003:00006bb8       ?state_cache@?1???$get_cached_win_policy@Ubegin_thread_init_policy_properties@?1??__acrt_get_begin_thread_init_policy@@YA?AW4begin_thread_init_policy@@XZ@@@YA?AW4begin_thread_init_policy@@W4AppPolicyThreadInitializationType@@@Z@4JA 0407cbb8     libucrt:win_policies.obj
 0003:00006bbc       ?state_cache@?1???$get_cached_win_policy@Udeveloper_information_policy_properties@?1??__acrt_get_developer_information_policy@@YA?AW4developer_information_policy@@XZ@@@YA?AW4developer_information_policy@@W4AppPolicyShowDeveloperDiagnostic@@@Z@4JA 0407cbbc     libucrt:win_policies.obj
 0003:00006bc0       ?state_cache@?1???$get_cached_win_policy@Uwindowing_model_policy_properties@?1??__acrt_get_windowing_model_policy@@YA?AW4windowing_model_policy@@XZ@@@YA?AW4windowing_model_policy@@W4AppPolicyWindowingModel@@@Z@4JA 0407cbc0     libucrt:win_policies.obj
 0003:00006bd0       ?fSystemSet@@3HA           0407cbd0     libucrt:mbctype.obj
 0003:00006bd7       ?initialized@?1??__acrt_initialize_multibyte@@9@4_NA 0407cbd7     libucrt:mbctype.obj
 0003:00006bf8       ?module_handles@@3PAPAUHINSTANCE__@@A 0407cbf8     libucrt:winapi_thunks.obj
 0003:00006c48       ?encoded_function_pointers@@3PAPAXA 0407cc48     libucrt:winapi_thunks.obj
 0003:00006cfc       ?static_enum_proc@?1??enum_system_locales_ex_nolock@@YAHQ6GHPA_WKJ@Z@Z@4P6GH0KJ@ZA 0407ccfc     libucrt:winapi_thunks.obj
 0003:00006d04       ?console_ctrl_handler_installed@@3_NA 0407cd04     libucrt:signal.obj
 0003:00006d08       ?ctrlc_action@@3V?$dual_state_global@P6AXH@Z@__crt_state_management@@A 0407cd08     libucrt:signal.obj
 0003:00006d0c       ?ctrlbreak_action@@3V?$dual_state_global@P6AXH@Z@__crt_state_management@@A 0407cd0c     libucrt:signal.obj
 0003:00006d10       ?abort_action@@3V?$dual_state_global@P6AXH@Z@__crt_state_management@@A 0407cd10     libucrt:signal.obj
 0003:00006d14       ?term_action@@3V?$dual_state_global@P6AXH@Z@__crt_state_management@@A 0407cd14     libucrt:signal.obj
 0003:00006d1c       ?user_matherr@@3V?$dual_state_global@P6AHPAU_exception@@@Z@__crt_state_management@@A 0407cd1c     libucrt:matherr.obj
 0003:00006d28       ?__acrt_global_new_mode@@3V?$dual_state_global@J@__crt_state_management@@A 0407cd28     libucrt:new_mode.obj
 0003:00006d2c       ?mbst@?1??mbrlen@@9@4U_Mbstatet@@A 0407cd2c     libucrt:mbrtowc.obj
 0003:00006d38       ?mbst@?1??mbrtowc@@9@4U_Mbstatet@@A 0407cd38     libucrt:mbrtowc.obj
 0003:00006d44       ?mbst@?1??_mbsrtowcs_helper@@YAIPA_WPAPBDIPAU_Mbstatet@@@Z@4U2@A 0407cd44     libucrt:mbrtowc.obj
 0003:00006d50       ?internal_pst@?1??__mbrtoc32_utf8@__crt_mbstring@@YAIPA_UPBDIPAU_Mbstatet@@@Z@4U3@A 0407cd50     libucrt:mbrtoc32.obj
 0003:00006d5c       ?__acrt_app_type@@3W4_crt_app_type@@A 0407cd5c     libucrt:report_runtime_error.obj
 0003:00006d60       ?outmsg@?9??__acrt_report_runtime_error@@9@4PA_WA 0407cd60     libucrt:report_runtime_error.obj
 0003:000074c8       __pmatherr_set             0407d4c8     libucrt:libm_error.obj
 0003:000074cc       ___acrt_error_mode         0407d4cc     libucrt:set_error_mode.obj
 0004:0000083c       .idata$6                   0407e83c     wsock32:WSOCK32.dll
 0004:0000097a       .idata$6                   0407e97a     kernel32:KERNEL32.dll
 0004:00000996       .idata$6                   0407e996     user32:USER32.dll
 0004:000011e4       .idata$6                   0407f1e4     MQ2Main:MQ2Main.dll
 0006:00000170       $R000000                   04081170     * linker generated manifest res *

 Exports

  ordinal    name

        1    ?MQ2Version@@3MA (float MQ2Version)
        2    _InitializePlugin
               exported name: InitializePlugin
        3    _NetBotRequest
               exported name: NetBotRequest
        4    _NetBotSendMsg
               exported name: NetBotSendMsg
        5    _OnCleanUI
               exported name: OnCleanUI
        6    _OnIncomingChat
               exported name: OnIncomingChat
        7    _OnPulse
               exported name: OnPulse
        8    _OnReloadUI
               exported name: OnReloadUI
        9    _SetGameState
               exported name: SetGameState
       10    _ShutdownPlugin
               exported name: ShutdownPlugin
       11    _isConnected
               exported name: isConnected
