 MQ2Fps

 Timestamp is 5c70fad2 (Sat Feb 23 00:48:34 2019)

 Preferred load address is 04000000

 Start         Length     Name                   Class
 0001:00000000 0004c0feH .text$mn                CODE
 0001:0004c0fe 0000003eH .text$x                 CODE
 0002:00000000 000001c0H .idata$5                DATA
 0002:000001c0 00000004H .00cfg                  DATA
 0002:000001c4 00000004H .CRT$XCA                DATA
 0002:000001c8 00000004H .CRT$XCZ                DATA
 0002:000001cc 00000004H .CRT$XIA                DATA
 0002:000001d0 0000000cH .CRT$XIC                DATA
 0002:000001dc 00000004H .CRT$XIZ                DATA
 0002:000001e0 00000004H .CRT$XPA                DATA
 0002:000001e4 00000008H .CRT$XPX                DATA
 0002:000001ec 00000004H .CRT$XPXA               DATA
 0002:000001f0 00000004H .CRT$XPZ                DATA
 0002:000001f4 00000004H .CRT$XTA                DATA
 0002:000001f8 00000008H .CRT$XTZ                DATA
 0002:000001fc 00000000H .gfids$y                DATA
 0002:00000200 00007a58H .rdata                  DATA
 0002:00007c58 000002a0H .rdata$r                DATA
 0002:00007ef8 000002d4H .rdata$zzzdbg           DATA
 0002:000081cc 00000004H .rtc$IAA                DATA
 0002:000081d0 00000004H .rtc$IZZ                DATA
 0002:000081d4 00000004H .rtc$TAA                DATA
 0002:000081d8 00000008H .rtc$TZZ                DATA
 0002:000081e0 00000970H .xdata$x                DATA
 0002:00008b50 000000c0H .edata                  DATA
 0002:00008c10 00000028H .idata$2                DATA
 0002:00008c38 00000014H .idata$3                DATA
 0002:00008c4c 000001c0H .idata$4                DATA
 0002:00008e0c 000007eeH .idata$6                DATA
 0003:00000000 000008e0H .data                   DATA
 0003:000008e0 00000110H .data$r                 DATA
 0003:000009f0 00001cdcH .bss                    DATA
 0004:00000000 00000060H .rsrc$01                DATA
 0004:00000060 00000180H .rsrc$02                DATA

  Address         Publics by Value              Rva+Base       Lib:Object

 0000:00000000       ___safe_se_handler_table   00000000     <absolute>
 0000:00000000       ___guard_iat_table         00000000     <absolute>
 0000:00000000       ___volatile_metadata       00000000     <absolute>
 0000:00000000       ___guard_longjmp_count     00000000     <absolute>
 0000:00000000       ___guard_longjmp_table     00000000     <absolute>
 0000:00000000       ___safe_se_handler_count   00000000     <absolute>
 0000:00000000       ___hybrid_auxiliary_iat    00000000     <absolute>
 0000:00000000       ___hybrid_code_map_count   00000000     <absolute>
 0000:00000000       ___hybrid_code_map         00000000     <absolute>
 0000:00000000       ___dynamic_value_reloc_table 00000000     <absolute>
 0000:00000000       ___guard_fids_count        00000000     <absolute>
 0000:00000000       ___enclave_config          00000000     <absolute>
 0000:00000000       ___guard_fids_table        00000000     <absolute>
 0000:00000000       __except_list              00000000     <absolute>
 0000:00000000       ___guard_iat_count         00000000     <absolute>
 0000:00000100       ___guard_flags             00000100     <absolute>
 0000:00000000       ___ImageBase               04000000     <linker-defined>
 0001:00000000       _DllMain@12                04001000 f   MQ2FPS.obj
 0001:00000070       ?MaxFPS@@YAXPAU_SPAWNINFO@EQData@@PAD@Z 04001070 f   MQ2FPS.obj
 0001:00000250       ?SetForegroundMaxFPS@@YAXK@Z 04001250 f   MQ2FPS.obj
 0001:00000260       ?SetBackgroundMaxFPS@@YAXK@Z 04001260 f   MQ2FPS.obj
 0001:00000270       ?FPSCommand@@YAXPAU_SPAWNINFO@EQData@@PAD@Z 04001270 f   MQ2FPS.obj
 0001:000004f0       ?FPSColorCommand@@YAXPAU_SPAWNINFO@EQData@@PAD@Z 040014f0 f   MQ2FPS.obj
 0001:00000650       ?dataFPS@@YAHPADAAU_MQ2TypeVar@MQ2Internal@@@Z 04001650 f   MQ2FPS.obj
 0001:00000680       ?dataMaxFPS@@YAHPADAAU_MQ2TypeVar@MQ2Internal@@@Z 04001680 f   MQ2FPS.obj
 0001:000006a0       ?dataForeground@@YAHPADAAU_MQ2TypeVar@MQ2Internal@@@Z 040016a0 f   MQ2FPS.obj
 0001:000006c0       ?RenderCommand@@YAXPAU_SPAWNINFO@EQData@@PAD@Z 040016c0 f   MQ2FPS.obj
 0001:00000a50       ?SetVTable@@YAXKK@Z        04001a50 f   MQ2FPS.obj
 0001:00000ad0       ?GetVTable@@YAKK@Z         04001ad0 f   MQ2FPS.obj
 0001:00000b00       ?Render@CMyDisplay@@QAEXXZ 04001b00 f   MQ2FPS.obj
 0001:00000b10       _InitializePlugin          04001b10 f   MQ2FPS.obj
 0001:00000cc0       _SetGameState              04001cc0 f   MQ2FPS.obj
 0001:00000d00       _ShutdownPlugin            04001d00 f   MQ2FPS.obj
 0001:00000d70       ?SetMode@@YAXK@Z           04001d70 f   MQ2FPS.obj
 0001:00000de0       ?ProcessFrame@@YAXXZ       04001de0 f   MQ2FPS.obj
 0001:00000f30       _OnPulse                   04001f30 f   MQ2FPS.obj
 0001:00001120       _OnDrawHUD                 04002120 f   MQ2FPS.obj
 0001:00001200       ??$SafeItoa@$0IAA@@@YAPADHAAY0IAA@DH@Z 04002200 f i MQ2FPS.obj
 0001:00001230       ??$sprintf_s@$0IAA@@@YAHAAY0IAA@DPBDZZ 04002230 f i MQ2FPS.obj
 0001:00001260       ?MQGetTickCount64@@YA_KXZ  04002260 f i MQ2FPS.obj
 0001:000012c0       ?Void@CMyDisplay@@QAEXXZ   040022c0 f i MQ2FPS.obj
 0001:00001300       ___local_stdio_printf_options 04002300 f i MQ2FPS.obj
 0001:00001310       ___local_stdio_scanf_options 04002310 f i MQ2FPS.obj
 0001:00001320       _sscanf_s                  04002320 f i MQ2FPS.obj
 0001:00001349       _Sleep@4                   04002349 f   kernel32:KERNEL32.dll
 0001:0000134f       _GetCurrentProcess@0       0400234f f   kernel32:KERNEL32.dll
 0001:00001355       _GetTickCount@0            04002355 f   kernel32:KERNEL32.dll
 0001:0000135b       _VirtualProtectEx@20       0400235b f   kernel32:KERNEL32.dll
 0001:00001361       _WriteProcessMemory@20     04002361 f   kernel32:KERNEL32.dll
 0001:00001367       _GetModuleHandleA@4        04002367 f   kernel32:KERNEL32.dll
 0001:0000136d       _GetProcAddress@8          0400236d f   kernel32:KERNEL32.dll
 0001:00001373       _GetPrivateProfileIntA@16  04002373 f   kernel32:KERNEL32.dll
 0001:00001379       _WritePrivateProfileStringA@16 04002379 f   kernel32:KERNEL32.dll
 0001:0000137f       ?WriteTextHD2@CDisplay@EQClasses@@SAHPBDHHH@Z 0400237f f   MQ2Main:MQ2Main.dll
 0001:00001385       _WriteChatColor            04002385 f   MQ2Main:MQ2Main.dll
 0001:0000138b       _AddCommand                0400238b f   MQ2Main:MQ2Main.dll
 0001:00001391       _RemoveCommand             04002391 f   MQ2Main:MQ2Main.dll
 0001:00001397       _AddMQ2Data                04002397 f   MQ2Main:MQ2Main.dll
 0001:0000139d       _RemoveMQ2Data             0400239d f   MQ2Main:MQ2Main.dll
 0001:000013a3       _IsMouseWaiting            040023a3 f   MQ2Main:MQ2Main.dll
 0001:000013a9       _DebugSpewAlways           040023a9 f   MQ2Main:MQ2Main.dll
 0001:000013af       _GetArg                    040023af f   MQ2Main:MQ2Main.dll
 0001:000013b5       _SyntaxError               040023b5 f   MQ2Main:MQ2Main.dll
 0001:000013bb       _MacroError                040023bb f   MQ2Main:MQ2Main.dll
 0001:000013d0       __alloca_probe             040023d0 f   LIBCMT:chkstk.obj
 0001:000013d0       __chkstk                   040023d0 f   LIBCMT:chkstk.obj
 0001:00001400       __ftoui3                   04002400 f   LIBCMT:ftol3.obj
 0001:0000140f       __ftoul3                   0400240f f   LIBCMT:ftol3.obj
 0001:0000141e       __ftol3                    0400241e f   LIBCMT:ftol3.obj
 0001:0000142b       __ftol3_NaN                0400242b f   LIBCMT:ftol3.obj
 0001:00001443       __ftol3_work               04002443 f   LIBCMT:ftol3.obj
 0001:000014c9       __ftol3_common             040024c9 f   LIBCMT:ftol3.obj
 0001:0000158b       __ftol3_arg_error          0400258b f   LIBCMT:ftol3.obj
 0001:0000159d       __ftol3_except             0400259d f   LIBCMT:ftol3.obj
 0001:000015e1       __dtoui3                   040025e1 f   LIBCMT:ftol3.obj
 0001:000015f0       __dtoul3                   040025f0 f   LIBCMT:ftol3.obj
 0001:000015ff       __dtol3                    040025ff f   LIBCMT:ftol3.obj
 0001:0000160c       __dtol3_NaN                0400260c f   LIBCMT:ftol3.obj
 0001:00001629       __dtol3_work               04002629 f   LIBCMT:ftol3.obj
 0001:00001710       __ultod3                   04002710 f   LIBCMT:ftol3.obj
 0001:00001750       __ltod3                    04002750 f   LIBCMT:ftol3.obj
 0001:00001a97       __CRT_INIT@12              04002a97 f   LIBCMT:dll_dllmain.obj
 0001:00001aa0       __DllMainCRTStartup@12     04002aa0 f   LIBCMT:dll_dllmain.obj
 0001:00001b10       ___security_init_cookie    04002b10 f   LIBCMT:gs_support.obj
 0001:00001b5b       ?__scrt_initialize_type_info@@YAXXZ 04002b5b f   LIBCMT:tncleanup.obj
 0001:00001b67       ?__scrt_uninitialize_type_info@@YAXXZ 04002b67 f   LIBCMT:tncleanup.obj
 0001:00001b73       ___scrt_initialize_default_local_stdio_options 04002b73 f   LIBCMT:default_local_stdio_options.obj
 0001:00001b90       ??$__crt_fast_decode_pointer@PAP6AXXZ@@YAPAP6AXXZQAP6AXXZ@Z 04002b90 f i LIBCMT:utility.obj
 0001:00001ba4       ??$__crt_fast_encode_pointer@PAP6AXXZ@@YAPAP6AXXZQAP6AXXZ@Z 04002ba4 f i LIBCMT:utility.obj
 0001:00001bc1       ?__crt_rotate_pointer_value@@YAIIH@Z 04002bc1 f i LIBCMT:utility.obj
 0001:00001bce       ?configure_argv@__scrt_narrow_argv_policy@@SAHXZ 04002bce f i LIBCMT:utility.obj
 0001:00001c1f       ?initialize_environment@__scrt_narrow_environment_policy@@SAHXZ 04002c1f f i LIBCMT:utility.obj
 0001:00001c58       _NtCurrentTeb              04002c58 f i LIBCMT:utility.obj
 0001:00001c5f       ___scrt_acquire_startup_lock 04002c5f f   LIBCMT:utility.obj
 0001:00001c91       ___scrt_dllmain_after_initialize_c 04002c91 f   LIBCMT:utility.obj
 0001:00001cbc       ___scrt_dllmain_before_initialize_c 04002cbc f   LIBCMT:utility.obj
 0001:00001cca       ___scrt_dllmain_crt_thread_attach 04002cca f   LIBCMT:utility.obj
 0001:00001ce9       ___scrt_dllmain_crt_thread_detach 04002ce9 f   LIBCMT:utility.obj
 0001:00001cf6       ___scrt_dllmain_exception_filter 04002cf6 f   LIBCMT:utility.obj
 0001:00001d2a       ___scrt_dllmain_uninitialize_c 04002d2a f   LIBCMT:utility.obj
 0001:00001d4d       ___scrt_dllmain_uninitialize_critical 04002d4d f   LIBCMT:utility.obj
 0001:00001d5a       ___scrt_initialize_crt     04002d5a f   LIBCMT:utility.obj
 0001:00001d93       ___scrt_initialize_onexit_tables 04002d93 f   LIBCMT:utility.obj
 0001:00001e38       ___scrt_is_nonwritable_in_current_image 04002e38 f   LIBCMT:utility.obj
 0001:00001ecc       ___scrt_release_startup_lock 04002ecc f   LIBCMT:utility.obj
 0001:00001ee9       ___scrt_uninitialize_crt   04002ee9 f   LIBCMT:utility.obj
 0001:00001f11       __onexit                   04002f11 f   LIBCMT:utility.obj
 0001:00001f4c       _at_quick_exit             04002f4c f   LIBCMT:utility.obj
 0001:00001f7d       _atexit                    04002f7d f   LIBCMT:utility.obj
 0001:00001f92       ___scrt_get_dyn_tls_init_callback 04002f92 f   LIBCMT:dyn_tls_init.obj
 0001:00001f98       ___scrt_fastfail           04002f98 f   LIBCMT:utility_desktop.obj
 0001:000020b2       ___scrt_get_show_window_mode 040030b2 f   LIBCMT:utility_desktop.obj
 0001:000020e3       ___scrt_initialize_mta     040030e3 f   LIBCMT:utility_desktop.obj
 0001:000020e8       ___scrt_initialize_winrt   040030e8 f   LIBCMT:utility_desktop.obj
 0001:000020eb       ___scrt_is_managed_app     040030eb f   LIBCMT:utility_desktop.obj
 0001:0000212e       ___scrt_set_unhandled_exception_filter 0400312e f   LIBCMT:utility_desktop.obj
 0001:0000213a       ___scrt_exe_initialize_mta 0400313a f   LIBCMT:utility_desktop.obj
 0001:0000213a       ___scrt_stub_for_initialize_mta 0400313a f   LIBCMT:utility_desktop.obj
 0001:0000213d       ___scrt_unhandled_exception_filter@4 0400313d f   LIBCMT:utility_desktop.obj
 0001:0000217e       __crt_debugger_hook        0400317e f   LIBCMT:utility_desktop.obj
 0001:00002186       __RTC_Initialize           04003186 f   LIBCMT:initsect.obj
 0001:000021b2       __RTC_Terminate            040031b2 f   LIBCMT:initsect.obj
 0001:000021e0       __SEH_prolog4              040031e0 f   LIBCMT:sehprolg4.obj
 0001:00002226       __SEH_epilog4              04003226 f   LIBCMT:sehprolg4.obj
 0001:0000223b       @_guard_check_icall_nop@4  0400323b f i LIBCMT:guard_support.obj
 0001:0000223c       _ReadNoFence               0400323c f i LIBCMT:guard_support.obj
 0001:00002246       _ReadPointerNoFence        04003246 f i LIBCMT:guard_support.obj
 0001:00002250       __guard_icall_checks_enforced 04003250 f i LIBCMT:guard_support.obj
 0001:00002262       ___isa_available_init      04003262 f   LIBCMT:cpu_disp.obj
 0001:000023f9       __get_startup_argv_mode    040033f9 f   LIBCMT:argv_mode.obj
 0001:000023fd       ___scrt_is_ucrt_dll_in_use 040033fd f   LIBCMT:ucrt_detection.obj
 0001:00002409       @__security_check_cookie@4 04003409 f   LIBCMT:secchk.obj
 0001:0000241a       ___raise_securityfailure   0400341a f   LIBCMT:gs_report.obj
 0001:00002442       ___report_gsfailure        04003442 f   LIBCMT:gs_report.obj
 0001:0000253b       ___report_rangecheckfailure 0400353b f   LIBCMT:gs_report.obj
 0001:00002547       ___report_securityfailure  04003547 f   LIBCMT:gs_report.obj
 0001:00002615       ___report_securityfailureEx 04003615 f   LIBCMT:gs_report.obj
 0001:00002730       _strchr                    04003730 f   libvcruntime:strchr.obj
 0001:0000279e       ___from_strstr_to_strchr   0400379e     libvcruntime:strchr.obj
 0001:00002860       _memset                    04003860 f   libvcruntime:memset.obj
 0001:00002a00       __except_handler4          04003a00 f   libvcruntime:chandler4.obj
 0001:00002b65       ??$?RD@__crt_internal_free_policy@@QBEXQBD@Z 04003b65 f i libvcruntime:std_type_info.obj
 0001:00002b75       ??$?RX@__crt_internal_free_policy@@QBEXQBX@Z 04003b75 f i libvcruntime:std_type_info.obj
 0001:00002b85       ??$__crt_interlocked_compare_exchange_pointer@$$CBDPAD$$T@@YAPBDPDSBDQAD$$T@Z 04003b85 f i libvcruntime:std_type_info.obj
 0001:00002b97       ??$__crt_interlocked_read_pointer@$$CBD@@YAPBDPDSBD@Z 04003b97 f i libvcruntime:std_type_info.obj
 0001:00002ba1       ??0?$__crt_unique_heap_ptr@DU__crt_internal_free_policy@@@@QAE@QAD@Z 04003ba1 f i libvcruntime:std_type_info.obj
 0001:00002baf       ??0?$__crt_unique_heap_ptr@XU__crt_internal_free_policy@@@@QAE@QAX@Z 04003baf f i libvcruntime:std_type_info.obj
 0001:00002bbd       ??1?$__crt_unique_heap_ptr@DU__crt_internal_free_policy@@@@QAE@XZ 04003bbd f i libvcruntime:std_type_info.obj
 0001:00002bcd       ??1?$__crt_unique_heap_ptr@XU__crt_internal_free_policy@@@@QAE@XZ 04003bcd f i libvcruntime:std_type_info.obj
 0001:00002be9       ??B?$__crt_unique_heap_ptr@DU__crt_internal_free_policy@@@@QBE_NXZ 04003be9 f i libvcruntime:std_type_info.obj
 0001:00002bf0       ??B?$__crt_unique_heap_ptr@XU__crt_internal_free_policy@@@@QBE_NXZ 04003bf0 f i libvcruntime:std_type_info.obj
 0001:00002c17       ?__crt_interlocked_read_32@@YAHPDH@Z 04003c17 f i libvcruntime:std_type_info.obj
 0001:00002c21       ?detach@?$__crt_unique_heap_ptr@XU__crt_internal_free_policy@@@@QAEPAXXZ 04003c21 f i libvcruntime:std_type_info.obj
 0001:00002c27       ?get@?$__crt_unique_heap_ptr@DU__crt_internal_free_policy@@@@QBEPADXZ 04003c27 f i libvcruntime:std_type_info.obj
 0001:00002c2a       ?get@?$__crt_unique_heap_ptr@XU__crt_internal_free_policy@@@@QBEPAXXZ 04003c2a f i libvcruntime:std_type_info.obj
 0001:00002c2d       ?is_valid@?$__crt_unique_heap_ptr@DU__crt_internal_free_policy@@@@QBE_NXZ 04003c2d f i libvcruntime:std_type_info.obj
 0001:00002c34       ?is_valid@?$__crt_unique_heap_ptr@XU__crt_internal_free_policy@@@@QBE_NXZ 04003c34 f i libvcruntime:std_type_info.obj
 0001:00002c3b       ?release@?$__crt_unique_heap_ptr@DU__crt_internal_free_policy@@@@QAEXXZ 04003c3b f i libvcruntime:std_type_info.obj
 0001:00002c4b       ?release@?$__crt_unique_heap_ptr@XU__crt_internal_free_policy@@@@QAEXXZ 04003c4b f i libvcruntime:std_type_info.obj
 0001:00002c5b       ___std_type_info_compare   04003c5b f   libvcruntime:std_type_info.obj
 0001:00002c97       ___std_type_info_destroy_list 04003c97 f   libvcruntime:std_type_info.obj
 0001:00002cba       ___std_type_info_hash      04003cba f   libvcruntime:std_type_info.obj
 0001:00002ce0       ___std_type_info_name      04003ce0 f   libvcruntime:std_type_info.obj
 0001:00002da3       ___vcrt_initialize         04003da3 f   libvcruntime:initialization.obj
 0001:00002dcc       ___vcrt_thread_attach      04003dcc f   libvcruntime:initialization.obj
 0001:00002dd7       ___vcrt_thread_detach      04003dd7 f   libvcruntime:initialization.obj
 0001:00002de2       ___vcrt_uninitialize       04003de2 f   libvcruntime:initialization.obj
 0001:00002e01       ___vcrt_uninitialize_critical 04003e01 f   libvcruntime:initialization.obj
 0001:00002e10       __local_unwind4            04003e10 f   libvcruntime:exsup4.obj
 0001:00002ee8       __seh_longjmp_unwind4@4    04003ee8 f   libvcruntime:exsup4.obj
 0001:00002f10       @_EH4_CallFilterFunc@8     04003f10 f   libvcruntime:exsup4.obj
 0001:00002f28       @_EH4_TransferToHandler@8  04003f28 f   libvcruntime:exsup4.obj
 0001:00002f44       @_EH4_GlobalUnwind2@8      04003f44 f   libvcruntime:exsup4.obj
 0001:00002f60       @_EH4_LocalUnwind@16       04003f60 f   libvcruntime:exsup4.obj
 0001:00002f82       ___except_validate_context_record 04003f82 f   libvcruntime:jbcxrval.obj
 0001:00002fb2       ___except_validate_jump_buffer 04003fb2 f   libvcruntime:jbcxrval.obj
 0001:00002fdf       ___except_validate_jump_buffer_common 04003fdf f i libvcruntime:jbcxrval.obj
 0001:00003018       ??0Block@_HeapManager@@QAE@XZ 04004018 f i libvcruntime:undname.obj
 0001:0000301e       ??0DName@@QAE@AAPBDD@Z     0400401e f   libvcruntime:undname.obj
 0001:000030d0       ??0DName@@QAE@ABV0@@Z      040040d0 f i libvcruntime:undname.obj
 0001:000030e6       ??0DName@@QAE@D@Z          040040e6 f   libvcruntime:undname.obj
 0001:0000310b       ??0DName@@QAE@PAV0@@Z      0400410b f   libvcruntime:undname.obj
 0001:00003153       ??0DName@@QAE@PBD@Z        04004153 f   libvcruntime:undname.obj
 0001:00003186       ??0DName@@QAE@W4DNameStatus@@@Z 04004186 f   libvcruntime:undname.obj
 0001:000031c6       ??0DName@@QAE@XZ           040041c6 f i libvcruntime:undname.obj
 0001:000031d0       ??0DName@@QAE@_J@Z         040041d0 f   libvcruntime:undname.obj
 0001:0000325c       ??0DName@@QAE@_K@Z         0400425c f   libvcruntime:undname.obj
 0001:000032c2       ??0DNameNode@@IAE@XZ       040042c2 f i libvcruntime:undname.obj
 0001:000032cb       ??0Replicator@@QAE@XZ      040042cb f i libvcruntime:undname.obj
 0001:000032da       ??0UnDecorator@@QAE@PBDP6APADJ@ZK@Z 040042da f i libvcruntime:undname.obj
 0001:00003326       ??0charNode@@QAE@D@Z       04004326 f i libvcruntime:undname.obj
 0001:0000333b       ??0pDNameNode@@QAE@PAVDName@@@Z 0400433b f   libvcruntime:undname.obj
 0001:00003363       ??0pairNode@@QAE@PBVDNameNode@@0@Z 04004363 f i libvcruntime:undname.obj
 0001:00003382       ??0pcharNode@@QAE@PBDH@Z   04004382 f   libvcruntime:undname.obj
 0001:000033e2       ??2@YAPAXIAAV_HeapManager@@H@Z 040043e2 f i libvcruntime:undname.obj
 0001:000033f7       ??4DName@@QAEAAV0@ABV0@@Z  040043f7 f   libvcruntime:undname.obj
 0001:0000340d       ??4DName@@QAEAAV0@D@Z      0400440d f i libvcruntime:undname.obj
 0001:00003432       ??4DName@@QAEAAV0@PAV0@@Z  04004432 f   libvcruntime:undname.obj
 0001:00003474       ??4DName@@QAEAAV0@PBD@Z    04004474 f   libvcruntime:undname.obj
 0001:0000349f       ??4DName@@QAEAAV0@W4DNameStatus@@@Z 0400449f f   libvcruntime:undname.obj
 0001:000034d1       ??AReplicator@@QBE?AVDName@@H@Z 040044d1 f   libvcruntime:undname.obj
 0001:00003517       ??H@YA?AVDName@@DABV0@@Z   04004517 f i libvcruntime:undname.obj
 0001:00003539       ??H@YA?AVDName@@PBDABV0@@Z 04004539 f i libvcruntime:undname.obj
 0001:0000355b       ??H@YA?AVDName@@W4DNameStatus@@ABV0@@Z 0400455b f i libvcruntime:undname.obj
 0001:0000357d       ??HDName@@QBE?AV0@ABV0@@Z  0400457d f   libvcruntime:undname.obj
 0001:0000359f       ??HDName@@QBE?AV0@D@Z      0400459f f   libvcruntime:undname.obj
 0001:000035c1       ??HDName@@QBE?AV0@PAV0@@Z  040045c1 f   libvcruntime:undname.obj
 0001:000035e3       ??HDName@@QBE?AV0@PBD@Z    040045e3 f   libvcruntime:undname.obj
 0001:00003605       ??HDName@@QBE?AV0@W4DNameStatus@@@Z 04004605 f   libvcruntime:undname.obj
 0001:00003627       ??YDName@@QAEAAV0@ABV0@@Z  04004627 f   libvcruntime:undname.obj
 0001:00003668       ??YDName@@QAEAAV0@D@Z      04004668 f   libvcruntime:undname.obj
 0001:000036b8       ??YDName@@QAEAAV0@PAV0@@Z  040046b8 f   libvcruntime:undname.obj
 0001:0000371d       ??YDName@@QAEAAV0@PBD@Z    0400471d f   libvcruntime:undname.obj
 0001:0000377e       ??YDName@@QAEAAV0@W4DNameStatus@@@Z 0400477e f   libvcruntime:undname.obj
 0001:000037be       ??YReplicator@@QAEAAV0@ABVDName@@@Z 040047be f   libvcruntime:undname.obj
 0001:00003808       ??_5DName@@QAEAAV0@ABV0@@Z 04004808 f   libvcruntime:undname.obj
 0001:00003824       ?Constructor@_HeapManager@@QAEXP6APAXI@ZP6AXPAX@Z@Z 04004824 f i libvcruntime:undname.obj
 0001:00003841       ?Destructor@_HeapManager@@QAEXXZ 04004841 f i libvcruntime:undname.obj
 0001:00003879       ?UScore@UnDecorator@@SAPBDW4Tokens@@@Z 04004879 f   libvcruntime:undname.obj
 0001:00003898       ?append@DName@@AAEXPBVDNameNode@@@Z 04004898 f   libvcruntime:undname.obj
 0001:000038de       ?composeDeclaration@UnDecorator@@CA?AVDName@@ABV2@@Z 040048de f i libvcruntime:undname.obj
 0001:000045bb       ?doAccessSpecifiers@UnDecorator@@SAHXZ 040055bb f i libvcruntime:undname.obj
 0001:000045c9       ?doAllocationLanguage@UnDecorator@@SAHXZ 040055c9 f i libvcruntime:undname.obj
 0001:000045d7       ?doAllocationModel@UnDecorator@@SAHXZ 040055d7 f i libvcruntime:undname.obj
 0001:000045e5       ?doEcsu@UnDecorator@@SAHXZ 040055e5 f i libvcruntime:undname.obj
 0001:000045f3       ?doEllipsis@UnDecorator@@SAHXZ 040055f3 f i libvcruntime:undname.obj
 0001:00004601       ?doFunctionReturns@UnDecorator@@SAHXZ 04005601 f i libvcruntime:undname.obj
 0001:0000460f       ?doMSKeywords@UnDecorator@@SAHXZ 0400560f f i libvcruntime:undname.obj
 0001:0000461c       ?doMemberTypes@UnDecorator@@SAHXZ 0400561c f i libvcruntime:undname.obj
 0001:0000462a       ?doNameOnly@UnDecorator@@SAHXZ 0400562a f i libvcruntime:undname.obj
 0001:00004635       ?doNoIdentCharCheck@UnDecorator@@SAHXZ 04005635 f i libvcruntime:undname.obj
 0001:00004640       ?doPchar@DName@@AAEXPBDH@Z 04005640 f   libvcruntime:undname.obj
 0001:000046c6       ?doPtr64@UnDecorator@@SAHXZ 040056c6 f i libvcruntime:undname.obj
 0001:000046d4       ?doRestrictionSpec@UnDecorator@@SAHXZ 040056d4 f i libvcruntime:undname.obj
 0001:000046e2       ?doThisTypes@UnDecorator@@SAHXZ 040056e2 f i libvcruntime:undname.obj
 0001:000046f4       ?doThrowTypes@UnDecorator@@SAHXZ 040056f4 f i libvcruntime:undname.obj
 0001:00004702       ?doTypeOnly@UnDecorator@@SAHXZ 04005702 f i libvcruntime:undname.obj
 0001:0000470d       ?doUnderScore@UnDecorator@@SAHXZ 0400570d f i libvcruntime:undname.obj
 0001:00004718       ?getArgumentList@UnDecorator@@CA?AVDName@@XZ 04005718 f   libvcruntime:undname.obj
 0001:0000480e       ?getArgumentTypes@UnDecorator@@CA?AVDName@@XZ 0400580e f   libvcruntime:undname.obj
 0001:000048d8       ?getArrayType@UnDecorator@@CA?AVDName@@ABV2@@Z 040058d8 f i libvcruntime:undname.obj
 0001:00004a89       ?getBasedType@UnDecorator@@CA?AVDName@@XZ 04005a89 f   libvcruntime:undname.obj
 0001:00004b21       ?getBasicDataType@UnDecorator@@CA?AVDName@@ABV2@@Z 04005b21 f   libvcruntime:undname.obj
 0001:00004f00       ?getCHPEName@UnDecorator@@QAEPADPADH@Z 04005f00 f i libvcruntime:undname.obj
 0001:00004fdf       ?getCallIndex@UnDecorator@@CA?AVDName@@XZ 04005fdf f i libvcruntime:undname.obj
 0001:00004ff3       ?getCallingConvention@UnDecorator@@CA?AVDName@@XZ 04005ff3 f   libvcruntime:undname.obj
 0001:000050c6       ?getDataIndirectType@UnDecorator@@CA?AVDName@@ABV2@PBD0H@Z 040060c6 f   libvcruntime:undname.obj
 0001:000056b0       ?getDataIndirectType@UnDecorator@@CA?AVDName@@XZ 040066b0 f i libvcruntime:undname.obj
 0001:000056e2       ?getDataType@UnDecorator@@CA?AVDName@@PAV2@@Z 040066e2 f   libvcruntime:undname.obj
 0001:000057a7       ?getDecoratedName@UnDecorator@@CA?AVDName@@XZ 040067a7 f   libvcruntime:undname.obj
 0001:000059e9       ?getDimension@UnDecorator@@CA?AVDName@@_N@Z 040069e9 f   libvcruntime:undname.obj
 0001:00005b08       ?getDispatchTarget@UnDecorator@@CA?AVDName@@XZ 04006b08 f   libvcruntime:undname.obj
 0001:00005b5c       ?getDisplacement@UnDecorator@@CA?AVDName@@XZ 04006b5c f i libvcruntime:undname.obj
 0001:00005b70       ?getECSUDataType@UnDecorator@@CA?AVDName@@XZ 04006b70 f   libvcruntime:undname.obj
 0001:00005c88       ?getECSUName@UnDecorator@@CA?AVDName@@XZ 04006c88 f i libvcruntime:undname.obj
 0001:00005c99       ?getEnumType@UnDecorator@@CA?AVDName@@XZ 04006c99 f i libvcruntime:undname.obj
 0001:00005d89       ?getExtendedDataIndirectType@UnDecorator@@CA?AVDName@@AAPBDAA_NH@Z 04006d89 f   libvcruntime:undname.obj
 0001:00005f40       ?getExternalDataType@UnDecorator@@CA?AVDName@@ABV2@@Z 04006f40 f i libvcruntime:undname.obj
 0001:00005fa7       ?getFunctionIndirectType@UnDecorator@@CA?AVDName@@ABV2@@Z 04006fa7 f   libvcruntime:undname.obj
 0001:0000637f       ?getGuardNumber@UnDecorator@@CA?AVDName@@XZ 0400737f f i libvcruntime:undname.obj
 0001:00006393       ?getLastChar@DName@@QBEDXZ 04007393 f i libvcruntime:undname.obj
 0001:000063b3       ?getLastChar@DNameStatusNode@@UBEDXZ 040073b3 f i libvcruntime:undname.obj
 0001:000063bf       ?getLastChar@charNode@@UBEDXZ 040073bf f i libvcruntime:undname.obj
 0001:000063c3       ?getLastChar@pDNameNode@@UBEDXZ 040073c3 f i libvcruntime:undname.obj
 0001:000063d1       ?getLastChar@pairNode@@UBEDXZ 040073d1 f i libvcruntime:undname.obj
 0001:00006406       ?getLastChar@pcharNode@@UBEDXZ 04007406 f i libvcruntime:undname.obj
 0001:00006418       ?getLexicalFrame@UnDecorator@@CA?AVDName@@XZ 04007418 f i libvcruntime:undname.obj
 0001:00006457       ?getMemory@_HeapManager@@QAEPAXIH@Z 04007457 f   libvcruntime:undname.obj
 0001:000064de       ?getNoexcept@UnDecorator@@CA?AVDName@@XZ 040074de f   libvcruntime:undname.obj
 0001:00006523       ?getNumberOfDimensions@UnDecorator@@CAHXZ 04007523 f   libvcruntime:undname.obj
 0001:00006584       ?getOperatorName@UnDecorator@@CA?AVDName@@_NPA_N@Z 04007584 f i libvcruntime:undname.obj
 0001:00006bdc       ?getPointerType@UnDecorator@@CA?AVDName@@ABV2@0@Z 04007bdc f i libvcruntime:undname.obj
 0001:00006bfa       ?getPointerTypeArray@UnDecorator@@CA?AVDName@@ABV2@0@Z 04007bfa f i libvcruntime:undname.obj
 0001:00006c18       ?getPrimaryDataType@UnDecorator@@CA?AVDName@@ABV2@@Z 04007c18 f   libvcruntime:undname.obj
 0001:00006dfc       ?getPtrRefDataType@UnDecorator@@CA?AVDName@@ABV2@H@Z 04007dfc f   libvcruntime:undname.obj
 0001:00006f25       ?getPtrRefType@UnDecorator@@CA?AVDName@@ABV2@0PBD@Z 04007f25 f   libvcruntime:undname.obj
 0001:0000701f       ?getReferenceType@UnDecorator@@CA?AVDName@@ABV2@0PBD@Z 0400801f f i libvcruntime:undname.obj
 0001:0000703b       ?getRestrictionSpec@UnDecorator@@CA?AVDName@@XZ 0400803b f   libvcruntime:undname.obj
 0001:00007134       ?getReturnType@UnDecorator@@CA?AVDName@@PAV2@@Z 04008134 f   libvcruntime:undname.obj
 0001:00007163       ?getScope@UnDecorator@@CA?AVDName@@XZ 04008163 f   libvcruntime:undname.obj
 0001:000074f7       ?getScopedName@UnDecorator@@CA?AVDName@@XZ 040084f7 f   libvcruntime:undname.obj
 0001:000075cb       ?getSignedDimension@UnDecorator@@CA?AVDName@@XZ 040085cb f   libvcruntime:undname.obj
 0001:0000761c       ?getStorageConvention@UnDecorator@@CA?AVDName@@XZ 0400861c f i libvcruntime:undname.obj
 0001:0000762d       ?getString@DName@@QBEPADPAD0@Z 0400862d f i libvcruntime:undname.obj
 0001:0000765a       ?getString@DName@@QBEPADPADH@Z 0400865a f i libvcruntime:undname.obj
 0001:000076b0       ?getString@DNameStatusNode@@UBEPADPAD0@Z 040086b0 f i libvcruntime:undname.obj
 0001:000076d7       ?getString@charNode@@UBEPADPAD0@Z 040086d7 f i libvcruntime:undname.obj
 0001:000076ec       ?getString@pDNameNode@@UBEPADPAD0@Z 040086ec f i libvcruntime:undname.obj
 0001:00007703       ?getString@pairNode@@UBEPADPAD0@Z 04008703 f i libvcruntime:undname.obj
 0001:00007749       ?getString@pcharNode@@UBEPADPAD0@Z 04008749 f i libvcruntime:undname.obj
 0001:00007764       ?getStringEncoding@UnDecorator@@CA?AVDName@@PBDH@Z 04008764 f   libvcruntime:undname.obj
 0001:00007814       ?getStringHelper@@YAPADPADPBD1H@Z 04008814 f i libvcruntime:undname.obj
 0001:0000784b       ?getSymbolName@UnDecorator@@CA?AVDName@@XZ 0400884b f i libvcruntime:undname.obj
 0001:00007893       ?getTemplateArgumentList@UnDecorator@@CA?AVDName@@XZ 04008893 f   libvcruntime:undname.obj
 0001:00007b30       ?getTemplateConstant@UnDecorator@@CA?AVDName@@XZ 04008b30 f   libvcruntime:undname.obj
 0001:00007e62       ?getTemplateName@UnDecorator@@CA?AVDName@@_N@Z 04008e62 f   libvcruntime:undname.obj
 0001:00007fc4       ?getThisType@UnDecorator@@CA?AVDName@@XZ 04008fc4 f i libvcruntime:undname.obj
 0001:00007ff7       ?getThrowTypes@UnDecorator@@CA?AVDName@@XZ 04008ff7 f   libvcruntime:undname.obj
 0001:0000801a       ?getTypeEncoding@UnDecorator@@CAHXZ 0400901a f i libvcruntime:undname.obj
 0001:00008342       ?getUndecoratedName@UnDecorator@@QAEPADPADH@Z 04009342 f i libvcruntime:undname.obj
 0001:00008406       ?getVCallThunkType@UnDecorator@@CA?AVDName@@XZ 04009406 f i libvcruntime:undname.obj
 0001:0000844d       ?getVbTableType@UnDecorator@@CA?AVDName@@ABV2@@Z 0400944d f i libvcruntime:undname.obj
 0001:00008462       ?getVdispMapType@UnDecorator@@CA?AVDName@@ABV2@@Z 04009462 f i libvcruntime:undname.obj
 0001:000084b6       ?getVfTableType@UnDecorator@@CA?AVDName@@ABV2@@Z 040094b6 f i libvcruntime:undname.obj
 0001:00008619       ?getZName@UnDecorator@@CA?AVDName@@_N0@Z 04009619 f   libvcruntime:undname.obj
 0001:00008818       ?haveTemplateParameters@UnDecorator@@SAHXZ 04009818 f i libvcruntime:undname.obj
 0001:00008823       ?isArray@DName@@QBEHXZ     04009823 f i libvcruntime:undname.obj
 0001:0000882d       ?isComArray@DName@@QBEHXZ  0400982d f i libvcruntime:undname.obj
 0001:00008837       ?isEmpty@DName@@QBEHXZ     04009837 f i libvcruntime:undname.obj
 0001:0000883f       ?isFull@Replicator@@QBEHXZ 0400983f f i libvcruntime:undname.obj
 0001:00008848       ?isNoTE@DName@@QBEHXZ      04009848 f i libvcruntime:undname.obj
 0001:00008852       ?isPinPtr@DName@@QBEHXZ    04009852 f i libvcruntime:undname.obj
 0001:0000885c       ?isPtrRef@DName@@QBEHXZ    0400985c f i libvcruntime:undname.obj
 0001:00008866       ?isUDC@DName@@QBEHXZ       04009866 f i libvcruntime:undname.obj
 0001:00008877       ?isUDTThunk@DName@@QBEHXZ  04009877 f i libvcruntime:undname.obj
 0001:00008888       ?isVCallThunk@DName@@QBEHXZ 04009888 f i libvcruntime:undname.obj
 0001:00008892       ?isValid@DName@@QBEHXZ     04009892 f i libvcruntime:undname.obj
 0001:0000889c       ?length@DName@@QBEHXZ      0400989c f i libvcruntime:undname.obj
 0001:000088bb       ?length@DNameStatusNode@@UBEHXZ 040098bb f i libvcruntime:undname.obj
 0001:000088bf       ?length@charNode@@UBEHXZ   040098bf f i libvcruntime:undname.obj
 0001:000088c3       ?length@pDNameNode@@UBEHXZ 040098c3 f i libvcruntime:undname.obj
 0001:000088d1       ?length@pairNode@@UBEHXZ   040098d1 f i libvcruntime:undname.obj
 0001:00008917       ?length@pcharNode@@UBEHXZ  04009917 f i libvcruntime:undname.obj
 0001:0000891b       ?make@DNameStatusNode@@SAPBV1@W4DNameStatus@@@Z 0400991b f i libvcruntime:undname.obj
 0001:00008937       ?parseDecoratedName@UnDecorator@@CA?AVDName@@XZ 04009937 f   libvcruntime:undname.obj
 0001:00008a25       ?setIsArray@DName@@QAEXXZ  04009a25 f i libvcruntime:undname.obj
 0001:00008a2d       ?setIsComArray@DName@@QAEXXZ 04009a2d f i libvcruntime:undname.obj
 0001:00008a35       ?setIsNoTE@DName@@QAEXXZ   04009a35 f i libvcruntime:undname.obj
 0001:00008a3d       ?setIsPinPtr@DName@@QAEXXZ 04009a3d f i libvcruntime:undname.obj
 0001:00008a45       ?setIsUDC@DName@@QAEXXZ    04009a45 f i libvcruntime:undname.obj
 0001:00008a52       ?setIsVCallThunk@DName@@QAEXXZ 04009a52 f i libvcruntime:undname.obj
 0001:00008a5a       ?setPtrRef@DName@@QAEAAV1@XZ 04009a5a f i libvcruntime:undname.obj
 0001:00008a64       ?status@DName@@QBE?AW4DNameStatus@@XZ 04009a64 f i libvcruntime:undname.obj
 0001:00008ad0       ___unDName                 04009ad0 f   libvcruntime:undname.obj
 0001:00008af3       ___unDNameEx               04009af3 f   libvcruntime:undname.obj
 0001:00008b92       __vsprintf_s_l             04009b92 f i libvcruntime:undname.obj
 0001:00008bbf       _sprintf_s                 04009bbf f i libvcruntime:undname.obj
 0001:00008bdb       _unDNameGenerateCHPE       04009bdb f   libvcruntime:undname.obj
 0001:00008c37       ??$?RU__vcrt_ptd@@@__crt_internal_free_policy@@QBEXQBU__vcrt_ptd@@@Z 04009c37 f i libvcruntime:per_thread_data.obj
 0001:00008c47       ??0?$__crt_unique_heap_ptr@U__vcrt_ptd@@U__crt_internal_free_policy@@@@QAE@QAU__vcrt_ptd@@@Z 04009c47 f i libvcruntime:per_thread_data.obj
 0001:00008c64       ??1?$__crt_unique_heap_ptr@U__vcrt_ptd@@U__crt_internal_free_policy@@@@QAE@XZ 04009c64 f i libvcruntime:per_thread_data.obj
 0001:00008c7d       ??B?$__crt_unique_heap_ptr@U__vcrt_ptd@@U__crt_internal_free_policy@@@@QBE_NXZ 04009c7d f i libvcruntime:per_thread_data.obj
 0001:00008c84       ?detach@?$__crt_unique_heap_ptr@U__vcrt_ptd@@U__crt_internal_free_policy@@@@QAEPAU__vcrt_ptd@@XZ 04009c84 f i libvcruntime:per_thread_data.obj
 0001:00008c8a       ?get@?$__crt_unique_heap_ptr@U__vcrt_ptd@@U__crt_internal_free_policy@@@@QBEPAU__vcrt_ptd@@XZ 04009c8a f i libvcruntime:per_thread_data.obj
 0001:00008c8d       ?is_valid@?$__crt_unique_heap_ptr@U__vcrt_ptd@@U__crt_internal_free_policy@@@@QBE_NXZ 04009c8d f i libvcruntime:per_thread_data.obj
 0001:00008c94       ?release@?$__crt_unique_heap_ptr@U__vcrt_ptd@@U__crt_internal_free_policy@@@@QAEXXZ 04009c94 f i libvcruntime:per_thread_data.obj
 0001:00008cbe       ___vcrt_freefls@4          04009cbe f   libvcruntime:per_thread_data.obj
 0001:00008cda       ___vcrt_freeptd            04009cda f   libvcruntime:per_thread_data.obj
 0001:00008d10       ___vcrt_getptd             04009d10 f   libvcruntime:per_thread_data.obj
 0001:00008d1e       ___vcrt_getptd_noexit      04009d1e f   libvcruntime:per_thread_data.obj
 0001:00008db0       ___vcrt_getptd_noinit      04009db0 f   libvcruntime:per_thread_data.obj
 0001:00008de7       ___vcrt_initialize_ptd     04009de7 f   libvcruntime:per_thread_data.obj
 0001:00008e1a       ___vcrt_uninitialize_ptd   04009e1a f   libvcruntime:per_thread_data.obj
 0001:00008e35       ___vcrt_initialize_locks   04009e35 f   libvcruntime:locks.obj
 0001:00008e71       ___vcrt_lock               04009e71 f   libvcruntime:locks.obj
 0001:00008e86       ___vcrt_uninitialize_locks 04009e86 f   libvcruntime:locks.obj
 0001:00008eb5       ___vcrt_unlock             04009eb5 f   libvcruntime:locks.obj
 0001:00008eca       ??$?BX@__crt_fast_encoded_nullptr_t@@QBEPAXXZ 04009eca f i libvcruntime:winapi_downlevel.obj
 0001:00008ed0       ??$__crt_fast_decode_pointer@PAX@@YAPAXQAX@Z 04009ed0 f i libvcruntime:winapi_downlevel.obj
 0001:00008ee4       ??$__crt_fast_encode_pointer@PAX@@YAPAXQAX@Z 04009ee4 f i libvcruntime:winapi_downlevel.obj
 0001:00008f01       ??$__crt_interlocked_exchange_pointer@UHINSTANCE__@@PAU1@@@YAPAUHINSTANCE__@@PDSAU0@QAU0@@Z 04009f01 f i libvcruntime:winapi_downlevel.obj
 0001:00008f0e       ??$__crt_interlocked_exchange_pointer@UHINSTANCE__@@PAX@@YAPAUHINSTANCE__@@PDSAU0@QAX@Z 04009f0e f i libvcruntime:winapi_downlevel.obj
 0001:00008f1b       ??$__crt_interlocked_exchange_pointer@XPAX@@YAPAXPDSAXQAX@Z 04009f1b f i libvcruntime:winapi_downlevel.obj
 0001:00008f28       ??$__crt_interlocked_read_pointer@UHINSTANCE__@@@@YAPAUHINSTANCE__@@PDSAU0@@Z 04009f28 f i libvcruntime:winapi_downlevel.obj
 0001:00008f32       ??$__crt_interlocked_read_pointer@X@@YAPAXPDSAX@Z 04009f32 f i libvcruntime:winapi_downlevel.obj
 0001:00008f3c       ?__crt_fast_encode_pointer@@YA?AU__crt_fast_encoded_nullptr_t@@$$T@Z 04009f3c f i libvcruntime:winapi_downlevel.obj
 0001:000091d0       ___vcrt_FlsAlloc           0400a1d0 f   libvcruntime:winapi_downlevel.obj
 0001:0000920b       ___vcrt_FlsFree            0400a20b f   libvcruntime:winapi_downlevel.obj
 0001:00009246       ___vcrt_FlsGetValue        0400a246 f   libvcruntime:winapi_downlevel.obj
 0001:00009281       ___vcrt_FlsSetValue        0400a281 f   libvcruntime:winapi_downlevel.obj
 0001:000092bf       ___vcrt_InitializeCriticalSectionEx 0400a2bf f   libvcruntime:winapi_downlevel.obj
 0001:00009306       ___vcrt_initialize_winapi_thunks 0400a306 f   libvcruntime:winapi_downlevel.obj
 0001:0000932f       ___vcrt_uninitialize_winapi_thunks 0400a32f f   libvcruntime:winapi_downlevel.obj
 0001:00009361       ??$?B$$A6AXXZ@__crt_fast_encoded_nullptr_t@@QBEP6AXXZXZ 0400a361 f i libvcruntime:purevirt_data.obj
 0001:00009367       ??$__crt_fast_encode_pointer@P6AXXZ@@YAP6AXXZQ6AXXZ@Z 0400a367 f i libvcruntime:purevirt_data.obj
 0001:00009384       ___vcrt_initialize_pure_virtual_call_handler 0400a384 f   libvcruntime:purevirt_data.obj
 0001:00009390       __global_unwind2           0400a390 f   libvcruntime:exsup.obj
 0001:000093f6       __local_unwind2            0400a3f6 f   libvcruntime:exsup.obj
 0001:0000947a       __abnormal_termination     0400a47a f   libvcruntime:exsup.obj
 0001:000094a0       __NLG_Notify1              0400a4a0 f   libvcruntime:exsup.obj
 0001:000094ac       __NLG_Notify               0400a4ac f   libvcruntime:exsup.obj
 0001:000094c3       __NLG_Dispatch2            0400a4c3     libvcruntime:exsup.obj
 0001:000094c3       __NLG_Dispatch             0400a4c3     libvcruntime:exsup.obj
 0001:000094cb       __NLG_Call                 0400a4cb f   libvcruntime:exsup.obj
 0001:000094cd       __NLG_Return2              0400a4cd     libvcruntime:exsup.obj
 0001:000094ce       ??$__crt_fast_decode_pointer@P6AXXZ@@YAP6AXXZQ6AXXZ@Z 0400a4ce f i libvcruntime:purevirt.obj
 0001:000094e2       ??$__crt_interlocked_exchange_pointer@$$A6AXXZP6AXXZ@@YAP6AXXZPDS6AXXZQ6AXXZ@Z 0400a4e2 f i libvcruntime:purevirt.obj
 0001:000094ef       ??$__crt_interlocked_read_pointer@$$A6AXXZ@@YAP6AXXZPDS6AXXZ@Z 0400a4ef f i libvcruntime:purevirt.obj
 0001:000094f9       __get_purecall_handler     0400a4f9 f   libvcruntime:purevirt.obj
 0001:0000950e       __purecall                 0400a50e f   libvcruntime:purevirt.obj
 0001:0000952a       __set_purecall_handler     0400a52a f   libvcruntime:purevirt.obj
 0001:0000954f       ??$?0AAViterator@TryBlockMap@__FrameHandler3@@AAV012@$0A@@?$pair@Viterator@TryBlockMap@__FrameHandler3@@V123@@std@@QAE@AAViterator@TryBlockMap@__FrameHandler3@@0@Z 0400a54f f i libvcruntime:trnsctrl.obj
 0001:00009573       ??$forward@AAViterator@TryBlockMap@__FrameHandler3@@@std@@YAAAViterator@TryBlockMap@__FrameHandler3@@AAV123@@Z 0400a573 f i libvcruntime:trnsctrl.obj
 0001:0000957b       ??0iterator@TryBlockMap@__FrameHandler3@@QAE@AAV12@I@Z 0400a57b f i libvcruntime:trnsctrl.obj
 0001:0000958f       ?GetRangeOfTrysToCheck@__FrameHandler3@@SA?AU?$pair@Viterator@TryBlockMap@__FrameHandler3@@V123@@std@@AAVTryBlockMap@1@HH@Z 0400a58f f   libvcruntime:trnsctrl.obj
 0001:00009611       ?_CallCatchBlock2@@YAPAXPAUEHRegistrationNode@@PBU_s_FuncInfo@@PAXHK@Z 0400a611 f   libvcruntime:trnsctrl.obj
 0001:0000966f       ?_CallSETranslator@@YAHPAUEHExceptionRecord@@PAUEHRegistrationNode@@PAX2PBU_s_FuncInfo@@H1@Z 0400a66f f   libvcruntime:trnsctrl.obj
 0001:0000974a       ?_JumpToContinuation@@YGXPAXPAUEHRegistrationNode@@@Z 0400a74a f   libvcruntime:trnsctrl.obj
 0001:0000977a       ?_UnwindNestedFrames@@YGXPAUEHRegistrationNode@@PAUEHExceptionRecord@@@Z 0400a77a f   libvcruntime:trnsctrl.obj
 0001:000097cd       ?getFuncInfo@TryBlockMap@__FrameHandler3@@QAEPBU_s_FuncInfo@@XZ 0400a7cd f i libvcruntime:trnsctrl.obj
 0001:000097d0       __CatchGuardHandler        0400a7d0 f   libvcruntime:trnsctrl.obj
 0001:00009801       __CreateFrameInfo          0400a801 f   libvcruntime:trnsctrl.obj
 0001:00009825       __FindAndUnlinkFrame       0400a825 f   libvcruntime:trnsctrl.obj
 0001:0000986a       __TranslatorGuardHandler   0400a86a f   libvcruntime:trnsctrl.obj
 0001:00009907       ___CxxFrameHandler         0400a907 f   libvcruntime:trnsctrl.obj
 0001:0000993d       ___CxxFrameHandler2        0400a93d f   libvcruntime:trnsctrl.obj
 0001:00009973       ___CxxFrameHandler3        0400a973 f   libvcruntime:trnsctrl.obj
 0001:000099a9       ___CxxLongjmpUnwind@4      0400a9a9 f   libvcruntime:trnsctrl.obj
 0001:000099d0       _memcpy                    0400a9d0 f   libvcruntime:memcpy.obj
 0001:0000a63b       ??$TypeMatchHelper@V__FrameHandler3@@@@YAHPBU_s_HandlerType@@PBU_s_CatchableType@@PBU_s_ThrowInfo@@@Z 0400b63b f i libvcruntime:frame.obj
 0001:0000a6c9       ??$__InternalCxxFrameHandler@V__FrameHandler3@@@@YA?AW4_EXCEPTION_DISPOSITION@@PAUEHExceptionRecord@@PAUEHRegistrationNode@@PAU_CONTEXT@@PAXPBU_s_FuncInfo@@H1E@Z 0400b6c9 f i libvcruntime:frame.obj
 0001:0000a7cb       ??0HandlerMap@__FrameHandler3@@QAE@PBU_s_TryBlockMapEntry@@PAX@Z 0400b7cb f i libvcruntime:frame.obj
 0001:0000a7e2       ??0TryBlockMap@__FrameHandler3@@QAE@PBU_s_FuncInfo@@PAX@Z 0400b7e2 f i libvcruntime:frame.obj
 0001:0000a7f6       ??0bad_exception@std@@QAE@ABV01@@Z 0400b7f6 f i libvcruntime:frame.obj
 0001:0000a811       ??0bad_exception@std@@QAE@XZ 0400b811 f i libvcruntime:frame.obj
 0001:0000a829       ??0exception@std@@QAE@ABV01@@Z 0400b829 f i libvcruntime:frame.obj
 0001:0000a855       ??0exception@std@@QAE@QBDH@Z 0400b855 f i libvcruntime:frame.obj
 0001:0000a872       ??0iterator@HandlerMap@__FrameHandler3@@QAE@AAV12@I@Z 0400b872 f i libvcruntime:frame.obj
 0001:0000a886       ??1bad_exception@std@@UAE@XZ 0400b886 f i libvcruntime:frame.obj
 0001:0000a897       ??1exception@std@@UAE@XZ   0400b897 f i libvcruntime:frame.obj
 0001:0000a8a8       ??8iterator@HandlerMap@__FrameHandler3@@QBE_NABV012@@Z 0400b8a8 f i libvcruntime:frame.obj
 0001:0000a8bb       ??8type_info@@QBE_NABV0@@Z 0400b8bb f i libvcruntime:frame.obj
 0001:0000a8da       ??9iterator@HandlerMap@__FrameHandler3@@QBE_NABV012@@Z 0400b8da f i libvcruntime:frame.obj
 0001:0000a8ed       ??Diterator@HandlerMap@__FrameHandler3@@QAEPBU_s_HandlerType@@XZ 0400b8ed f i libvcruntime:frame.obj
 0001:0000a8f9       ??Diterator@TryBlockMap@__FrameHandler3@@QAEPBU_s_TryBlockMapEntry@@XZ 0400b8f9 f i libvcruntime:frame.obj
 0001:0000a905       ??Eiterator@HandlerMap@__FrameHandler3@@QAEAAV012@XZ 0400b905 f i libvcruntime:frame.obj
 0001:0000a90b       ??Eiterator@TryBlockMap@__FrameHandler3@@QAEAAV012@XZ 0400b90b f i libvcruntime:frame.obj
 0001:0000a911       ??Miterator@TryBlockMap@__FrameHandler3@@QBE_NABV012@@Z 0400b911 f i libvcruntime:frame.obj
 0001:0000a924       ??_Ebad_exception@std@@UAEPAXI@Z 0400b924 f i libvcruntime:frame.obj
 0001:0000a924       ??_Gbad_exception@std@@UAEPAXI@Z 0400b924 f i libvcruntime:frame.obj
 0001:0000a951       ??_Eexception@std@@UAEPAXI@Z 0400b951 f i libvcruntime:frame.obj
 0001:0000a951       ??_Gexception@std@@UAEPAXI@Z 0400b951 f i libvcruntime:frame.obj
 0001:0000a97e       ?BuildCatchObject@__FrameHandler3@@SAXPAUEHExceptionRecord@@PAXPBU_s_HandlerType@@PBU_s_CatchableType@@@Z 0400b97e f   libvcruntime:frame.obj
 0001:0000a983       ?BuildCatchObjectHelper@__FrameHandler3@@SAHPAUEHExceptionRecord@@PAXPBU_s_HandlerType@@PBU_s_CatchableType@@@Z 0400b983 f   libvcruntime:frame.obj
 0001:0000abd4       ?FrameUnwindToEmptyState@__FrameHandler3@@SAXPAUEHRegistrationNode@@PAXPBU_s_FuncInfo@@@Z 0400bbd4 f   libvcruntime:frame.obj
 0001:0000abec       ?FrameUnwindToState@__FrameHandler3@@SAXPAUEHRegistrationNode@@PAXPBU_s_FuncInfo@@H@Z 0400bbec f   libvcruntime:frame.obj
 0001:0000acd4       ?GetMaxState@__FrameHandler3@@SAHPAXPBU_s_FuncInfo@@@Z 0400bcd4 f i libvcruntime:frame.obj
 0001:0000adb2       ?TypeMatch@__FrameHandler3@@SAHPBU_s_HandlerType@@PBU_s_CatchableType@@PBU_s_ThrowInfo@@@Z 0400bdb2 f   libvcruntime:frame.obj
 0001:0000adbb       ?_CallMemberFunction1@@YGXQAX00@Z 0400bdbb f i libvcruntime:frame.obj
 0001:0000adcb       ?_CallMemberFunction2@@YGXQAX00H@Z 0400bdcb f i libvcruntime:frame.obj
 0001:0000adde       ?_ValidateExecute@@YA_NP6GHXZ@Z 0400bdde f i libvcruntime:frame.obj
 0001:0000adea       ?_ValidateRead@@YA_NPBXI@Z 0400bdea f i libvcruntime:frame.obj
 0001:0000adf6       ?_ValidateWrite@@YA_NPAXI@Z 0400bdf6 f i libvcruntime:frame.obj
 0001:0000ae02       ?begin@HandlerMap@__FrameHandler3@@QAE?AViterator@12@XZ 0400be02 f i libvcruntime:frame.obj
 0001:0000ae12       ?end@HandlerMap@__FrameHandler3@@QAE?AViterator@12@XZ 0400be12 f i libvcruntime:frame.obj
 0001:0000ae23       ?getESTypes@__FrameHandler3@@SAPBU_s_ESTypeList@@PBU_s_FuncInfo@@@Z 0400be23 f i libvcruntime:frame.obj
 0001:0000ae2e       ?getLastEntry@HandlerMap@__FrameHandler3@@QAEPBU_s_HandlerType@@XZ 0400be2e f i libvcruntime:frame.obj
 0001:0000ae3c       ?getMagicNum@__FrameHandler3@@SAIPBU_s_FuncInfo@@@Z 0400be3c f i libvcruntime:frame.obj
 0001:0000ae4b       ?getNumTryBlocks@TryBlockMap@__FrameHandler3@@QAEIXZ 0400be4b f i libvcruntime:frame.obj
 0001:0000ae51       ?isEHs@__FrameHandler3@@SA_NPBU_s_FuncInfo@@@Z 0400be51 f i libvcruntime:frame.obj
 0001:0000ae5e       ?isNoExcept@__FrameHandler3@@SA_NPBU_s_FuncInfo@@@Z 0400be5e f i libvcruntime:frame.obj
 0001:0000ae6e       ?what@exception@std@@UBEPBDXZ 0400be6e f i libvcruntime:frame.obj
 0001:0000ae7b       ___BuildCatchObject        0400be7b f   libvcruntime:frame.obj
 0001:0000ae80       ___BuildCatchObjectHelper  0400be80 f   libvcruntime:frame.obj
 0001:0000ae89       ___TypeMatch               0400be89 f   libvcruntime:frame.obj
 0001:0000ae92       ___vcrt_EncodePointer      0400be92 f i libvcruntime:frame.obj
 0001:0000aea0       __CallSettingFrame@12      0400bea0 f   libvcruntime:lowhelpr.obj
 0001:0000aec7       __NLG_Return               0400bec7     libvcruntime:lowhelpr.obj
 0001:0000af00       __get_unexpected           0400bf00 f   libvcruntime:unexpected.obj
 0001:0000af12       _set_unexpected            0400bf12 f   libvcruntime:unexpected.obj
 0001:0000af30       _unexpected                0400bf30 f   libvcruntime:unexpected.obj
 0001:0000af4d       ?GetCurrentState@__FrameHandler3@@SAHPAUEHRegistrationNode@@PAXPBU_s_FuncInfo@@@Z 0400bf4d f   libvcruntime:ehstate.obj
 0001:0000af6a       ?SetState@__FrameHandler3@@SAXPAUEHRegistrationNode@@PBU_s_FuncInfo@@H@Z 0400bf6a f   libvcruntime:ehstate.obj
 0001:0000af78       ___DestructExceptionObject 0400bf78 f   libvcruntime:ehhelpers.obj
 0001:0000b018       ?_CallMemberFunction0@@YGXQAX0@Z 0400c018 f i libvcruntime:ehhelpers.obj
 0001:0000b025       ?raw_name@type_info@@QBEPBDXZ 0400c025 f i libvcruntime:ehhelpers.obj
 0001:0000b029       __IsExceptionObjectToBeDestroyed 0400c029 f   libvcruntime:ehhelpers.obj
 0001:0000b04f       __SetWinRTOutOfMemoryExceptionCallback 0400c04f f   libvcruntime:ehhelpers.obj
 0001:0000b05c       ___AdjustPointer           0400c05c f   libvcruntime:ehhelpers.obj
 0001:0000b081       ___FrameUnwindFilter       0400c081 f   libvcruntime:ehhelpers.obj
 0001:0000b0c6       ___GetPlatformExceptionInfo 0400c0c6 f   libvcruntime:ehhelpers.obj
 0001:0000b112       ___current_exception       0400c112 f   libvcruntime:ehhelpers.obj
 0001:0000b11b       ___current_exception_context 0400c11b f   libvcruntime:ehhelpers.obj
 0001:0000b124       ___processing_throw        0400c124 f   libvcruntime:ehhelpers.obj
 0001:0000b12d       ___std_terminate           0400c12d f   libvcruntime:ehhelpers.obj
 0001:0000b132       __is_exception_typeof      0400c132 f   libvcruntime:ehhelpers.obj
 0001:0000b1d6       ??$?RD@__crt_public_free_policy@@QBEXQBD@Z 0400c1d6 f i libvcruntime:std_exception.obj
 0001:0000b1e6       ??0?$__crt_unique_heap_ptr@DU__crt_public_free_policy@@@@QAE@QAD@Z 0400c1e6 f i libvcruntime:std_exception.obj
 0001:0000b1f4       ??1?$__crt_unique_heap_ptr@DU__crt_public_free_policy@@@@QAE@XZ 0400c1f4 f i libvcruntime:std_exception.obj
 0001:0000b204       ??B?$__crt_unique_heap_ptr@DU__crt_public_free_policy@@@@QBE_NXZ 0400c204 f i libvcruntime:std_exception.obj
 0001:0000b20b       ?detach@?$__crt_unique_heap_ptr@DU__crt_public_free_policy@@@@QAEPADXZ 0400c20b f i libvcruntime:std_exception.obj
 0001:0000b211       ?get@?$__crt_unique_heap_ptr@DU__crt_public_free_policy@@@@QBEPADXZ 0400c211 f i libvcruntime:std_exception.obj
 0001:0000b214       ?is_valid@?$__crt_unique_heap_ptr@DU__crt_public_free_policy@@@@QBE_NXZ 0400c214 f i libvcruntime:std_exception.obj
 0001:0000b21b       ?release@?$__crt_unique_heap_ptr@DU__crt_public_free_policy@@@@QAEXXZ 0400c21b f i libvcruntime:std_exception.obj
 0001:0000b22b       ___std_exception_copy      0400c22b f   libvcruntime:std_exception.obj
 0001:0000b28e       ___std_exception_destroy   0400c28e f   libvcruntime:std_exception.obj
 0001:0000b2ad       __CxxThrowException@8      0400c2ad f   libvcruntime:throw.obj
 0001:0000b320       _memmove                   0400c320 f   libvcruntime:memmove.obj
 0001:0000b8ee       _strcpy_s                  0400c8ee f   libucrt:strcpy_s.obj
 0001:0000b948       ??0_LocaleUpdate@@QAE@QAU__crt_locale_pointers@@@Z 0400c948 f i libucrt:stricmp.obj
 0001:0000b9cb       ??1_LocaleUpdate@@QAE@XZ   0400c9cb f i libucrt:stricmp.obj
 0001:0000b9db       ?GetLocaleT@_LocaleUpdate@@QAEPAU__crt_locale_pointers@@XZ 0400c9db f i libucrt:stricmp.obj
 0001:0000b9df       ___acrt_locale_changed     0400c9df f i libucrt:stricmp.obj
 0001:0000b9ea       ___ascii_stricmp           0400c9ea f   libucrt:stricmp.obj
 0001:0000ba25       __stricmp                  0400ca25 f   libucrt:stricmp.obj
 0001:0000ba6e       __stricmp_l                0400ca6e f   libucrt:stricmp.obj
 0001:0000bb08       __strnicmp                 0400cb08 f   libucrt:strnicmp.obj
 0001:0000bb75       __strnicmp_l               0400cb75 f   libucrt:strnicmp.obj
 0001:0000bc2c       ??$?0ABV?$stream_output_adapter@D@__crt_stdio_output@@AB_KABQBDABQAU__crt_locale_pointers@@ABQAD@?$format_validation_base@DV?$stream_output_adapter@D@__crt_stdio_output@@@__crt_stdio_output@@IAE@ABV?$stream_output_adapter@D@1@AB_KABQBDABQAU__crt_locale_pointers@@ABQAD@Z 0400cc2c f i libucrt:output.obj
 0001:0000bc4f       ??$?0ABV?$stream_output_adapter@D@__crt_stdio_output@@AB_KABQBDABQAU__crt_locale_pointers@@ABQAD@?$positional_parameter_base@DV?$stream_output_adapter@D@__crt_stdio_output@@@__crt_stdio_output@@IAE@ABV?$stream_output_adapter@D@1@AB_KABQBDABQAU__crt_locale_pointers@@ABQAD@Z 0400cc4f f i libucrt:output.obj
 0001:0000bc97       ??$?0ABV?$stream_output_adapter@D@__crt_stdio_output@@AB_KABQBDABQAU__crt_locale_pointers@@ABQAD@?$standard_base@DV?$stream_output_adapter@D@__crt_stdio_output@@@__crt_stdio_output@@IAE@ABV?$stream_output_adapter@D@1@AB_KABQBDABQAU__crt_locale_pointers@@ABQAD@Z 0400cc97 f i libucrt:output.obj
 0001:0000bccc       ??$?0ABV?$stream_output_adapter@_W@__crt_stdio_output@@AB_KABQB_WABQAU__crt_locale_pointers@@ABQAD@?$format_validation_base@_WV?$stream_output_adapter@_W@__crt_stdio_output@@@__crt_stdio_output@@IAE@ABV?$stream_output_adapter@_W@1@AB_KABQB_WABQAU__crt_locale_pointers@@ABQAD@Z 0400cccc f i libucrt:output.obj
 0001:0000bcef       ??$?0ABV?$stream_output_adapter@_W@__crt_stdio_output@@AB_KABQB_WABQAU__crt_locale_pointers@@ABQAD@?$positional_parameter_base@_WV?$stream_output_adapter@_W@__crt_stdio_output@@@__crt_stdio_output@@IAE@ABV?$stream_output_adapter@_W@1@AB_KABQB_WABQAU__crt_locale_pointers@@ABQAD@Z 0400ccef f i libucrt:output.obj
 0001:0000bd37       ??$?0ABV?$stream_output_adapter@_W@__crt_stdio_output@@AB_KABQB_WABQAU__crt_locale_pointers@@ABQAD@?$standard_base@_WV?$stream_output_adapter@_W@__crt_stdio_output@@@__crt_stdio_output@@IAE@ABV?$stream_output_adapter@_W@1@AB_KABQB_WABQAU__crt_locale_pointers@@ABQAD@Z 0400cd37 f i libucrt:output.obj
 0001:0000bd6c       ??$?0ABV?$string_output_adapter@D@__crt_stdio_output@@AB_KABQBDABQAU__crt_locale_pointers@@ABQAD@?$format_validation_base@DV?$string_output_adapter@D@__crt_stdio_output@@@__crt_stdio_output@@IAE@ABV?$string_output_adapter@D@1@AB_KABQBDABQAU__crt_locale_pointers@@ABQAD@Z 0400cd6c f i libucrt:output.obj
 0001:0000bd8f       ??$?0ABV?$string_output_adapter@D@__crt_stdio_output@@AB_KABQBDABQAU__crt_locale_pointers@@ABQAD@?$positional_parameter_base@DV?$string_output_adapter@D@__crt_stdio_output@@@__crt_stdio_output@@IAE@ABV?$string_output_adapter@D@1@AB_KABQBDABQAU__crt_locale_pointers@@ABQAD@Z 0400cd8f f i libucrt:output.obj
 0001:0000bdd7       ??$?0ABV?$string_output_adapter@D@__crt_stdio_output@@AB_KABQBDABQAU__crt_locale_pointers@@ABQAD@?$standard_base@DV?$string_output_adapter@D@__crt_stdio_output@@@__crt_stdio_output@@IAE@ABV?$string_output_adapter@D@1@AB_KABQBDABQAU__crt_locale_pointers@@ABQAD@Z 0400cdd7 f i libucrt:output.obj
 0001:0000be0c       ??$?0ABV?$string_output_adapter@_W@__crt_stdio_output@@AB_KABQB_WABQAU__crt_locale_pointers@@ABQAD@?$format_validation_base@_WV?$string_output_adapter@_W@__crt_stdio_output@@@__crt_stdio_output@@IAE@ABV?$string_output_adapter@_W@1@AB_KABQB_WABQAU__crt_locale_pointers@@ABQAD@Z 0400ce0c f i libucrt:output.obj
 0001:0000be2f       ??$?0ABV?$string_output_adapter@_W@__crt_stdio_output@@AB_KABQB_WABQAU__crt_locale_pointers@@ABQAD@?$positional_parameter_base@_WV?$string_output_adapter@_W@__crt_stdio_output@@@__crt_stdio_output@@IAE@ABV?$string_output_adapter@_W@1@AB_KABQB_WABQAU__crt_locale_pointers@@ABQAD@Z 0400ce2f f i libucrt:output.obj
 0001:0000be77       ??$?0ABV?$string_output_adapter@_W@__crt_stdio_output@@AB_KABQB_WABQAU__crt_locale_pointers@@ABQAD@?$standard_base@_WV?$string_output_adapter@_W@__crt_stdio_output@@@__crt_stdio_output@@IAE@ABV?$string_output_adapter@_W@1@AB_KABQB_WABQAU__crt_locale_pointers@@ABQAD@Z 0400ce77 f i libucrt:output.obj
 0001:0000c182       ??$__crt_interlocked_read@J@@YAJPDJ@Z 0400d182 f i libucrt:output.obj
 0001:0000d042       ??$count@D@formatting_buffer@__crt_stdio_output@@QBEIXZ 0400e042 f i libucrt:output.obj
 0001:0000d05a       ??$count@_W@formatting_buffer@__crt_stdio_output@@QBEIXZ 0400e05a f i libucrt:output.obj
 0001:0000d073       ??$data@D@formatting_buffer@__crt_stdio_output@@QAEPADXZ 0400e073 f i libucrt:output.obj
 0001:0000d080       ??$data@_W@formatting_buffer@__crt_stdio_output@@QAEPA_WXZ 0400e080 f i libucrt:output.obj
 0001:0000d08d       ??$ensure_buffer_is_big_enough@D@formatting_buffer@__crt_stdio_output@@QAE_NI@Z 0400e08d f i libucrt:output.obj
 0001:0000d10c       ??$ensure_buffer_is_big_enough@_W@formatting_buffer@__crt_stdio_output@@QAE_NI@Z 0400e10c f i libucrt:output.obj
 0001:0000d18c       ??$extract_argument_from_va_list@C_J@?$positional_parameter_base@DV?$stream_output_adapter@D@__crt_stdio_output@@@__crt_stdio_output@@IAE_NAA_J@Z 0400e18c f i libucrt:output.obj
 0001:0000d205       ??$extract_argument_from_va_list@C_J@?$positional_parameter_base@DV?$string_output_adapter@D@__crt_stdio_output@@@__crt_stdio_output@@IAE_NAA_J@Z 0400e205 f i libucrt:output.obj
 0001:0000d27e       ??$extract_argument_from_va_list@C_J@?$positional_parameter_base@_WV?$stream_output_adapter@_W@__crt_stdio_output@@@__crt_stdio_output@@IAE_NAA_J@Z 0400e27e f i libucrt:output.obj
 0001:0000d2f7       ??$extract_argument_from_va_list@C_J@?$positional_parameter_base@_WV?$string_output_adapter@_W@__crt_stdio_output@@@__crt_stdio_output@@IAE_NAA_J@Z 0400e2f7 f i libucrt:output.obj
 0001:0000d370       ??$extract_argument_from_va_list@C_J@?$standard_base@DV?$stream_output_adapter@D@__crt_stdio_output@@@__crt_stdio_output@@IAE_NAA_J@Z 0400e370 f i libucrt:output.obj
 0001:0000d38f       ??$extract_argument_from_va_list@C_J@?$standard_base@DV?$string_output_adapter@D@__crt_stdio_output@@@__crt_stdio_output@@IAE_NAA_J@Z 0400e38f f i libucrt:output.obj
 0001:0000d3ae       ??$extract_argument_from_va_list@C_J@?$standard_base@_WV?$stream_output_adapter@_W@__crt_stdio_output@@@__crt_stdio_output@@IAE_NAA_J@Z 0400e3ae f i libucrt:output.obj
 0001:0000d3cd       ??$extract_argument_from_va_list@C_J@?$standard_base@_WV?$string_output_adapter@_W@__crt_stdio_output@@@__crt_stdio_output@@IAE_NAA_J@Z 0400e3cd f i libucrt:output.obj
 0001:0000d3ec       ??$extract_argument_from_va_list@E_J@?$positional_parameter_base@DV?$stream_output_adapter@D@__crt_stdio_output@@@__crt_stdio_output@@IAE_NAA_J@Z 0400e3ec f i libucrt:output.obj
 0001:0000d465       ??$extract_argument_from_va_list@E_J@?$positional_parameter_base@DV?$string_output_adapter@D@__crt_stdio_output@@@__crt_stdio_output@@IAE_NAA_J@Z 0400e465 f i libucrt:output.obj
 0001:0000d4de       ??$extract_argument_from_va_list@E_J@?$positional_parameter_base@_WV?$stream_output_adapter@_W@__crt_stdio_output@@@__crt_stdio_output@@IAE_NAA_J@Z 0400e4de f i libucrt:output.obj
 0001:0000d557       ??$extract_argument_from_va_list@E_J@?$positional_parameter_base@_WV?$string_output_adapter@_W@__crt_stdio_output@@@__crt_stdio_output@@IAE_NAA_J@Z 0400e557 f i libucrt:output.obj
 0001:0000d5d0       ??$extract_argument_from_va_list@E_J@?$standard_base@DV?$stream_output_adapter@D@__crt_stdio_output@@@__crt_stdio_output@@IAE_NAA_J@Z 0400e5d0 f i libucrt:output.obj
 0001:0000d5ef       ??$extract_argument_from_va_list@E_J@?$standard_base@DV?$string_output_adapter@D@__crt_stdio_output@@@__crt_stdio_output@@IAE_NAA_J@Z 0400e5ef f i libucrt:output.obj
 0001:0000d60e       ??$extract_argument_from_va_list@E_J@?$standard_base@_WV?$stream_output_adapter@_W@__crt_stdio_output@@@__crt_stdio_output@@IAE_NAA_J@Z 0400e60e f i libucrt:output.obj
 0001:0000d62d       ??$extract_argument_from_va_list@E_J@?$standard_base@_WV?$string_output_adapter@_W@__crt_stdio_output@@@__crt_stdio_output@@IAE_NAA_J@Z 0400e62d f i libucrt:output.obj
 0001:0000d64c       ??$extract_argument_from_va_list@F_J@?$positional_parameter_base@DV?$stream_output_adapter@D@__crt_stdio_output@@@__crt_stdio_output@@IAE_NAA_J@Z 0400e64c f i libucrt:output.obj
 0001:0000d6c5       ??$extract_argument_from_va_list@F_J@?$positional_parameter_base@DV?$string_output_adapter@D@__crt_stdio_output@@@__crt_stdio_output@@IAE_NAA_J@Z 0400e6c5 f i libucrt:output.obj
 0001:0000d73e       ??$extract_argument_from_va_list@F_J@?$positional_parameter_base@_WV?$stream_output_adapter@_W@__crt_stdio_output@@@__crt_stdio_output@@IAE_NAA_J@Z 0400e73e f i libucrt:output.obj
 0001:0000d7b7       ??$extract_argument_from_va_list@F_J@?$positional_parameter_base@_WV?$string_output_adapter@_W@__crt_stdio_output@@@__crt_stdio_output@@IAE_NAA_J@Z 0400e7b7 f i libucrt:output.obj
 0001:0000d830       ??$extract_argument_from_va_list@F_J@?$standard_base@DV?$stream_output_adapter@D@__crt_stdio_output@@@__crt_stdio_output@@IAE_NAA_J@Z 0400e830 f i libucrt:output.obj
 0001:0000d84f       ??$extract_argument_from_va_list@F_J@?$standard_base@DV?$string_output_adapter@D@__crt_stdio_output@@@__crt_stdio_output@@IAE_NAA_J@Z 0400e84f f i libucrt:output.obj
 0001:0000d86e       ??$extract_argument_from_va_list@F_J@?$standard_base@_WV?$stream_output_adapter@_W@__crt_stdio_output@@@__crt_stdio_output@@IAE_NAA_J@Z 0400e86e f i libucrt:output.obj
 0001:0000d88d       ??$extract_argument_from_va_list@F_J@?$standard_base@_WV?$string_output_adapter@_W@__crt_stdio_output@@@__crt_stdio_output@@IAE_NAA_J@Z 0400e88d f i libucrt:output.obj
 0001:0000d8ac       ??$extract_argument_from_va_list@GD@?$positional_parameter_base@DV?$stream_output_adapter@D@__crt_stdio_output@@@__crt_stdio_output@@IAE_NAAD@Z 0400e8ac f i libucrt:output.obj
 0001:0000d924       ??$extract_argument_from_va_list@GD@?$positional_parameter_base@DV?$string_output_adapter@D@__crt_stdio_output@@@__crt_stdio_output@@IAE_NAAD@Z 0400e924 f i libucrt:output.obj
 0001:0000d99c       ??$extract_argument_from_va_list@GD@?$standard_base@DV?$stream_output_adapter@D@__crt_stdio_output@@@__crt_stdio_output@@IAE_NAAD@Z 0400e99c f i libucrt:output.obj
 0001:0000d9b6       ??$extract_argument_from_va_list@GD@?$standard_base@DV?$string_output_adapter@D@__crt_stdio_output@@@__crt_stdio_output@@IAE_NAAD@Z 0400e9b6 f i libucrt:output.obj
 0001:0000d9d0       ??$extract_argument_from_va_list@G_J@?$positional_parameter_base@DV?$stream_output_adapter@D@__crt_stdio_output@@@__crt_stdio_output@@IAE_NAA_J@Z 0400e9d0 f i libucrt:output.obj
 0001:0000da49       ??$extract_argument_from_va_list@G_J@?$positional_parameter_base@DV?$string_output_adapter@D@__crt_stdio_output@@@__crt_stdio_output@@IAE_NAA_J@Z 0400ea49 f i libucrt:output.obj
 0001:0000dac2       ??$extract_argument_from_va_list@G_J@?$positional_parameter_base@_WV?$stream_output_adapter@_W@__crt_stdio_output@@@__crt_stdio_output@@IAE_NAA_J@Z 0400eac2 f i libucrt:output.obj
 0001:0000db3b       ??$extract_argument_from_va_list@G_J@?$positional_parameter_base@_WV?$string_output_adapter@_W@__crt_stdio_output@@@__crt_stdio_output@@IAE_NAA_J@Z 0400eb3b f i libucrt:output.obj
 0001:0000dbb4       ??$extract_argument_from_va_list@G_J@?$standard_base@DV?$stream_output_adapter@D@__crt_stdio_output@@@__crt_stdio_output@@IAE_NAA_J@Z 0400ebb4 f i libucrt:output.obj
 0001:0000dbd3       ??$extract_argument_from_va_list@G_J@?$standard_base@DV?$string_output_adapter@D@__crt_stdio_output@@@__crt_stdio_output@@IAE_NAA_J@Z 0400ebd3 f i libucrt:output.obj
 0001:0000dbf2       ??$extract_argument_from_va_list@G_J@?$standard_base@_WV?$stream_output_adapter@_W@__crt_stdio_output@@@__crt_stdio_output@@IAE_NAA_J@Z 0400ebf2 f i libucrt:output.obj
 0001:0000dc11       ??$extract_argument_from_va_list@G_J@?$standard_base@_WV?$string_output_adapter@_W@__crt_stdio_output@@@__crt_stdio_output@@IAE_NAA_J@Z 0400ec11 f i libucrt:output.obj
 0001:0000dc30       ??$extract_argument_from_va_list@H_J@?$positional_parameter_base@DV?$stream_output_adapter@D@__crt_stdio_output@@@__crt_stdio_output@@IAE_NAA_J@Z 0400ec30 f i libucrt:output.obj
 0001:0000dca7       ??$extract_argument_from_va_list@H_J@?$positional_parameter_base@DV?$string_output_adapter@D@__crt_stdio_output@@@__crt_stdio_output@@IAE_NAA_J@Z 0400eca7 f i libucrt:output.obj
 0001:0000dd1e       ??$extract_argument_from_va_list@H_J@?$positional_parameter_base@_WV?$stream_output_adapter@_W@__crt_stdio_output@@@__crt_stdio_output@@IAE_NAA_J@Z 0400ed1e f i libucrt:output.obj
 0001:0000dd95       ??$extract_argument_from_va_list@H_J@?$positional_parameter_base@_WV?$string_output_adapter@_W@__crt_stdio_output@@@__crt_stdio_output@@IAE_NAA_J@Z 0400ed95 f i libucrt:output.obj
 0001:0000de0c       ??$extract_argument_from_va_list@H_J@?$standard_base@DV?$stream_output_adapter@D@__crt_stdio_output@@@__crt_stdio_output@@IAE_NAA_J@Z 0400ee0c f i libucrt:output.obj
 0001:0000de2a       ??$extract_argument_from_va_list@H_J@?$standard_base@DV?$string_output_adapter@D@__crt_stdio_output@@@__crt_stdio_output@@IAE_NAA_J@Z 0400ee2a f i libucrt:output.obj
 0001:0000de48       ??$extract_argument_from_va_list@H_J@?$standard_base@_WV?$stream_output_adapter@_W@__crt_stdio_output@@@__crt_stdio_output@@IAE_NAA_J@Z 0400ee48 f i libucrt:output.obj
 0001:0000de66       ??$extract_argument_from_va_list@H_J@?$standard_base@_WV?$string_output_adapter@_W@__crt_stdio_output@@@__crt_stdio_output@@IAE_NAA_J@Z 0400ee66 f i libucrt:output.obj
 0001:0000de84       ??$extract_argument_from_va_list@I_J@?$positional_parameter_base@DV?$stream_output_adapter@D@__crt_stdio_output@@@__crt_stdio_output@@IAE_NAA_J@Z 0400ee84 f i libucrt:output.obj
 0001:0000df04       ??$extract_argument_from_va_list@I_J@?$positional_parameter_base@DV?$string_output_adapter@D@__crt_stdio_output@@@__crt_stdio_output@@IAE_NAA_J@Z 0400ef04 f i libucrt:output.obj
 0001:0000df84       ??$extract_argument_from_va_list@I_J@?$positional_parameter_base@_WV?$stream_output_adapter@_W@__crt_stdio_output@@@__crt_stdio_output@@IAE_NAA_J@Z 0400ef84 f i libucrt:output.obj
 0001:0000e004       ??$extract_argument_from_va_list@I_J@?$positional_parameter_base@_WV?$string_output_adapter@_W@__crt_stdio_output@@@__crt_stdio_output@@IAE_NAA_J@Z 0400f004 f i libucrt:output.obj
 0001:0000e084       ??$extract_argument_from_va_list@I_J@?$standard_base@DV?$stream_output_adapter@D@__crt_stdio_output@@@__crt_stdio_output@@IAE_NAA_J@Z 0400f084 f i libucrt:output.obj
 0001:0000e0a2       ??$extract_argument_from_va_list@I_J@?$standard_base@DV?$string_output_adapter@D@__crt_stdio_output@@@__crt_stdio_output@@IAE_NAA_J@Z 0400f0a2 f i libucrt:output.obj
 0001:0000e0c0       ??$extract_argument_from_va_list@I_J@?$standard_base@_WV?$stream_output_adapter@_W@__crt_stdio_output@@@__crt_stdio_output@@IAE_NAA_J@Z 0400f0c0 f i libucrt:output.obj
 0001:0000e0de       ??$extract_argument_from_va_list@I_J@?$standard_base@_WV?$string_output_adapter@_W@__crt_stdio_output@@@__crt_stdio_output@@IAE_NAA_J@Z 0400f0de f i libucrt:output.obj
 0001:0000e0fc       ??$extract_argument_from_va_list@PADPAD@?$positional_parameter_base@DV?$stream_output_adapter@D@__crt_stdio_output@@@__crt_stdio_output@@IAE_NAAPAD@Z 0400f0fc f i libucrt:output.obj
 0001:0000e174       ??$extract_argument_from_va_list@PADPAD@?$positional_parameter_base@DV?$string_output_adapter@D@__crt_stdio_output@@@__crt_stdio_output@@IAE_NAAPAD@Z 0400f174 f i libucrt:output.obj
 0001:0000e1ec       ??$extract_argument_from_va_list@PADPAD@?$positional_parameter_base@_WV?$stream_output_adapter@_W@__crt_stdio_output@@@__crt_stdio_output@@IAE_NAAPAD@Z 0400f1ec f i libucrt:output.obj
 0001:0000e264       ??$extract_argument_from_va_list@PADPAD@?$positional_parameter_base@_WV?$string_output_adapter@_W@__crt_stdio_output@@@__crt_stdio_output@@IAE_NAAPAD@Z 0400f264 f i libucrt:output.obj
 0001:0000e2dc       ??$extract_argument_from_va_list@PADPAD@?$standard_base@DV?$stream_output_adapter@D@__crt_stdio_output@@@__crt_stdio_output@@IAE_NAAPAD@Z 0400f2dc f i libucrt:output.obj
 0001:0000e2f6       ??$extract_argument_from_va_list@PADPAD@?$standard_base@DV?$string_output_adapter@D@__crt_stdio_output@@@__crt_stdio_output@@IAE_NAAPAD@Z 0400f2f6 f i libucrt:output.obj
 0001:0000e310       ??$extract_argument_from_va_list@PADPAD@?$standard_base@_WV?$stream_output_adapter@_W@__crt_stdio_output@@@__crt_stdio_output@@IAE_NAAPAD@Z 0400f310 f i libucrt:output.obj
 0001:0000e32a       ??$extract_argument_from_va_list@PADPAD@?$standard_base@_WV?$string_output_adapter@_W@__crt_stdio_output@@@__crt_stdio_output@@IAE_NAAPAD@Z 0400f32a f i libucrt:output.obj
 0001:0000e65c       ??$extract_argument_from_va_list@PAXPAX@?$positional_parameter_base@DV?$stream_output_adapter@D@__crt_stdio_output@@@__crt_stdio_output@@IAE_NAAPAX@Z 0400f65c f i libucrt:output.obj
 0001:0000e6d4       ??$extract_argument_from_va_list@PAXPAX@?$positional_parameter_base@DV?$string_output_adapter@D@__crt_stdio_output@@@__crt_stdio_output@@IAE_NAAPAX@Z 0400f6d4 f i libucrt:output.obj
 0001:0000e74c       ??$extract_argument_from_va_list@PAXPAX@?$positional_parameter_base@_WV?$stream_output_adapter@_W@__crt_stdio_output@@@__crt_stdio_output@@IAE_NAAPAX@Z 0400f74c f i libucrt:output.obj
 0001:0000e7c4       ??$extract_argument_from_va_list@PAXPAX@?$positional_parameter_base@_WV?$string_output_adapter@_W@__crt_stdio_output@@@__crt_stdio_output@@IAE_NAAPAX@Z 0400f7c4 f i libucrt:output.obj
 0001:0000e83c       ??$extract_argument_from_va_list@PAXPAX@?$standard_base@DV?$stream_output_adapter@D@__crt_stdio_output@@@__crt_stdio_output@@IAE_NAAPAX@Z 0400f83c f i libucrt:output.obj
 0001:0000e856       ??$extract_argument_from_va_list@PAXPAX@?$standard_base@DV?$string_output_adapter@D@__crt_stdio_output@@@__crt_stdio_output@@IAE_NAAPAX@Z 0400f856 f i libucrt:output.obj
 0001:0000e870       ??$extract_argument_from_va_list@PAXPAX@?$standard_base@_WV?$stream_output_adapter@_W@__crt_stdio_output@@@__crt_stdio_output@@IAE_NAAPAX@Z 0400f870 f i libucrt:output.obj
 0001:0000e88a       ??$extract_argument_from_va_list@PAXPAX@?$standard_base@_WV?$string_output_adapter@_W@__crt_stdio_output@@@__crt_stdio_output@@IAE_NAAPAX@Z 0400f88a f i libucrt:output.obj
 0001:0000e8a4       ??$extract_argument_from_va_list@U_CRT_DOUBLE@@U1@@?$positional_parameter_base@DV?$stream_output_adapter@D@__crt_stdio_output@@@__crt_stdio_output@@IAE_NAAU_CRT_DOUBLE@@@Z 0400f8a4 f i libucrt:output.obj
 0001:0000e92a       ??$extract_argument_from_va_list@U_CRT_DOUBLE@@U1@@?$positional_parameter_base@DV?$string_output_adapter@D@__crt_stdio_output@@@__crt_stdio_output@@IAE_NAAU_CRT_DOUBLE@@@Z 0400f92a f i libucrt:output.obj
 0001:0000e9b0       ??$extract_argument_from_va_list@U_CRT_DOUBLE@@U1@@?$positional_parameter_base@_WV?$stream_output_adapter@_W@__crt_stdio_output@@@__crt_stdio_output@@IAE_NAAU_CRT_DOUBLE@@@Z 0400f9b0 f i libucrt:output.obj
 0001:0000ea36       ??$extract_argument_from_va_list@U_CRT_DOUBLE@@U1@@?$positional_parameter_base@_WV?$string_output_adapter@_W@__crt_stdio_output@@@__crt_stdio_output@@IAE_NAAU_CRT_DOUBLE@@@Z 0400fa36 f i libucrt:output.obj
 0001:0000eabc       ??$extract_argument_from_va_list@U_CRT_DOUBLE@@U1@@?$standard_base@DV?$stream_output_adapter@D@__crt_stdio_output@@@__crt_stdio_output@@IAE_NAAU_CRT_DOUBLE@@@Z 0400fabc f i libucrt:output.obj
 0001:0000eadc       ??$extract_argument_from_va_list@U_CRT_DOUBLE@@U1@@?$standard_base@DV?$string_output_adapter@D@__crt_stdio_output@@@__crt_stdio_output@@IAE_NAAU_CRT_DOUBLE@@@Z 0400fadc f i libucrt:output.obj
 0001:0000eafc       ??$extract_argument_from_va_list@U_CRT_DOUBLE@@U1@@?$standard_base@_WV?$stream_output_adapter@_W@__crt_stdio_output@@@__crt_stdio_output@@IAE_NAAU_CRT_DOUBLE@@@Z 0400fafc f i libucrt:output.obj
 0001:0000eb1c       ??$extract_argument_from_va_list@U_CRT_DOUBLE@@U1@@?$standard_base@_WV?$string_output_adapter@_W@__crt_stdio_output@@@__crt_stdio_output@@IAE_NAAU_CRT_DOUBLE@@@Z 0400fb1c f i libucrt:output.obj
 0001:0000eb3c       ??$extract_argument_from_va_list@_J_J@?$positional_parameter_base@DV?$stream_output_adapter@D@__crt_stdio_output@@@__crt_stdio_output@@IAE_NAA_J@Z 0400fb3c f i libucrt:output.obj
 0001:0000ebc2       ??$extract_argument_from_va_list@_J_J@?$positional_parameter_base@DV?$string_output_adapter@D@__crt_stdio_output@@@__crt_stdio_output@@IAE_NAA_J@Z 0400fbc2 f i libucrt:output.obj
 0001:0000ec48       ??$extract_argument_from_va_list@_J_J@?$positional_parameter_base@_WV?$stream_output_adapter@_W@__crt_stdio_output@@@__crt_stdio_output@@IAE_NAA_J@Z 0400fc48 f i libucrt:output.obj
 0001:0000ecce       ??$extract_argument_from_va_list@_J_J@?$positional_parameter_base@_WV?$string_output_adapter@_W@__crt_stdio_output@@@__crt_stdio_output@@IAE_NAA_J@Z 0400fcce f i libucrt:output.obj
 0001:0000ed54       ??$extract_argument_from_va_list@_J_J@?$standard_base@DV?$stream_output_adapter@D@__crt_stdio_output@@@__crt_stdio_output@@IAE_NAA_J@Z 0400fd54 f i libucrt:output.obj
 0001:0000ed74       ??$extract_argument_from_va_list@_J_J@?$standard_base@DV?$string_output_adapter@D@__crt_stdio_output@@@__crt_stdio_output@@IAE_NAA_J@Z 0400fd74 f i libucrt:output.obj
 0001:0000ed94       ??$extract_argument_from_va_list@_J_J@?$standard_base@_WV?$stream_output_adapter@_W@__crt_stdio_output@@@__crt_stdio_output@@IAE_NAA_J@Z 0400fd94 f i libucrt:output.obj
 0001:0000edb4       ??$extract_argument_from_va_list@_J_J@?$standard_base@_WV?$string_output_adapter@_W@__crt_stdio_output@@@__crt_stdio_output@@IAE_NAA_J@Z 0400fdb4 f i libucrt:output.obj
 0001:0000edd4       ??$extract_argument_from_va_list@_K_J@?$positional_parameter_base@DV?$stream_output_adapter@D@__crt_stdio_output@@@__crt_stdio_output@@IAE_NAA_J@Z 0400fdd4 f i libucrt:output.obj
 0001:0000ee5a       ??$extract_argument_from_va_list@_K_J@?$positional_parameter_base@DV?$string_output_adapter@D@__crt_stdio_output@@@__crt_stdio_output@@IAE_NAA_J@Z 0400fe5a f i libucrt:output.obj
 0001:0000eee0       ??$extract_argument_from_va_list@_K_J@?$positional_parameter_base@_WV?$stream_output_adapter@_W@__crt_stdio_output@@@__crt_stdio_output@@IAE_NAA_J@Z 0400fee0 f i libucrt:output.obj
 0001:0000ef66       ??$extract_argument_from_va_list@_K_J@?$positional_parameter_base@_WV?$string_output_adapter@_W@__crt_stdio_output@@@__crt_stdio_output@@IAE_NAA_J@Z 0400ff66 f i libucrt:output.obj
 0001:0000efec       ??$extract_argument_from_va_list@_K_J@?$standard_base@DV?$stream_output_adapter@D@__crt_stdio_output@@@__crt_stdio_output@@IAE_NAA_J@Z 0400ffec f i libucrt:output.obj
 0001:0000f00c       ??$extract_argument_from_va_list@_K_J@?$standard_base@DV?$string_output_adapter@D@__crt_stdio_output@@@__crt_stdio_output@@IAE_NAA_J@Z 0401000c f i libucrt:output.obj
 0001:0000f02c       ??$extract_argument_from_va_list@_K_J@?$standard_base@_WV?$stream_output_adapter@_W@__crt_stdio_output@@@__crt_stdio_output@@IAE_NAA_J@Z 0401002c f i libucrt:output.obj
 0001:0000f04c       ??$extract_argument_from_va_list@_K_J@?$standard_base@_WV?$string_output_adapter@_W@__crt_stdio_output@@@__crt_stdio_output@@IAE_NAA_J@Z 0401004c f i libucrt:output.obj
 0001:0000f06c       ??$extract_argument_from_va_list@_W_W@?$positional_parameter_base@DV?$stream_output_adapter@D@__crt_stdio_output@@@__crt_stdio_output@@IAE_NAA_W@Z 0401006c f i libucrt:output.obj
 0001:0000f0e8       ??$extract_argument_from_va_list@_W_W@?$positional_parameter_base@DV?$string_output_adapter@D@__crt_stdio_output@@@__crt_stdio_output@@IAE_NAA_W@Z 040100e8 f i libucrt:output.obj
 0001:0000f164       ??$extract_argument_from_va_list@_W_W@?$positional_parameter_base@_WV?$stream_output_adapter@_W@__crt_stdio_output@@@__crt_stdio_output@@IAE_NAA_W@Z 04010164 f i libucrt:output.obj
 0001:0000f1e0       ??$extract_argument_from_va_list@_W_W@?$positional_parameter_base@_WV?$string_output_adapter@_W@__crt_stdio_output@@@__crt_stdio_output@@IAE_NAA_W@Z 040101e0 f i libucrt:output.obj
 0001:0000f25c       ??$extract_argument_from_va_list@_W_W@?$standard_base@DV?$stream_output_adapter@D@__crt_stdio_output@@@__crt_stdio_output@@IAE_NAA_W@Z 0401025c f i libucrt:output.obj
 0001:0000f278       ??$extract_argument_from_va_list@_W_W@?$standard_base@DV?$string_output_adapter@D@__crt_stdio_output@@@__crt_stdio_output@@IAE_NAA_W@Z 04010278 f i libucrt:output.obj
 0001:0000f294       ??$extract_argument_from_va_list@_W_W@?$standard_base@_WV?$stream_output_adapter@_W@__crt_stdio_output@@@__crt_stdio_output@@IAE_NAA_W@Z 04010294 f i libucrt:output.obj
 0001:0000f2b0       ??$extract_argument_from_va_list@_W_W@?$standard_base@_WV?$string_output_adapter@_W@__crt_stdio_output@@@__crt_stdio_output@@IAE_NAA_W@Z 040102b0 f i libucrt:output.obj
 0001:0000f2cc       ??$get_parameter_type@D@?$positional_parameter_base@DV?$stream_output_adapter@D@__crt_stdio_output@@@__crt_stdio_output@@CA?AW4parameter_type@01@PAD@Z 040102cc f i libucrt:output.obj
 0001:0000f2d0       ??$get_parameter_type@D@?$positional_parameter_base@DV?$string_output_adapter@D@__crt_stdio_output@@@__crt_stdio_output@@CA?AW4parameter_type@01@PAD@Z 040102d0 f i libucrt:output.obj
 0001:0000f2d4       ??$get_parameter_type@D@?$positional_parameter_base@_WV?$stream_output_adapter@_W@__crt_stdio_output@@@__crt_stdio_output@@CA?AW4parameter_type@01@PAD@Z 040102d4 f i libucrt:output.obj
 0001:0000f2d8       ??$get_parameter_type@D@?$positional_parameter_base@_WV?$string_output_adapter@_W@__crt_stdio_output@@@__crt_stdio_output@@CA?AW4parameter_type@01@PAD@Z 040102d8 f i libucrt:output.obj
 0001:0000f2ec       ??$get_parameter_type@X@?$positional_parameter_base@DV?$stream_output_adapter@D@__crt_stdio_output@@@__crt_stdio_output@@CA?AW4parameter_type@01@PAX@Z 040102ec f i libucrt:output.obj
 0001:0000f2f0       ??$get_parameter_type@X@?$positional_parameter_base@DV?$string_output_adapter@D@__crt_stdio_output@@@__crt_stdio_output@@CA?AW4parameter_type@01@PAX@Z 040102f0 f i libucrt:output.obj
 0001:0000f2f4       ??$get_parameter_type@X@?$positional_parameter_base@_WV?$stream_output_adapter@_W@__crt_stdio_output@@@__crt_stdio_output@@CA?AW4parameter_type@01@PAX@Z 040102f4 f i libucrt:output.obj
 0001:0000f2f8       ??$get_parameter_type@X@?$positional_parameter_base@_WV?$string_output_adapter@_W@__crt_stdio_output@@@__crt_stdio_output@@CA?AW4parameter_type@01@PAX@Z 040102f8 f i libucrt:output.obj
 0001:0000f2fc       ??$is_character_specifier@D@?$positional_parameter_base@DV?$stream_output_adapter@D@__crt_stdio_output@@@__crt_stdio_output@@CA_ND@Z 040102fc f i libucrt:output.obj
 0001:0000f314       ??$is_character_specifier@D@?$positional_parameter_base@DV?$string_output_adapter@D@__crt_stdio_output@@@__crt_stdio_output@@CA_ND@Z 04010314 f i libucrt:output.obj
 0001:0000f32c       ??$is_character_specifier@_W@?$positional_parameter_base@_WV?$stream_output_adapter@_W@__crt_stdio_output@@@__crt_stdio_output@@CA_N_W@Z 0401032c f i libucrt:output.obj
 0001:0000f347       ??$is_character_specifier@_W@?$positional_parameter_base@_WV?$string_output_adapter@_W@__crt_stdio_output@@@__crt_stdio_output@@CA_N_W@Z 04010347 f i libucrt:output.obj
 0001:0000f362       ??$is_integral_specifier@D@?$positional_parameter_base@DV?$stream_output_adapter@D@__crt_stdio_output@@@__crt_stdio_output@@CA_ND@Z 04010362 f i libucrt:output.obj
 0001:0000f38e       ??$is_integral_specifier@D@?$positional_parameter_base@DV?$string_output_adapter@D@__crt_stdio_output@@@__crt_stdio_output@@CA_ND@Z 0401038e f i libucrt:output.obj
 0001:0000f3ba       ??$is_integral_specifier@_W@?$positional_parameter_base@_WV?$stream_output_adapter@_W@__crt_stdio_output@@@__crt_stdio_output@@CA_N_W@Z 040103ba f i libucrt:output.obj
 0001:0000f3f5       ??$is_integral_specifier@_W@?$positional_parameter_base@_WV?$string_output_adapter@_W@__crt_stdio_output@@@__crt_stdio_output@@CA_N_W@Z 040103f5 f i libucrt:output.obj
 0001:0000f430       ??$is_pointer_specifier@D@?$positional_parameter_base@DV?$stream_output_adapter@D@__crt_stdio_output@@@__crt_stdio_output@@CA_ND@Z 04010430 f i libucrt:output.obj
 0001:0000f43e       ??$is_pointer_specifier@D@?$positional_parameter_base@DV?$string_output_adapter@D@__crt_stdio_output@@@__crt_stdio_output@@CA_ND@Z 0401043e f i libucrt:output.obj
 0001:0000f44c       ??$is_pointer_specifier@_W@?$positional_parameter_base@_WV?$stream_output_adapter@_W@__crt_stdio_output@@@__crt_stdio_output@@CA_N_W@Z 0401044c f i libucrt:output.obj
 0001:0000f45b       ??$is_pointer_specifier@_W@?$positional_parameter_base@_WV?$string_output_adapter@_W@__crt_stdio_output@@@__crt_stdio_output@@CA_N_W@Z 0401045b f i libucrt:output.obj
 0001:0000f46a       ??$is_string_specifier@D@?$positional_parameter_base@DV?$stream_output_adapter@D@__crt_stdio_output@@@__crt_stdio_output@@CA_ND@Z 0401046a f i libucrt:output.obj
 0001:0000f482       ??$is_string_specifier@D@?$positional_parameter_base@DV?$string_output_adapter@D@__crt_stdio_output@@@__crt_stdio_output@@CA_ND@Z 04010482 f i libucrt:output.obj
 0001:0000f49a       ??$is_string_specifier@_W@?$positional_parameter_base@_WV?$stream_output_adapter@_W@__crt_stdio_output@@@__crt_stdio_output@@CA_N_W@Z 0401049a f i libucrt:output.obj
 0001:0000f4b5       ??$is_string_specifier@_W@?$positional_parameter_base@_WV?$string_output_adapter@_W@__crt_stdio_output@@@__crt_stdio_output@@CA_N_W@Z 040104b5 f i libucrt:output.obj
[...]
 0002:000084a0       __sehtable$??$?RV<lambda_b4329732a1a72698597872ef534ad66d>@@AAV<lambda_96392db5b14a27f72535a2156da24b09>@@V<lambda_0f47277b42e3e84c3311fed419af0b3c>@@@?$__crt_seh_guarded_call@H@@QAEH$$QAV<lambda_b4329732a1a72698597872ef534ad66d>@@AAV<lambda_96392db5b14a27f72535a2156da24b09>@@$$QAV<lambda_0f47277b42e3e84c3311fed419af0b3c>@@@Z 040564a0     libucrt:output.obj
 0002:000084c0       __sehtable$??$?RV<lambda_274ecf0a8038e561263518ab346655e8>@@AAV<lambda_21448eb78dd3c4a522ed7c65a98d88e6>@@V<lambda_0ca1de2171e49cefb1e8dc85c06db622>@@@?$__crt_seh_guarded_call@H@@QAEH$$QAV<lambda_274ecf0a8038e561263518ab346655e8>@@AAV<lambda_21448eb78dd3c4a522ed7c65a98d88e6>@@$$QAV<lambda_0ca1de2171e49cefb1e8dc85c06db622>@@@Z 040564c0     libucrt:input.obj
 0002:000084e0       __sehtable$??$?RV<lambda_df226acf18ffe7c576684f1d3093a96e>@@AAV<lambda_2e1cf6ed1c07646757a0128817e0c201>@@V<lambda_b939e5933951b38cfbce0ac7ba09f070>@@@?$__crt_seh_guarded_call@H@@QAEH$$QAV<lambda_df226acf18ffe7c576684f1d3093a96e>@@AAV<lambda_2e1cf6ed1c07646757a0128817e0c201>@@$$QAV<lambda_b939e5933951b38cfbce0ac7ba09f070>@@@Z 040564e0     libucrt:input.obj
 0002:00008500       __sehtable$??R<lambda_6e4b09c48022b2350581041d5f6b0c4c>@@QBE@XZ 04056500     libucrt:exit.obj
 0002:00008520       __sehtable$??$?RV<lambda_03b1d95aef87969028cfba75ccab2455>@@AAV<lambda_6e4b09c48022b2350581041d5f6b0c4c>@@V<lambda_22bdf7517842c4b3e53723af5aa32b9e>@@@?$__crt_seh_guarded_call@X@@QAEX$$QAV<lambda_03b1d95aef87969028cfba75ccab2455>@@AAV<lambda_6e4b09c48022b2350581041d5f6b0c4c>@@$$QAV<lambda_22bdf7517842c4b3e53723af5aa32b9e>@@@Z 04056520     libucrt:exit.obj
 0002:00008540       __sehtable$??$?RV<lambda_8e746cf0007f6ed984d6f78af1fec997>@@AAV<lambda_22ebabd17bc4fa466a2aca6d8deb888d>@@V<lambda_18ed0c0b38a6dc0daf1e7ac6d6adf05e>@@@?$__crt_seh_guarded_call@H@@QAEH$$QAV<lambda_8e746cf0007f6ed984d6f78af1fec997>@@AAV<lambda_22ebabd17bc4fa466a2aca6d8deb888d>@@$$QAV<lambda_18ed0c0b38a6dc0daf1e7ac6d6adf05e>@@@Z 04056540     libucrt:onexit.obj
 0002:00008560       __sehtable$??$?RV<lambda_69a2805e680e0e292e8ba93315fe43a8>@@AAV<lambda_f03950bc5685219e0bcd2087efbe011e>@@V<lambda_03fcd07e894ec930e3f35da366ca99d6>@@@?$__crt_seh_guarded_call@H@@QAEH$$QAV<lambda_69a2805e680e0e292e8ba93315fe43a8>@@AAV<lambda_f03950bc5685219e0bcd2087efbe011e>@@$$QAV<lambda_03fcd07e894ec930e3f35da366ca99d6>@@@Z 04056560     libucrt:onexit.obj
 0002:00008580       __sehtable$_terminate      04056580     libucrt:terminate.obj
 0002:000085a0       __sehtable$??$?RV<lambda_15ade71b0218206bbe3333a0c9b79046>@@AAV<lambda_da44e0f8b0f19ba52fefafb335991732>@@V<lambda_207f2d024fc103971653565357d6cd41>@@@?$__crt_seh_guarded_call@X@@QAEX$$QAV<lambda_15ade71b0218206bbe3333a0c9b79046>@@AAV<lambda_da44e0f8b0f19ba52fefafb335991732>@@$$QAV<lambda_207f2d024fc103971653565357d6cd41>@@@Z 040565a0     libucrt:per_thread_data.obj
 0002:000085c0       __sehtable$??$?RV<lambda_a7e850c220f1c8d1e6efeecdedd162c6>@@AAV<lambda_46720907175c18b6c9d2717bc0d2d362>@@V<lambda_9048902d66e8d99359bc9897bbb930a8>@@@?$__crt_seh_guarded_call@X@@QAEX$$QAV<lambda_a7e850c220f1c8d1e6efeecdedd162c6>@@AAV<lambda_46720907175c18b6c9d2717bc0d2d362>@@$$QAV<lambda_9048902d66e8d99359bc9897bbb930a8>@@@Z 040565c0     libucrt:per_thread_data.obj
 0002:000085e0       __sehtable$??$?RV<lambda_38edbb1296d33220d7e4dd0ed76b244a>@@AAV<lambda_5ce1d447e08cb34b2473517608e21441>@@V<lambda_fb385d3da700c9147fc39e65dd577a8c>@@@?$__crt_seh_guarded_call@X@@QAEX$$QAV<lambda_38edbb1296d33220d7e4dd0ed76b244a>@@AAV<lambda_5ce1d447e08cb34b2473517608e21441>@@$$QAV<lambda_fb385d3da700c9147fc39e65dd577a8c>@@@Z 040565e0     libucrt:per_thread_data.obj
 0002:00008600       __sehtable$??$?RV<lambda_6affb1475c98b40b75cdec977db92e3c>@@AAV<lambda_b8d4b9c228a6ecc3f80208dbb4b4a104>@@V<lambda_608742c3c92a14382c1684fc64f96c88>@@@?$__crt_seh_guarded_call@X@@QAEX$$QAV<lambda_6affb1475c98b40b75cdec977db92e3c>@@AAV<lambda_b8d4b9c228a6ecc3f80208dbb4b4a104>@@$$QAV<lambda_608742c3c92a14382c1684fc64f96c88>@@@Z 04056600     libucrt:per_thread_data.obj
 0002:00008620       __sehtable$__free_locale   04056620     libucrt:wsetlocale.obj
 0002:00008648       __sehtable$??$?RV<lambda_e5124f882df8998aaf41531e079ba474>@@AAV<lambda_3e16ef9562a7dcce91392c22ab16ea36>@@V<lambda_e25ca0880e6ef98be67edffd8c599615>@@@?$__crt_seh_guarded_call@X@@QAEX$$QAV<lambda_e5124f882df8998aaf41531e079ba474>@@AAV<lambda_3e16ef9562a7dcce91392c22ab16ea36>@@$$QAV<lambda_e25ca0880e6ef98be67edffd8c599615>@@@Z 04056648     libucrt:wsetlocale.obj
 0002:00008668       __sehtable$??$?RV<lambda_82aef432098b982f9ede325b418aa67a>@@AAV<lambda_862e9a3f04921db6ca1ce3faa2bf3edf>@@V<lambda_ffabc152e504b53d7492b9889b10c020>@@@?$__crt_seh_guarded_call@X@@QAEX$$QAV<lambda_82aef432098b982f9ede325b418aa67a>@@AAV<lambda_862e9a3f04921db6ca1ce3faa2bf3edf>@@$$QAV<lambda_ffabc152e504b53d7492b9889b10c020>@@@Z 04056668     libucrt:wsetlocale.obj
 0002:00008688       __sehtable$??$?RV<lambda_6673f7c4c09a5d469d0c27ae364621ce>@@AAV<lambda_ebab98244f73a74f49db879bf13fa982>@@V<lambda_be20789b7a146653eab82509ec35b419>@@@?$__crt_seh_guarded_call@X@@QAEX$$QAV<lambda_6673f7c4c09a5d469d0c27ae364621ce>@@AAV<lambda_ebab98244f73a74f49db879bf13fa982>@@$$QAV<lambda_be20789b7a146653eab82509ec35b419>@@@Z 04056688     libucrt:wsetlocale.obj
 0002:000086a8       __sehtable$??$?RV<lambda_4fdada1b837b2abbf20876fac97688ad>@@AAV<lambda_b57350f2640456a0859d250846f69caf>@@V<lambda_eed5e4f92b5b7d55fa22c48c484aaa54>@@@?$__crt_seh_guarded_call@X@@QAEX$$QAV<lambda_4fdada1b837b2abbf20876fac97688ad>@@AAV<lambda_b57350f2640456a0859d250846f69caf>@@$$QAV<lambda_eed5e4f92b5b7d55fa22c48c484aaa54>@@@Z 040566a8     libucrt:wsetlocale.obj
 0002:000086c8       __sehtable$??$?RV<lambda_135d2772fca65dc1248eeaa1b56e886a>@@AAV<lambda_2a444430fde8c29194d880d93eed5e8f>@@AAV<lambda_8dff2cf36a5417162780cd64fa2883ef>@@@?$__crt_seh_guarded_call@X@@QAEX$$QAV<lambda_135d2772fca65dc1248eeaa1b56e886a>@@AAV<lambda_2a444430fde8c29194d880d93eed5e8f>@@AAV<lambda_8dff2cf36a5417162780cd64fa2883ef>@@@Z 040566c8     libucrt:wsetlocale.obj
 0002:000086e8       __sehtable$_fputwc         040566e8     libucrt:fputwc.obj
 0002:00008708       __sehtable$_fputc          04056708     libucrt:fputc.obj
 0002:00008728       __sehtable$___acrt_initialize_lowio 04056728     libucrt:ioinit.obj
 0002:00008748       __sehtable$_fgetwc         04056748     libucrt:fgetwc.obj
 0002:00008768       __sehtable$_ungetwc        04056768     libucrt:ungetwc.obj
 0002:00008788       __sehtable$_fgetc          04056788     libucrt:fgetc.obj
 0002:000087a8       __sehtable$_ungetc         040567a8     libucrt:ungetc.obj
 0002:000087c8       __sehtable$___set_fpsr_sse2 040567c8     libucrt:fpctrl.obj
 0002:000087e8       __sehtable$?update_thread_multibyte_data_internal@@YAPAU__crt_multibyte_data@@QAU__acrt_ptd@@QAPAU1@@Z 040567e8     libucrt:mbctype.obj
 0002:00008808       __sehtable$??$?RV<lambda_ceb1ee4838e85a9d631eb091e2fbe199>@@AAV<lambda_ae742caa10f662c28703da3d2ea5e57e>@@V<lambda_cd08b5d6af4937fe54fc07d0c9bf6b37>@@@?$__crt_seh_guarded_call@X@@QAEX$$QAV<lambda_ceb1ee4838e85a9d631eb091e2fbe199>@@AAV<lambda_ae742caa10f662c28703da3d2ea5e57e>@@$$QAV<lambda_cd08b5d6af4937fe54fc07d0c9bf6b37>@@@Z 04056808     libucrt:mbctype.obj
 0002:00008828       __sehtable$??$?RV<lambda_93797fb4802c957ba6a7f08e1250235b>@@AAV<lambda_1f3ce6bd48e0aa2e72a71c02eee379d3>@@V<lambda_56cae30c9364c9b6c15aeaac05d0418e>@@@?$__crt_seh_guarded_call@H@@QAEH$$QAV<lambda_93797fb4802c957ba6a7f08e1250235b>@@AAV<lambda_1f3ce6bd48e0aa2e72a71c02eee379d3>@@$$QAV<lambda_56cae30c9364c9b6c15aeaac05d0418e>@@@Z 04056828     libucrt:winapi_thunks.obj
 0002:00008848       __sehtable$__query_new_handler 04056848     libucrt:new_handler.obj
 0002:00008868       __sehtable$__set_new_handler 04056868     libucrt:new_handler.obj
 0002:00008888       __sehtable$_signal         04056888     libucrt:signal.obj
 0002:000088a8       __sehtable$_raise          040568a8     libucrt:signal.obj
 0002:000088c8       __sehtable$?ctrlevent_capture@@YGHK@Z 040568c8     libucrt:signal.obj
 0002:000088e8       __sehtable$??$?RV<lambda_cbab9ec6f41b0180b23cc171c22676b0>@@AAV<lambda_44731a7d0e6d81c3e6aa82d741081786>@@V<lambda_4b292cb8dd18144e164572427af410ab>@@@?$__crt_seh_guarded_call@P6AXH@Z@@QAEP6AXH@Z$$QAV<lambda_cbab9ec6f41b0180b23cc171c22676b0>@@AAV<lambda_44731a7d0e6d81c3e6aa82d741081786>@@$$QAV<lambda_4b292cb8dd18144e164572427af410ab>@@@Z 040568e8     libucrt:signal.obj
 0002:00008908       __sehtable$??$?RV<lambda_2866be3712abc81a800a822484c830d8>@@AAV<lambda_39ca0ed439415581b5b15c265174cece>@@V<lambda_2b24c74d71094a6cd0cb82e44167d71b>@@@?$__crt_seh_guarded_call@X@@QAEX$$QAV<lambda_2866be3712abc81a800a822484c830d8>@@AAV<lambda_39ca0ed439415581b5b15c265174cece>@@$$QAV<lambda_2b24c74d71094a6cd0cb82e44167d71b>@@@Z 04056908     libucrt:fflush.obj
 0002:00008928       __sehtable$??$?RV<lambda_2cc53f568c5a2bb6f192f930a45d44ea>@@AAV<lambda_ab61a845afdef5b7c387490eaf3616ee>@@V<lambda_c2ffc0b7726aa6be21d5f0026187e748>@@@?$__crt_seh_guarded_call@X@@QAEX$$QAV<lambda_2cc53f568c5a2bb6f192f930a45d44ea>@@AAV<lambda_ab61a845afdef5b7c387490eaf3616ee>@@$$QAV<lambda_c2ffc0b7726aa6be21d5f0026187e748>@@@Z 04056928     libucrt:fflush.obj
 0002:00008948       __sehtable$??$?RV<lambda_6d20deecaf4856105ebacbad442d1079>@@AAV<lambda_9a32fed5bf61b6b509b2d3f6003082a1>@@V<lambda_63ea2239ed67c638ddbae41947fdf875>@@@?$__crt_seh_guarded_call@H@@QAEH$$QAV<lambda_6d20deecaf4856105ebacbad442d1079>@@AAV<lambda_9a32fed5bf61b6b509b2d3f6003082a1>@@$$QAV<lambda_63ea2239ed67c638ddbae41947fdf875>@@@Z 04056948     libucrt:fflush.obj
 0002:00008968       __sehtable$___acrt_update_thread_locale_data 04056968     libucrt:locale_refcounting.obj
 0002:00008988       __sehtable$__fcloseall     04056988     libucrt:closeall.obj
 0002:000089a8       __sehtable$__open_osfhandle 040569a8     libucrt:osfinfo.obj
 0002:000089c8       __sehtable$__alloc_osfhnd  040569c8     libucrt:osfinfo.obj
 0002:000089e8       __sehtable$___acrt_lowio_ensure_fh_exists 040569e8     libucrt:osfinfo.obj
 0002:00008a08       __sehtable$??$?RV<lambda_9e9de3de5fa147e2223d7db92bc10aa6>@@AAV<lambda_38ce7e780aa69e748d6df282ebc68efe>@@V<lambda_8ca6da459f0f6780f1cff60fdc3d00e5>@@@?$__crt_seh_guarded_call@H@@QAEH$$QAV<lambda_9e9de3de5fa147e2223d7db92bc10aa6>@@AAV<lambda_38ce7e780aa69e748d6df282ebc68efe>@@$$QAV<lambda_8ca6da459f0f6780f1cff60fdc3d00e5>@@@Z 04056a08     libucrt:commit.obj
 0002:00008a28       __sehtable$__write         04056a28     libucrt:write.obj
 0002:00008a48       __sehtable$??$common_lseek@J@@YAJHJH@Z 04056a48     libucrt:lseek.obj
 0002:00008a68       __sehtable$??$common_lseek@_J@@YA_JH_JH@Z 04056a68     libucrt:lseek.obj
 0002:00008a88       __sehtable$_fclose         04056a88     libucrt:fclose.obj
 0002:00008aa8       __sehtable$__read          04056aa8     libucrt:read.obj
 0002:00008ac8       __sehtable$??$?RV<lambda_f828341fbe69b7c0d4c527b01f22877f>@@AAV<lambda_9e0b6ab72a5b3ae37ad997d08b519f50>@@V<lambda_f01deac0a8d65d6e0411edf7e0af5775>@@@?$__crt_seh_guarded_call@G@@QAEG$$QAV<lambda_f828341fbe69b7c0d4c527b01f22877f>@@AAV<lambda_9e0b6ab72a5b3ae37ad997d08b519f50>@@$$QAV<lambda_f01deac0a8d65d6e0411edf7e0af5775>@@@Z 04056ac8     libucrt:putwch.obj
 0002:00008ae8       __sehtable$??$?RV<lambda_218ce3db14220d0be481dae8ef3383b6>@@AAV<lambda_628dfdc04ba53c8bfc02c9951375f3f5>@@V<lambda_57dc472bd5c9d5f3b2cbca59b8a843ae>@@@?$__crt_seh_guarded_call@H@@QAEH$$QAV<lambda_218ce3db14220d0be481dae8ef3383b6>@@AAV<lambda_628dfdc04ba53c8bfc02c9951375f3f5>@@$$QAV<lambda_57dc472bd5c9d5f3b2cbca59b8a843ae>@@@Z 04056ae8     libucrt:close.obj
 0002:00008b08       __sehtable$?__acrt_stdio_allocate_stream@@YA?AV__crt_stdio_stream@@XZ 04056b08     libucrt:stream.obj
 0002:00008b28       __sehtable$__IsNonwritableInCurrentImage 04056b28     LIBCMT:pesect.obj
 0002:00008b50       .edata                     04056b50     MQ2Fps.exp
 0002:00008b78       rgpv                       04056b78     MQ2Fps.exp
 0002:00008b90       rgszName                   04056b90     MQ2Fps.exp
 0002:00008ba8       rgwOrd                     04056ba8     MQ2Fps.exp
 0002:00008bb4       szName                     04056bb4     MQ2Fps.exp
 0002:00008bbf       $N00001                    04056bbf     MQ2Fps.exp
 0002:00008bd0       $N00002                    04056bd0     MQ2Fps.exp
 0002:00008be1       $N00003                    04056be1     MQ2Fps.exp
 0002:00008beb       $N00004                    04056beb     MQ2Fps.exp
 0002:00008bf3       $N00005                    04056bf3     MQ2Fps.exp
 0002:00008c00       $N00006                    04056c00     MQ2Fps.exp
 0002:00008ebe       .idata$6                   04056ebe     kernel32:KERNEL32.dll
 0002:0000903c       .idata$6                   0405703c     MQ2Main:MQ2Main.dll
 0003:00000050       ?__vcrt_flsindex@@3KA      04058050     libvcruntime:per_thread_data.obj
 0003:00000074       ?errno_no_memory@@3HA      04058074     libucrt:errno.obj
 0003:00000078       ?doserrno_no_memory@@3KA   04058078     libucrt:errno.obj
 0003:0000007c       ?__acrt_flsindex@@3KA      0405807c     libucrt:per_thread_data.obj
 0003:00000080       __ctype_loc_style          04058080     libucrt:wsetlocale.obj
 0003:00000238       ?__DAZ_ENABLED@?1??__set_fpsr_sse2@@9@9 04058238     libucrt:fpctrl.obj
 0003:00000460       __mbctypes                 04058460     libucrt:mbctype.obj
 0003:00000568       __mbcasemaps               04058568     libucrt:mbctype.obj
 0003:00000668       ?__rgctypeflag@@3PADA      04058668     libucrt:mbctype.obj
 0003:00000670       ?__rgcode_page_info@@3PAUcode_page_info@@A 04058670     libucrt:mbctype.obj
 0003:000008d0       ?__dcrt_lowio_console_output_handle@@3PAXA 040588d0     libucrt:initcon.obj
 0003:00001450       ?__proc_attached@@3HA      04059450     LIBCMT:dll_dllmain.obj
 0003:00001468       ?is_initialized_as_dll@@3_NA 04059468     LIBCMT:utility.obj
 0003:00001469       ?module_local_atexit_table_initialized@@3_NA 04059469     LIBCMT:utility.obj
 0003:0000146c       ?module_local_atexit_table@@3U_onexit_table_t@@A 0405946c     LIBCMT:utility.obj
 0003:00001478       ?module_local_at_quick_exit_table@@3U_onexit_table_t@@A 04059478     LIBCMT:utility.obj
 0003:00001490       _GS_ExceptionRecord        04059490     LIBCMT:gs_report.obj
 0003:000014e0       _GS_ContextRecord          040594e0     LIBCMT:gs_report.obj
 0003:000017d4       ?heap@@3V_HeapManager@@A   040597d4     libvcruntime:undname.obj
 0003:000017e8       ?__vcrt_startup_thread_ptd@@3U__vcrt_ptd@@A 040597e8     libvcruntime:per_thread_data.obj
 0003:00001810       ___vcrt_lock_table         04059810     libvcruntime:locks.obj
 0003:00001828       ___vcrt_locks_initialized  04059828     libvcruntime:locks.obj
 0003:0000182c       ?module_handles@@3PAPAUHINSTANCE__@@A 0405982c     libvcruntime:winapi_downlevel.obj
 0003:00001838       ?encoded_function_pointers@@3PAPAXA 04059838     libvcruntime:winapi_downlevel.obj
 0003:00001854       ?c_termination_complete@@3JA 04059854     libucrt:exit.obj
 0003:00001858       ?thread_local_exit_callback_func@@3P6GXPAXK0@ZA 04059858     libucrt:exit.obj
 0003:00001860       ?program_name@?1???$common_configure_argv@D@@YAHW4_crt_argv_mode@@@Z@4PADA 04059860     libucrt:argv_parsing.obj
 0003:00001968       ?program_name@?1???$common_configure_argv@_W@@YAHW4_crt_argv_mode@@@Z@4PA_WA 04059968     libucrt:argv_parsing.obj
 0003:00001b9c       ?__acrt_invalid_parameter_handler@@3V?$dual_state_global@P6AXPB_W00II@Z@__crt_state_management@@A 04059b9c     libucrt:invalid_parameter.obj
 0003:00001ba8       ?internal_state@?1??_mbtowc_l@@9@4U_Mbstatet@@A 04059ba8     libucrt:mbtowc.obj
 0003:00001bbc       ?enable_percent_n@@3IA     04059bbc     libucrt:printf_count_output.obj
 0003:00001dcc       ?user_matherr@@3V?$dual_state_global@P6AHPAU_exception@@@Z@__crt_state_management@@A 04059dcc     libucrt:matherr.obj
 0003:00001dd0       ?__acrt_lock_table@@3PAU_RTL_CRITICAL_SECTION@@A 04059dd0     libucrt:locks.obj
 0003:00001f20       ?__acrt_locks_initialized@@3IA 04059f20     libucrt:locks.obj
 0003:00001f24       ?state_cache@?1???$get_cached_win_policy@Ubegin_thread_init_policy_properties@?1??__acrt_get_begin_thread_init_policy@@YA?AW4begin_thread_init_policy@@XZ@@@YA?AW4begin_thread_init_policy@@W4AppPolicyThreadInitializationType@@@Z@4JA 04059f24     libucrt:win_policies.obj
 0003:00001f28       ?state_cache@?1???$get_cached_win_policy@Udeveloper_information_policy_properties@?1??__acrt_get_developer_information_policy@@YA?AW4developer_information_policy@@XZ@@@YA?AW4developer_information_policy@@W4AppPolicyShowDeveloperDiagnostic@@@Z@4JA 04059f28     libucrt:win_policies.obj
 0003:00001f2c       ?state_cache@?1???$get_cached_win_policy@Uwindowing_model_policy_properties@?1??__acrt_get_windowing_model_policy@@YA?AW4windowing_model_policy@@XZ@@@YA?AW4windowing_model_policy@@W4AppPolicyWindowingModel@@@Z@4JA 04059f2c     libucrt:win_policies.obj
 0003:00001f3c       ?fSystemSet@@3HA           04059f3c     libucrt:mbctype.obj
 0003:00001f40       ?initialized@?1??__acrt_initialize_multibyte@@9@4_NA 04059f40     libucrt:mbctype.obj
 0003:00001f60       ?module_handles@@3PAPAUHINSTANCE__@@A 04059f60     libucrt:winapi_thunks.obj
 0003:00001fb0       ?encoded_function_pointers@@3PAPAXA 04059fb0     libucrt:winapi_thunks.obj
 0003:00002038       ?static_enum_proc@?1??enum_system_locales_ex_nolock@@YAHQ6GHPA_WKJ@Z@Z@4P6GH0KJ@ZA 0405a038     libucrt:winapi_thunks.obj
 0003:00002040       ?__acrt_new_handler@@3V?$dual_state_global@P6AHI@Z@__crt_state_management@@A 0405a040     libucrt:new_handler.obj
 0003:00002044       ?console_ctrl_handler_installed@@3_NA 0405a044     libucrt:signal.obj
 0003:00002048       ?ctrlc_action@@3V?$dual_state_global@P6AXH@Z@__crt_state_management@@A 0405a048     libucrt:signal.obj
 0003:0000204c       ?ctrlbreak_action@@3V?$dual_state_global@P6AXH@Z@__crt_state_management@@A 0405a04c     libucrt:signal.obj
 0003:00002050       ?abort_action@@3V?$dual_state_global@P6AXH@Z@__crt_state_management@@A 0405a050     libucrt:signal.obj
 0003:00002054       ?term_action@@3V?$dual_state_global@P6AXH@Z@__crt_state_management@@A 0405a054     libucrt:signal.obj
 0003:00002060       ?__acrt_global_new_mode@@3V?$dual_state_global@J@__crt_state_management@@A 0405a060     libucrt:new_mode.obj
 0003:00002064       ?mbst@?1??mbrlen@@9@4U_Mbstatet@@A 0405a064     libucrt:mbrtowc.obj
 0003:0000206c       ?mbst@?1??mbrtowc@@9@4U_Mbstatet@@A 0405a06c     libucrt:mbrtowc.obj
 0003:00002074       ?mbst@?1??_mbsrtowcs_helper@@YAIPA_WPAPBDIPAU_Mbstatet@@@Z@4U2@A 0405a074     libucrt:mbrtowc.obj
 0003:0000207c       ?internal_pst@?1??__mbrtoc32_utf8@__crt_mbstring@@YAIPA_UPBDIPAU_Mbstatet@@@Z@4U3@A 0405a07c     libucrt:mbrtoc32.obj
 0003:00002084       ?__acrt_app_type@@3W4_crt_app_type@@A 0405a084     libucrt:report_runtime_error.obj
 0003:00002088       ?outmsg@?9??__acrt_report_runtime_error@@9@4PA_WA 0405a088     libucrt:report_runtime_error.obj
 0003:000026b4       __pmatherr_set             0405a6b4     libucrt:libm_error.obj
 0003:000026b8       ___acrt_error_mode         0405a6b8     libucrt:set_error_mode.obj
 0004:00000060       $R000000                   0405b060     * linker generated manifest res *

 Exports

  ordinal    name

        1    ?MQ2Version@@3MA (float MQ2Version)
        2    _InitializePlugin
               exported name: InitializePlugin
        3    _OnDrawHUD
               exported name: OnDrawHUD
        4    _OnPulse
               exported name: OnPulse
        5    _SetGameState
               exported name: SetGameState
        6    _ShutdownPlugin
               exported name: ShutdownPlugin
